 uix86

 Timestamp is 5c928d31 (Wed Mar 20 13:57:53 2019)

 Preferred load address is 40000000

 Start         Length     Name                   Class
 0001:00000000 000d8d20H .text$mn                CODE
 0001:000d8d20 000010a6H .text$x                 CODE
 0002:00000000 00000104H .CRT$XCA                DATA
 0002:00000104 00000104H .CRT$XCZ                DATA
 0002:00000208 00000104H .CRT$XIA                DATA
 0002:0000030c 00000110H .CRT$XIC                DATA
 0002:0000041c 00000104H .CRT$XIZ                DATA
 0002:00000520 00000104H .CRT$XPA                DATA
 0002:00000624 0000010cH .CRT$XPX                DATA
 0002:00000730 00000104H .CRT$XPXA               DATA
 0002:00000834 00000104H .CRT$XPZ                DATA
 0002:00000938 00000104H .CRT$XTA                DATA
 0002:00000a3c 00000104H .CRT$XTZ                DATA
 0002:00000b40 000297bcH .rdata                  DATA
 0002:0002a2fc 00000444H .rdata$r                DATA
 0002:0002a740 00000128H .rdata$sxdata           DATA
 0002:0002a868 000001a0H .rdata$zzzdbg           DATA
 0002:0002aa08 00000104H .rtc$IAA                DATA
 0002:0002ab0c 00000130H .rtc$IMZ                DATA
 0002:0002ac3c 00000104H .rtc$IZZ                DATA
 0002:0002ad40 00000104H .rtc$TAA                DATA
 0002:0002ae44 00000130H .rtc$TMZ                DATA
 0002:0002af74 00000104H .rtc$TZZ                DATA
 0002:0002b078 00000df8H .xdata$x                DATA
 0002:0002be70 00000167H .edata                  DATA
 0003:00000000 00005d18H .data                   DATA
 0003:00005d18 00000248H .data$r                 DATA
 0003:00005f60 0024bb8cH .bss                    DATA
 0004:00000000 000001d0H .idata$5                DATA
 0004:000001d0 00000014H .idata$2                DATA
 0004:000001e4 00000014H .idata$3                DATA
 0004:000001f8 000001d0H .idata$4                DATA
 0004:000003c8 0000083cH .idata$6                DATA
 0005:00000000 00000208H .gfids$x                DATA
 0005:00000208 000001d4H .gfids$y                DATA
 0006:00000000 00000104H .00cfg                  DATA
 0007:00000000 00000170H .rsrc$01                DATA
 0007:00000170 000002ccH .rsrc$02                DATA

  Address         Publics by Value              Rva+Base       Lib:Object

 0000:00000000       ___guard_longjmp_count     00000000     <absolute>
 0000:00000000       ___guard_iat_table         00000000     <absolute>
 0000:00000000       ___guard_longjmp_table     00000000     <absolute>
 0000:00000000       ___dynamic_value_reloc_table 00000000     <absolute>
 0000:00000000       ___guard_iat_count         00000000     <absolute>
 0000:00000000       ___guard_fids_table        00000000     <absolute>
 0000:00000000       ___guard_fids_count        00000000     <absolute>
 0000:00000000       __except_list              00000000     <absolute>
 0000:00000008       ___safe_se_handler_count   00000008     <absolute>
 0000:00000100       ___guard_flags             00000100     <absolute>
 0000:00000000       ___ImageBase               40000000     <linker-defined>
 0001:00007670       __atof                     40008670 f   bg_lib.obj
 0001:000079e0       _atof                      400089e0 f   bg_lib.obj
 0001:00007d80       _memmove                   40008d80 f   bg_lib.obj
 0001:00007e30       _qsort                     40008e30 f   bg_lib.obj
 0001:00008580       _rand                      40009580 f   bg_lib.obj
 0001:000085e0       _srand                     400095e0 f   bg_lib.obj
 0001:00008620       _strcat                    40009620 f   bg_lib.obj
 0001:000086b0       _strchr                    400096b0 f   bg_lib.obj
 0001:00008710       _strcmp                    40009710 f   bg_lib.obj
 0001:000087a0       _strcpy                    400097a0 f   bg_lib.obj
 0001:00008820       _strlen                    40009820 f   bg_lib.obj
 0001:00008880       _strstr                    40009880 f   bg_lib.obj
 0001:00008a30       _tan                       40009a30 f   bg_lib.obj
 0001:00008af0       _BG_AddPredictableEventToPlayerstate 40009af0 f   bg_misc.obj
 0001:00008c50       _BG_AkimboFireSequence     40009c50 f   bg_misc.obj
 0001:00008cc0       _BG_CanItemBeGrabbed       40009cc0 f   bg_misc.obj
 0001:00009170       _BG_EvaluateTrajectory     4000a170 f   bg_misc.obj
 0001:00009fd0       _BG_EvaluateTrajectoryDelta 4000afd0 f   bg_misc.obj
 0001:0000a850       _BG_FindAmmoForWeapon      4000b850 f   bg_misc.obj
 0001:0000a970       _BG_FindClipForWeapon      4000b970 f   bg_misc.obj
 0001:0000aa90       _BG_FindItem               4000ba90 f   bg_misc.obj
 0001:0000ab20       _BG_FindItem2              4000bb20 f   bg_misc.obj
 0001:0000abf0       _BG_FindItemForAmmo        4000bbf0 f   bg_misc.obj
 0001:0000aca0       _BG_FindItemForHoldable    4000bca0 f   bg_misc.obj
 0001:0000ad30       _BG_FindItemForKey         4000bd30 f   bg_misc.obj
 0001:0000ae00       _BG_FindItemForPowerup     4000be00 f   bg_misc.obj
 0001:0000aea0       _BG_FindItemForWeapon      4000bea0 f   bg_misc.obj
 0001:0000afe0       _BG_GetMarkDir             4000bfe0 f   bg_misc.obj
 0001:0000b430       _BG_PlayerStateToEntityState 4000c430 f   bg_misc.obj
 0001:0000bac0       _BG_PlayerStateToEntityStateExtraPolate 4000cac0 f   bg_misc.obj
 0001:0000c180       _BG_PlayerTouchesItem      4000d180 f   bg_misc.obj
 0001:0000c380       _isClipOnly                4000d380 f   bg_misc.obj
 0001:0000c420       _AddPointToBounds          4000d420 f   q_math.obj
 0001:0000c610       _AngleDelta                4000d610 f   q_math.obj
 0001:0000c670       _AngleMod                  4000d670 f   q_math.obj
 0001:0000c6e0       _AngleNormalize180         4000d6e0 f   q_math.obj
 0001:0000c770       _AngleNormalize360         4000d770 f   q_math.obj
 0001:0000c7e0       _AngleSubtract             4000d7e0 f   q_math.obj
 0001:0000c880       _AngleVectors              4000d880 f   q_math.obj
 0001:0000cc70       _AnglesSubtract            4000dc70 f   q_math.obj
 0001:0000cdb0       _AnglesToAxis              4000ddb0 f   q_math.obj
 0001:0000cf50       _AxisClear                 4000df50 f   q_math.obj
 0001:0000d0c0       _AxisCopy                  4000e0c0 f   q_math.obj
 0001:0000d2d0       _AxisToAngles              4000e2d0 f   q_math.obj
 0001:0000d660       _BoxOnPlaneSide            4000e660 f   q_math.obj
 0001:0000d930       _ByteToDir                 4000e930 f   q_math.obj
 0001:0000da60       _ClampChar                 4000ea60 f   q_math.obj
 0001:0000dab0       _ClampShort                4000eab0 f   q_math.obj
 0001:0000db10       _ClearBounds               4000eb10 f   q_math.obj
 0001:0000dbf0       _ColorBytes3               4000ebf0 f   q_math.obj
 0001:0000dcc0       _ColorBytes4               4000ecc0 f   q_math.obj
 0001:0000ddc0       _CrossProduct              4000edc0 f   q_math.obj
 0001:0000df30       _DirToByte                 4000ef30 f   q_math.obj
 0001:0000e070       _Distance                  4000f070 f   q_math.obj
 0001:0000e1d0       _DistanceSquared           4000f1d0 f   q_math.obj
 0001:0000e390       _GetPerpendicularViewVector 4000f390 f   q_math.obj
 0001:0000e600       _LerpAngle                 4000f600 f   q_math.obj
 0001:0000e6c0       _MakeNormalVectors         4000f6c0 f   q_math.obj
 0001:0000e920       _MatrixMultiply            4000f920 f   q_math.obj
 0001:0000f0e0       _NormalizeColor            400100e0 f   q_math.obj
 0001:0000f280       _PerpendicularVector       40010280 f   q_math.obj
 0001:0000f440       _PlaneFromPoints           40010440 f   q_math.obj
 0001:0000f740       _ProjectPointOnPlane       40010740 f   q_math.obj
 0001:0000fa30       _ProjectPointOntoVector    40010a30 f   q_math.obj
 0001:0000fe70       _Q_crandom                 40010e70 f   q_math.obj
 0001:0000ff00       _Q_fabs                    40010f00 f   q_math.obj
 0001:0000ff50       _Q_log2                    40010f50 f   q_math.obj
 0001:0000ffb0       _Q_rand                    40010fb0 f   q_math.obj
 0001:00010000       _Q_random                  40011000 f   q_math.obj
 0001:00010080       _Q_rsqrt                   40011080 f   q_math.obj
 0001:00010140       _RadiusFromBounds          40011140 f   q_math.obj
 0001:000102a0       _RotateAroundDirection     400112a0 f   q_math.obj
 0001:00010460       _RotatePointAroundVector   40011460 f   q_math.obj
 0001:00010c40       _SetPlaneSignbits          40011c40 f   q_math.obj
 0001:00010cd0       _Vector4Scale              40011cd0 f   q_math.obj
 0001:00010dc0       _VectorCompare             40011dc0 f   q_math.obj
 0001:00010e90       _VectorDistance            40011e90 f   q_math.obj
 0001:00010ff0       _VectorInverse             40011ff0 f   q_math.obj
 0001:000110b0       _VectorLength              400120b0 f   q_math.obj
 0001:000111a0       _VectorLengthSquared       400121a0 f   q_math.obj
 0001:00011260       _VectorNormalize           40012260 f   q_math.obj
 0001:00011400       _VectorNormalize2          40012400 f   q_math.obj
 0001:000115f0       _VectorNormalizeFast       400125f0 f   q_math.obj
 0001:00011750       _VectorRotate              40012750 f   q_math.obj
 0001:00011990       __DotProduct               40012990 f   q_math.obj
 0001:00011a50       __VectorAdd                40012a50 f   q_math.obj
 0001:00011b30       __VectorCopy               40012b30 f   q_math.obj
 0001:00011bd0       __VectorMA                 40012bd0 f   q_math.obj
 0001:00011cd0       __VectorScale              40012cd0 f   q_math.obj
 0001:00011d90       __VectorSubtract           40012d90 f   q_math.obj
 0001:00011e70       _vectoangles               40012e70 f   q_math.obj
 0001:000121a0       _vectoyaw                  400131a0 f   q_math.obj
 0001:00012340       _BigFloat                  40013340 f   q_shared.obj
 0001:000123b0       _BigLong                   400133b0 f   q_shared.obj
 0001:00012410       _BigLong64                 40013410 f   q_shared.obj
 0001:00012470       _BigShort                  40013470 f   q_shared.obj
 0001:000124d0       _COM_BeginParseSession     400134d0 f   q_shared.obj
 0001:00012540       _COM_BitCheck              40013540 f   q_shared.obj
 0001:000125e0       _COM_BitClear              400135e0 f   q_shared.obj
 0001:00012660       _COM_BitSet                40013660 f   q_shared.obj
 0001:000126e0       _COM_Compress              400136e0 f   q_shared.obj
 0001:000128f0       _COM_DefaultExtension      400138f0 f   q_shared.obj
 0001:00012a10       _COM_GetCurrentParseLine   40013a10 f   q_shared.obj
 0001:00012a50       _COM_MatchToken            40013a50 f   q_shared.obj
 0001:00012ae0       _COM_Parse                 40013ae0 f   q_shared.obj
 0001:00012b30       _COM_ParseError            40013b30 f   q_shared.obj
 0001:00012bc0       _COM_ParseExt              40013bc0 f   q_shared.obj
 0001:00012fb0       _COM_ParseWarning          40013fb0 f   q_shared.obj
 0001:00013040       _COM_RestoreParseSession   40014040 f   q_shared.obj
 0001:00013090       _COM_SetCurrentParseLine   40014090 f   q_shared.obj
 0001:000130d0       _COM_SkipPath              400140d0 f   q_shared.obj
 0001:00013140       _COM_StripExtension        40014140 f   q_shared.obj
 0001:000131c0       _COM_StripFilename         400141c0 f   q_shared.obj
 0001:00013240       _Com_Clamp                 40014240 f   q_shared.obj
 0001:000132a0       _Com_sprintf               400142a0 f   q_shared.obj
 0001:000133d0       _FloatNoSwap               400143d0 f   q_shared.obj
 0001:00013410       _FloatSwap                 40014410 f   q_shared.obj
 0001:00013520       _Info_NextPair             40014520 f   q_shared.obj
 0001:00013660       _Info_RemoveKey            40014660 f   q_shared.obj
 0001:000138c0       _Info_RemoveKey_Big        400148c0 f   q_shared.obj
 0001:00013b20       _Info_SetValueForKey       40014b20 f   q_shared.obj
 0001:00013d60       _Info_SetValueForKey_Big   40014d60 f   q_shared.obj
 0001:00013fa0       _Info_Validate             40014fa0 f   q_shared.obj
 0001:00014020       _Info_ValueForKey          40015020 f   q_shared.obj
 0001:00014280       _LittleFloat               40015280 f   q_shared.obj
 0001:000142f0       _LittleLong                400152f0 f   q_shared.obj
 0001:00014350       _LittleLong64              40015350 f   q_shared.obj
 0001:000143b0       _LittleShort               400153b0 f   q_shared.obj
 0001:00014410       _Long64NoSwap              40015410 f   q_shared.obj
 0001:00014450       _Long64Swap                40015450 f   q_shared.obj
 0001:00014500       _LongNoSwap                40015500 f   q_shared.obj
 0001:00014540       _LongSwap                  40015540 f   q_shared.obj
 0001:000145e0       _Parse1DMatrix             400155e0 f   q_shared.obj
 0001:000146a0       _Parse2DMatrix             400156a0 f   q_shared.obj
 0001:00014760       _Parse3DMatrix             40015760 f   q_shared.obj
 0001:00014820       _Q_CleanStr                40015820 f   q_shared.obj
 0001:000148f0       _Q_PrintStrlen             400158f0 f   q_shared.obj
 0001:000149b0       _Q_isalpha                 400159b0 f   q_shared.obj
 0001:00014a10       _Q_isalphanumeric          40015a10 f   q_shared.obj
 0001:00014a90       _Q_isforfilename           40015a90 f   q_shared.obj
 0001:00014b00       _Q_islower                 40015b00 f   q_shared.obj
 0001:00014b50       _Q_isnumeric               40015b50 f   q_shared.obj
 0001:00014ba0       _Q_isprint                 40015ba0 f   q_shared.obj
 0001:00014bf0       _Q_isupper                 40015bf0 f   q_shared.obj
 0001:00014c40       _Q_strcasecmp              40015c40 f   q_shared.obj
 0001:00014ca0       _Q_strcat                  40015ca0 f   q_shared.obj
 0001:00014d30       _Q_stricmp                 40015d30 f   q_shared.obj
 0001:00014dc0       _Q_stricmpn                40015dc0 f   q_shared.obj
 0001:00014ef0       _Q_strlwr                  40015ef0 f   q_shared.obj
 0001:00014f70       _Q_strncasecmp             40015f70 f   q_shared.obj
 0001:00015070       _Q_strncmp                 40016070 f   q_shared.obj
 0001:00015140       _Q_strncpyz                40016140 f   q_shared.obj
 0001:000151e0       _Q_strrchr                 400161e0 f   q_shared.obj
 0001:00015270       _Q_strupr                  40016270 f   q_shared.obj
 0001:000152f0       _ShortNoSwap               400162f0 f   q_shared.obj
 0001:00015330       _ShortSwap                 40016330 f   q_shared.obj
 0001:00015390       _SkipBracedSection         40016390 f   q_shared.obj
 0001:00015460       _SkipRestOfLine            40016460 f   q_shared.obj
 0001:00015520       _SkipWhitespace            40016520 f   q_shared.obj
 0001:000155b0       _Swap_Init                 400165b0 f   q_shared.obj
 0001:00015700       ___local_stdio_printf_options 40016700 f i q_shared.obj
 0001:00015740       __vsnprintf_l              40016740 f i q_shared.obj
 0001:000157f0       _tv                        400167f0 f   q_shared.obj
 0001:000158a0       _va                        400168a0 f   q_shared.obj
 0001:000159b0       _vsprintf                  400169b0 f i q_shared.obj
 0001:00015a10       _Com_Error                 40016a10 f   ui_atoms.obj
 0001:00015af0       _Com_Printf                40016af0 f   ui_atoms.obj
 0001:00015bd0       _UI_AdjustFrom640          40016bd0 f   ui_atoms.obj
 0001:00015c70       _UI_Argv                   40016c70 f   ui_atoms.obj
 0001:00015d50       _UI_ClampCvar              40016d50 f   ui_atoms.obj
 0001:00015db0       _UI_ClearScores            40016db0 f   ui_atoms.obj
 0001:00015de0       _UI_ConsoleCommand         40016de0 f   ui_atoms.obj
 0001:00016070       _UI_CursorInRect           40017070 f   ui_atoms.obj
 0001:000160f0       _UI_Cvar_VariableString    400170f0 f   ui_atoms.obj
 0001:00016150       _UI_DrawHandlePic          40017150 f   ui_atoms.obj
 0001:000162e0       _UI_DrawNamedPic           400172e0 f   ui_atoms.obj
 0001:000163d0       _UI_DrawRect               400173d0 f   ui_atoms.obj
 0001:000164b0       _UI_DrawSides              400174b0 f   ui_atoms.obj
 0001:00016610       _UI_DrawTextBox            40017610 f   ui_atoms.obj
 0001:00016720       _UI_DrawTopBottom          40017720 f   ui_atoms.obj
 0001:00016880       _UI_FillRect               40017880 f   ui_atoms.obj
 0001:00016970       _UI_LoadBestScores         40017970 f   ui_atoms.obj
 0001:000169a0       _UI_SetColor               400179a0 f   ui_atoms.obj
 0001:000169f0       _UI_Shutdown               400179f0 f   ui_atoms.obj
 0001:00016a20       _UI_StartDemoLoop          40017a20 f   ui_atoms.obj
 0001:00016a80       _UI_UpdateScreen           40017a80 f   ui_atoms.obj
 0001:00016ad0       _UI_GetBotInfoByName       40017ad0 f   ui_gameinfo.obj
 0001:00016b90       _UI_GetBotInfoByNumber     40017b90 f   ui_gameinfo.obj
 0001:00016c20       _UI_GetBotNameByNumber     40017c20 f   ui_gameinfo.obj
 0001:00016ca0       _UI_GetNumBots             40017ca0 f   ui_gameinfo.obj
 0001:00016ce0       _UI_LoadArenas             40017ce0 f   ui_gameinfo.obj
 0001:000173b0       _UI_LoadBots               400183b0 f   ui_gameinfo.obj
 0001:000177f0       _UI_ParseInfos             400187f0 f   ui_gameinfo.obj
 0001:00017b10       _AssetCache                40018b10 f   ui_main.obj
 0001:00017d70       _Asset_Parse               40018d70 f   ui_main.obj
 0001:000185a0       _Font_Report               400195a0 f   ui_main.obj
 0001:000188d0       _GetMenuBuffer             400198d0 f   ui_main.obj
 0001:00018a40       _Load_Menu                 40019a40 f   ui_main.obj
 0001:00018ed0       _Text_Height               40019ed0 f   ui_main.obj
 0001:000190c0       _Text_Paint                4001a0c0 f   ui_main.obj
 0001:000195d0       _Text_PaintCenter          4001a5d0 f   ui_main.obj
 0001:000196a0       _Text_PaintChar            4001a6a0 f   ui_main.obj
 0001:000197f0       _Text_PaintWithCursor      4001a7f0 f   ui_main.obj
 0001:00019f00       _Text_Width                4001af00 f   ui_main.obj
 0001:0001c6e0       _UI_DrawCenteredPic        4001d6e0 f   ui_main.obj
 0001:0001cc60       _UI_DrawConnectScreen      4001dc60 f   ui_main.obj
 0001:000224f0       _UI_FilledBar              400234f0 f   ui_main.obj
 0001:00023650       _UI_Load                   40024650 f   ui_main.obj
 0001:00023a40       _UI_LoadMenus              40024a40 f   ui_main.obj
 0001:00024050       _UI_LoadNonIngame          40025050 f   ui_main.obj
 0001:000264f0       _UI_ParseMenu              400274f0 f   ui_main.obj
 0001:000266a0       _UI_ParseSavegame          400276a0 f   ui_main.obj
 0001:00027140       _UI_RegisterCvars          40028140 f   ui_main.obj
 0001:000272b0       _UI_Report                 400282b0 f   ui_main.obj
 0001:00029f60       _UI_SavegameSort           4002af60 f   ui_main.obj
 0001:0002a540       _UI_ServersSort            4002b540 f   ui_main.obj
 0001:0002a6d0       _UI_ShowPostGame           4002b6d0 f   ui_main.obj
 0001:0002bfa0       _UI_UpdateCvars            4002cfa0 f   ui_main.obj
 0001:0002c1b0       _WM_ActivateLimboChat      4002d1b0 f   ui_main.obj
 0001:0002c4d0       _WM_GetSpawnPoints         4002d4d0 f   ui_main.obj
 0001:0002c6b0       _WM_HideItems              4002d6b0 f   ui_main.obj
 0001:0002c790       _WM_LimboChat              4002d790 f   ui_main.obj
 0001:0002c890       _WM_PickItem               4002d890 f   ui_main.obj
 0001:0002cd40       _WM_getWeaponAnim          4002dd40 f   ui_main.obj
 0001:0002ce10       _WM_getWeaponIndex         4002de10 f   ui_main.obj
 0001:0002cec0       __UI_DrawRect              4002dec0 f   ui_main.obj
 0001:0002cfc0       __UI_DrawSides             4002dfc0 f   ui_main.obj
 0001:0002d130       __UI_DrawTopBottom         4002e130 f   ui_main.obj
 0001:0002d2a0       __UI_GetActiveMenu         4002e2a0 f   ui_main.obj
 0001:0002d2e0       __UI_Init                  4002e2e0 f   ui_main.obj
 0001:0002d8e0       __UI_IsFullscreen          4002e8e0 f   ui_main.obj
 0001:0002d930       __UI_KeyEvent              4002e930 f   ui_main.obj
 0001:0002da00       __UI_MouseEvent            4002ea00 f   ui_main.obj
 0001:0002daf0       __UI_Refresh               4002eaf0 f   ui_main.obj
 0001:0002dcc0       __UI_SetActiveMenu         4002ecc0 f   ui_main.obj
 0001:0002e2d0       __UI_Shutdown              4002f2d0 f   ui_main.obj
 0001:0002e410       _vmMain                    4002f410 f   ui_main.obj
 0001:0002f1b0       _UI_DrawPlayer             400301b0 f   ui_players.obj
 0001:000304e0       _UI_MachinegunSpinAngle    400314e0 f   ui_players.obj
 0001:000313a0       _UI_PlayerInfo_SetInfo     400323a0 f   ui_players.obj
 0001:000318e0       _UI_PlayerInfo_SetModel    400328e0 f   ui_players.obj
 0001:00032300       _UI_RegisterClientModelname 40033300 f   ui_players.obj
 0001:00032dd0       _Script_SetColor           40033dd0 f   ui_shared.obj
 0001:00032f80       _Script_SetAsset           40033f80 f   ui_shared.obj
 0001:00033010       _Script_SetBackground      40034010 f   ui_shared.obj
 0001:000330d0       _Script_SetTeamColor       400340d0 f   ui_shared.obj
 0001:000331d0       _Script_SetItemColor       400341d0 f   ui_shared.obj
 0001:00033440       _MenuParse_font            40034440 f   ui_shared.obj
 0001:00033510       _MenuParse_name            40034510 f   ui_shared.obj
 0001:000335a0       _MenuParse_fullscreen      400345a0 f   ui_shared.obj
 0001:00033610       _MenuParse_rect            40034610 f   ui_shared.obj
 0001:00033680       _MenuParse_style           40034680 f   ui_shared.obj
 0001:000336f0       _Script_Show               400346f0 f   ui_shared.obj
 0001:000337a0       _MenuParse_visible         400347a0 f   ui_shared.obj
 0001:00033860       _Script_Hide               40034860 f   ui_shared.obj
 0001:00033910       _MenuParse_onOpen          40034910 f   ui_shared.obj
 0001:00033980       _Script_FadeIn             40034980 f   ui_shared.obj
 0001:00033a30       _MenuParse_onClose         40034a30 f   ui_shared.obj
 0001:00033aa0       _Script_FadeOut            40034aa0 f   ui_shared.obj
 0001:00033b50       _MenuParse_onESC           40034b50 f   ui_shared.obj
 0001:00033bc0       _Script_Open               40034bc0 f   ui_shared.obj
 0001:00033c60       _MenuParse_onROQDone       40034c60 f   ui_shared.obj
 0001:00033cd0       _Script_Close              40034cd0 f   ui_shared.obj
 0001:00033d70       _ItemParse_name            40034d70 f   ui_shared.obj
 0001:00033de0       _MenuParse_border          40034de0 f   ui_shared.obj
 0001:00033e50       _Script_Clipboard          40034e50 f   ui_shared.obj
 0001:00033f30       _ItemParse_focusSound      40034f30 f   ui_shared.obj
 0001:00034000       _MenuParse_borderSize      40035000 f   ui_shared.obj
 0001:00034070       _Script_NotebookShowpage   40035070 f   ui_shared.obj
 0001:000343f0       _ItemParse_text            400353f0 f   ui_shared.obj
 0001:00034460       _MenuParse_backcolor       40035460 f   ui_shared.obj
 0001:00034540       _ItemParse_textfile        40035540 f   ui_shared.obj
 0001:00034640       _ItemParse_textsavegame    40035640 f   ui_shared.obj
 0001:000346a0       _MenuParse_forecolor       400356a0 f   ui_shared.obj
 0001:00034790       _ItemParse_group           40035790 f   ui_shared.obj
 0001:00034800       _ItemParse_asset_model     40035800 f   ui_shared.obj
 0001:00034900       _MenuParse_bordercolor     40035900 f   ui_shared.obj
 0001:000349e0       _ItemParse_asset_shader    400359e0 f   ui_shared.obj
 0001:00034ab0       _MenuParse_focuscolor      40035ab0 f   ui_shared.obj
 0001:00034b90       _ItemParse_model_origin    40035b90 f   ui_shared.obj
 0001:00034c70       _MenuParse_disablecolor    40035c70 f   ui_shared.obj
 0001:00034d50       _Script_Transition         40035d50 f   ui_shared.obj
 0001:00034f40       _ItemParse_model_fovx      40035f40 f   ui_shared.obj
 0001:00034fd0       _ItemParse_model_fovy      40035fd0 f   ui_shared.obj
 0001:00035060       _MenuParse_outlinecolor    40036060 f   ui_shared.obj
 0001:000350d0       _ItemParse_model_rotation  400360d0 f   ui_shared.obj
 0001:00035160       _MenuParse_background      40036160 f   ui_shared.obj
 0001:00035230       _ItemParse_model_angle     40036230 f   ui_shared.obj
 0001:000352b0       _MenuParse_cinematic       400362b0 f   ui_shared.obj
 0001:00035320       _Script_Orbit              40036320 f   ui_shared.obj
 0001:00035500       _ItemParse_model_animplay  40036500 f   ui_shared.obj
 0001:00035640       _MenuParse_ownerdrawFlag   40036640 f   ui_shared.obj
 0001:00035700       _Script_SetFocus           40036700 f   ui_shared.obj
 0001:00035880       _ItemParse_rect            40036880 f   ui_shared.obj
 0001:000358f0       _MenuParse_ownerdraw       400368f0 f   ui_shared.obj
 0001:00035960       _ItemParse_style           40036960 f   ui_shared.obj
 0001:000359d0       _Script_SetPlayerModel     400369d0 f   ui_shared.obj
 0001:00035a90       _MenuParse_popup           40036a90 f   ui_shared.obj
 0001:00035af0       _ItemParse_decoration      40036af0 f   ui_shared.obj
 0001:00035b40       _MenuParse_outOfBounds     40036b40 f   ui_shared.obj
 0001:00035ba0       _Script_SetPlayerHead      40036ba0 f   ui_shared.obj
 0001:00035c60       _ItemParse_notselectable   40036c60 f   ui_shared.obj
 0001:00035cf0       _MenuParse_soundLoop       40036cf0 f   ui_shared.obj
 0001:00035d60       _Script_SetCvar            40036d60 f   ui_shared.obj
 0001:00035e50       _ItemParse_wrapped         40036e50 f   ui_shared.obj
 0001:00035ea0       _MenuParse_fadeClamp       40036ea0 f   ui_shared.obj
 0001:00035f10       _ItemParse_autowrapped     40036f10 f   ui_shared.obj
 0001:00035f60       _Script_Exec               40036f60 f   ui_shared.obj
 0001:00036030       _ItemParse_horizontalscroll 40037030 f   ui_shared.obj
 0001:00036080       _MenuParse_fadeAmount      40037080 f   ui_shared.obj
 0001:000360f0       _Script_Play               400370f0 f   ui_shared.obj
 0001:000361d0       _ItemParse_type            400371d0 f   ui_shared.obj
 0001:00036250       _MenuParse_fadeCycle       40037250 f   ui_shared.obj
 0001:000362c0       _Script_playLooped         400372c0 f   ui_shared.obj
 0001:00036380       _ItemParse_elementwidth    40037380 f   ui_shared.obj
 0001:00036410       _Script_AddListItem        40037410 f   ui_shared.obj
 0001:000365a0       _MenuParse_itemDef         400375a0 f   ui_shared.obj
 0001:000366f0       _ItemParse_elementheight   400376f0 f   ui_shared.obj
 0001:00036780       _MenuParse_execKey         40037780 f   ui_shared.obj
 0001:00036860       _ItemParse_feeder          40037860 f   ui_shared.obj
 0001:000368d0       _ItemParse_elementtype     400378d0 f   ui_shared.obj
 0001:00036970       _MenuParse_execKeyInt      40037970 f   ui_shared.obj
 0001:00036a40       _ItemParse_columns         40037a40 f   ui_shared.obj
 0001:00036c20       _ItemParse_border          40037c20 f   ui_shared.obj
 0001:00036c90       _ItemParse_bordersize      40037c90 f   ui_shared.obj
 0001:00036d00       _ItemParse_visible         40037d00 f   ui_shared.obj
 0001:00036dc0       _ItemParse_ownerdraw       40037dc0 f   ui_shared.obj
 0001:00036e40       _ItemParse_align           40037e40 f   ui_shared.obj
 0001:00036eb0       _ItemParse_textalign       40037eb0 f   ui_shared.obj
 0001:00036f20       _ItemParse_textalignx      40037f20 f   ui_shared.obj
 0001:00036f90       _ItemParse_textaligny      40037f90 f   ui_shared.obj
 0001:00037000       _ItemParse_textscale       40038000 f   ui_shared.obj
 0001:00037070       _ItemParse_textstyle       40038070 f   ui_shared.obj
 0001:000370e0       _ItemParse_textfont        400380e0 f   ui_shared.obj
 0001:00037150       _ItemParse_backcolor       40038150 f   ui_shared.obj
 0001:00037220       _ItemParse_forecolor       40038220 f   ui_shared.obj
 0001:00037310       _ItemParse_bordercolor     40038310 f   ui_shared.obj
 0001:000373e0       _ItemParse_outlinecolor    400383e0 f   ui_shared.obj
 0001:00037450       _ItemParse_background      40038450 f   ui_shared.obj
 0001:00037520       _ItemParse_cinematic       40038520 f   ui_shared.obj
 0001:00037590       _ItemParse_doubleClick     40038590 f   ui_shared.obj
 0001:00037630       _ItemParse_onFocus         40038630 f   ui_shared.obj
 0001:000376a0       _ItemParse_leaveFocus      400386a0 f   ui_shared.obj
 0001:00037710       _ItemParse_mouseEnter      40038710 f   ui_shared.obj
 0001:00037780       _ItemParse_mouseExit       40038780 f   ui_shared.obj
 0001:000377f0       _ItemParse_mouseEnterText  400387f0 f   ui_shared.obj
 0001:00037860       _ItemParse_mouseExitText   40038860 f   ui_shared.obj
 0001:000378d0       _ItemParse_action          400388d0 f   ui_shared.obj
 0001:00037940       _ItemParse_accept          40038940 f   ui_shared.obj
 0001:000379b0       _ItemParse_special         400389b0 f   ui_shared.obj
 0001:00037a20       _ItemParse_cvarTest        40038a20 f   ui_shared.obj
 0001:00037a90       _ItemParse_cvar            40038a90 f   ui_shared.obj
 0001:00037b60       _ItemParse_maxChars        40038b60 f   ui_shared.obj
 0001:00037c40       _ItemParse_maxPaintChars   40038c40 f   ui_shared.obj
 0001:00037d20       _ItemParse_cvarFloat       40038d20 f   ui_shared.obj
 0001:00037e10       _ItemParse_cvarStrList     40038e10 f   ui_shared.obj
 0001:000380d0       _ItemParse_cvarFloatList   400390d0 f   ui_shared.obj
 0001:00038360       _ItemParse_addColorRangeRel 40039360 f   ui_shared.obj
 0001:000383c0       _ItemParse_addColorRange   400393c0 f   ui_shared.obj
 0001:00038420       _ItemParse_ownerdrawFlag   40039420 f   ui_shared.obj
 0001:000384d0       _ItemParse_enableCvar      400394d0 f   ui_shared.obj
 0001:00038550       _ItemParse_disableCvar     40039550 f   ui_shared.obj
 0001:000385d0       _ItemParse_showCvar        400395d0 f   ui_shared.obj
 0001:00038650       _ItemParse_hideCvar        40039650 f   ui_shared.obj
 0001:000386d0       _AdjustFrom640             400396d0 f   ui_shared.obj
 0001:00038790       _BindingFromName           40039790 f   ui_shared.obj
 0001:00038950       _BindingIDFromName         40039950 f   ui_shared.obj
 0001:000389f0       _Color_Parse               400399f0 f   ui_shared.obj
 0001:00038ac0       _Controls_GetConfig        40039ac0 f   ui_shared.obj
 0001:00038d40       _Controls_SetConfig        40039d40 f   ui_shared.obj
 0001:00038e70       _Controls_SetDefaults      40039e70 f   ui_shared.obj
 0001:00038f00       _Display_CacheAll          40039f00 f   ui_shared.obj
 0001:00038f80       _Display_CaptureItem       40039f80 f   ui_shared.obj
 0001:000390c0       _Display_CursorType        4003a0c0 f   ui_shared.obj
 0001:00039220       _Display_GetContext        4003a220 f   ui_shared.obj
 0001:00039260       _Display_HandleKey         4003a260 f   ui_shared.obj
 0001:000392f0       _Display_KeyBindPending    4003a2f0 f   ui_shared.obj
 0001:00039330       _Display_MouseMove         4003a330 f   ui_shared.obj
 0001:00039490       _Display_VisibleMenuCount  4003a490 f   ui_shared.obj
 0001:00039520       _Fade                      4003a520 f   ui_shared.obj
 0001:00039640       _Float_Parse               4003a640 f   ui_shared.obj
 0001:000396e0       _GradientBar_Paint         4003a6e0 f   ui_shared.obj
 0001:000397d0       _Init_Display              4003a7d0 f   ui_shared.obj
 0001:00039810       _Int_Parse                 4003a810 f   ui_shared.obj
 0001:000398b0       _IsVisible                 4003a8b0 f   ui_shared.obj
 0001:00039920       _Item_Action               4003a920 f   ui_shared.obj
 0001:00039990       _Item_Bind_HandleKey       4003a990 f   ui_shared.obj
 0001:00039da0       _Item_Bind_Paint           4003ada0 f   ui_shared.obj
 0001:0003a3c0       _Item_EnableShowViaCvar    4003b3c0 f   ui_shared.obj
 0001:0003a6d0       _Item_HandleKey            4003b6d0 f   ui_shared.obj
 0001:0003a930       _Item_Image_Paint          4003b930 f   ui_shared.obj
 0001:0003aa10       _Item_Init                 4003ba10 f   ui_shared.obj
 0001:0003aa90       _Item_InitControls         4003ba90 f   ui_shared.obj
 0001:0003ab30       _Item_ListBox_HandleKey    4003bb30 f   ui_shared.obj
 0001:0003b630       _Item_ListBox_MaxScroll    4003c630 f   ui_shared.obj
 0001:0003b740       _Item_ListBox_MouseEnter   4003c740 f   ui_shared.obj
 0001:0003ba40       _Item_ListBox_OverLB       4003ca40 f   ui_shared.obj
 0001:0003bfc0       _Item_ListBox_Paint        4003cfc0 f   ui_shared.obj
 0001:0003cff0       _Item_ListBox_ThumbDrawPosition 4003dff0 f   ui_shared.obj
 0001:0003d240       _Item_ListBox_ThumbPosition 4003e240 f   ui_shared.obj
 0001:0003d440       _Item_Model_Paint          4003e440 f   ui_shared.obj
 0001:0003ddf0       _Item_MouseEnter           4003edf0 f   ui_shared.obj
 0001:0003e090       _Item_MouseLeave           4003f090 f   ui_shared.obj
 0001:0003e150       _Item_Multi_CountSettings  4003f150 f   ui_shared.obj
 0001:0003e1b0       _Item_Multi_FindCvarByValue 4003f1b0 f   ui_shared.obj
 0001:0003e3c0       _Item_Multi_HandleKey      4003f3c0 f   ui_shared.obj
 0001:0003e620       _Item_Multi_Paint          4003f620 f   ui_shared.obj
 0001:0003e9f0       _Item_Multi_Setting        4003f9f0 f   ui_shared.obj
 0001:0003ec20       _Item_OwnerDraw_HandleKey  4003fc20 f   ui_shared.obj
 0001:0003ecc0       _Item_OwnerDraw_Paint      4003fcc0 f   ui_shared.obj
 0001:0003f640       _Item_Paint                40040640 f   ui_shared.obj
 0001:000400b0       _Item_Parse                400410b0 f   ui_shared.obj
 0001:000402a0       _Item_RunScript            400412a0 f   ui_shared.obj
 0001:00040530       _Item_SetFocus             40041530 f   ui_shared.obj
 0001:00040890       _Item_SetMouseOver         40041890 f   ui_shared.obj
 0001:00040900       _Item_SetScreenCoords      40041900 f   ui_shared.obj
 0001:000409f0       _Item_SetTextExtents       400419f0 f   ui_shared.obj
 0001:00040e50       _Item_SetupKeywordHash     40041e50 f   ui_shared.obj
 0001:00040ef0       _Item_Slider_HandleKey     40041ef0 f   ui_shared.obj
 0001:00041200       _Item_Slider_OverSlider    40042200 f   ui_shared.obj
 0001:00041340       _Item_Slider_Paint         40042340 f   ui_shared.obj
 0001:00041780       _Item_Slider_ThumbPosition 40042780 f   ui_shared.obj
 0001:00041920       _Item_StartCapture         40042920 f   ui_shared.obj
 0001:00041c20       _Item_StopCapture          40042c20 f   ui_shared.obj
 0001:00041c50       _Item_TextColor            40042c50 f   ui_shared.obj
 0001:00042110       _Item_TextField_HandleKey  40043110 f   ui_shared.obj
 0001:00042a60       _Item_TextField_Paint      40043a60 f   ui_shared.obj
 0001:00043020       _Item_Text_AutoWrapped_Paint 40044020 f   ui_shared.obj
 0001:00043680       _Item_Text_Paint           40044680 f   ui_shared.obj
 0001:000439c0       _Item_Text_Wrapped_Paint   400449c0 f   ui_shared.obj
 0001:00043e00       _Item_UpdatePosition       40044e00 f   ui_shared.obj
 0001:00043ef0       _Item_ValidateTypeData     40044ef0 f   ui_shared.obj
 0001:00044100       _Item_YesNo_HandleKey      40045100 f   ui_shared.obj
 0001:000442a0       _Item_YesNo_Paint          400452a0 f   ui_shared.obj
 0001:00044780       _KeywordHash_Add           40045780 f   ui_shared.obj
 0001:00044800       _KeywordHash_Find          40045800 f   ui_shared.obj
 0001:000448a0       _KeywordHash_Key           400458a0 f   ui_shared.obj
 0001:000449a0       _LerpColor                 400459a0 f   ui_shared.obj
 0001:00044b80       _Menu_ClearFocus           40045b80 f   ui_shared.obj
 0001:00044dc0       _Menu_Count                40045dc0 f   ui_shared.obj
 0001:00044e00       _Menu_FadeItemByName       40045e00 f   ui_shared.obj
 0001:00044f00       _Menu_FindItemByName       40045f00 f   ui_shared.obj
 0001:00044fc0       _Menu_GetFocused           40045fc0 f   ui_shared.obj
 0001:00045060       _Menu_GetFocusedItem       40046060 f   ui_shared.obj
 0001:000450f0       _Menu_GetMatchingItemByNumber 400460f0 f   ui_shared.obj
 0001:000452f0       _Menu_HandleKey            400462f0 f   ui_shared.obj
 0001:00045b80       _Menu_HandleMouseMove      40046b80 f   ui_shared.obj
 0001:00045eb0       _Menu_HitTest              40046eb0 f   ui_shared.obj
 0001:00045f70       _Menu_Init                 40046f70 f   ui_shared.obj
 0001:00046040       _Menu_ItemsMatchingGroup   40047040 f   ui_shared.obj
 0001:00046200       _Menu_New                  40047200 f   ui_shared.obj
 0001:000462b0       _Menu_OrbitItemByName      400472b0 f   ui_shared.obj
 0001:000465a0       _Menu_Paint                400475a0 f   ui_shared.obj
 0001:000468c0       _Menu_PaintAll             400478c0 f   ui_shared.obj
 0001:00046aa0       _Menu_Parse                40047aa0 f   ui_shared.obj
 0001:00046cb0       _Menu_PostParse            40047cb0 f   ui_shared.obj
 0001:00046d60       _Menu_Reset                40047d60 f   ui_shared.obj
 0001:00046e80       _Menu_ScrollFeeder         40047e80 f   ui_shared.obj
 0001:00046f70       _Menu_SetFeederSelection   40047f70 f   ui_shared.obj
 0001:00047110       _Menu_SetNextCursorItem    40048110 f   ui_shared.obj
 0001:00047310       _Menu_SetPrevCursorItem    40048310 f   ui_shared.obj
 0001:00047500       _Menu_SetupKeywordHash     40048500 f   ui_shared.obj
 0001:000475a0       _Menu_ShowItemByName       400485a0 f   ui_shared.obj
 0001:000476c0       _Menu_TransitionItemByName 400486c0 f   ui_shared.obj
 0001:000478a0       _Menu_UpdatePosition       400488a0 f   ui_shared.obj
 0001:000479b0       _Menus_Activate            400489b0 f   ui_shared.obj
 0001:00047b00       _Menus_ActivateByName      40048b00 f   ui_shared.obj
 0001:00047c40       _Menus_AnyFullScreenVisible 40048c40 f   ui_shared.obj
 0001:00047cd0       _Menus_CloseAll            40048cd0 f   ui_shared.obj
 0001:00047d80       _Menus_CloseByName         40048d80 f   ui_shared.obj
 0001:00047e00       _Menus_FindByName          40048e00 f   ui_shared.obj
 0001:00047ea0       _Menus_HandleOOBClick      40048ea0 f   ui_shared.obj
 0001:00048090       _Menus_OpenByName          40049090 f   ui_shared.obj
 0001:000480e0       _Menus_ShowByName          400490e0 f   ui_shared.obj
 0001:00048150       _PC_Char_Parse             40049150 f   ui_shared.obj
 0001:00048220       _PC_Color_Parse            40049220 f   ui_shared.obj
 0001:000482f0       _PC_Float_Parse            400492f0 f   ui_shared.obj
 0001:00048470       _PC_Int_Parse              40049470 f   ui_shared.obj
 0001:000485e0       _PC_Rect_Parse             400495e0 f   ui_shared.obj
 0001:000486a0       _PC_Script_Parse           400496a0 f   ui_shared.obj
 0001:000488c0       _PC_SourceError            400498c0 f   ui_shared.obj
 0001:00048a20       _PC_SourceWarning          40049a20 f   ui_shared.obj
 0001:00048b80       _PC_String_Parse           40049b80 f   ui_shared.obj
 0001:00048c50       _ParseColorRange           40049c50 f   ui_shared.obj
 0001:00048de0       _Rect_ContainsPoint        40049de0 f   ui_shared.obj
 0001:00048e80       _Rect_Parse                40049e80 f   ui_shared.obj
 0001:00048f40       _Rect_ToWindowCoords       40049f40 f   ui_shared.obj
 0001:000496e0       _String_Alloc              4004a6e0 f   ui_shared.obj
 0001:000498c0       _String_Init               4004a8c0 f   ui_shared.obj
 0001:000499a0       _String_Parse              4004a9a0 f   ui_shared.obj
 0001:00049a40       _String_Report             4004aa40 f   ui_shared.obj
 0001:00049b80       _ToWindowCoords            4004ab80 f   ui_shared.obj
 0001:00049c30       _UI_Alloc                  4004ac30 f   ui_shared.obj
 0001:00049d00       _UI_InitMemory             4004ad00 f   ui_shared.obj
 0001:00049d50       _UI_OutOfMemory            4004ad50 f   ui_shared.obj
 0001:00049d90       _UI_RoQDone                4004ad90 f   ui_shared.obj
 0001:00049fc0       _Window_Init               4004afc0 f   ui_shared.obj
 0001:0004a0c0       _Window_Paint              4004b0c0 f   ui_shared.obj
 0001:0004ac70       _PASSFLOAT                 4004bc70 f   ui_syscalls.obj
 0001:0004acb0       _dllEntry                  4004bcb0 f   ui_syscalls.obj
 0001:0004acf0       _trap_Argc                 4004bcf0 f   ui_syscalls.obj
 0001:0004ad50       _trap_Argv                 4004bd50 f   ui_syscalls.obj
 0001:0004adc0       _trap_CIN_DrawCinematic    4004bdc0 f   ui_syscalls.obj
 0001:0004ae20       _trap_CIN_PlayCinematic    4004be20 f   ui_syscalls.obj
 0001:0004aea0       _trap_CIN_RunCinematic     4004bea0 f   ui_syscalls.obj
 0001:0004af00       _trap_CIN_SetExtents       4004bf00 f   ui_syscalls.obj
 0001:0004af70       _trap_CIN_StopCinematic    4004bf70 f   ui_syscalls.obj
 0001:0004afd0       _trap_CM_LerpTag           4004bfd0 f   ui_syscalls.obj
 0001:0004b040       _trap_Cmd_ExecuteText      4004c040 f   ui_syscalls.obj
 0001:0004b0b0       _trap_Cvar_Create          4004c0b0 f   ui_syscalls.obj
 0001:0004b120       _trap_Cvar_InfoStringBuffer 4004c120 f   ui_syscalls.obj
 0001:0004b190       _trap_Cvar_Register        4004c190 f   ui_syscalls.obj
 0001:0004b200       _trap_Cvar_Reset           4004c200 f   ui_syscalls.obj
 0001:0004b260       _trap_Cvar_Set             4004c260 f   ui_syscalls.obj
 0001:0004b2d0       _trap_Cvar_SetValue        4004c2d0 f   ui_syscalls.obj
 0001:0004b350       _trap_Cvar_Update          4004c350 f   ui_syscalls.obj
 0001:0004b3b0       _trap_Cvar_VariableStringBuffer 4004c3b0 f   ui_syscalls.obj
 0001:0004b420       _trap_Cvar_VariableValue   4004c420 f   ui_syscalls.obj
 0001:0004b490       _trap_Error                4004c490 f   ui_syscalls.obj
 0001:0004b4f0       _trap_FS_Delete            4004c4f0 f   ui_syscalls.obj
 0001:0004b550       _trap_FS_FCloseFile        4004c550 f   ui_syscalls.obj
 0001:0004b5b0       _trap_FS_FOpenFile         4004c5b0 f   ui_syscalls.obj
 0001:0004b620       _trap_FS_GetFileList       4004c620 f   ui_syscalls.obj
 0001:0004b690       _trap_FS_Read              4004c690 f   ui_syscalls.obj
 0001:0004b700       _trap_FS_Seek              4004c700 f   ui_syscalls.obj
 0001:0004b770       _trap_FS_Write             4004c770 f   ui_syscalls.obj
 0001:0004b7e0       _trap_GetCDKey             4004c7e0 f   ui_syscalls.obj
 0001:0004b850       _trap_GetClientState       4004c850 f   ui_syscalls.obj
 0001:0004b8b0       _trap_GetClipboardData     4004c8b0 f   ui_syscalls.obj
 0001:0004b920       _trap_GetConfigString      4004c920 f   ui_syscalls.obj
 0001:0004b990       _trap_GetGlconfig          4004c990 f   ui_syscalls.obj
 0001:0004b9f0       _trap_GetLimboString       4004c9f0 f   ui_syscalls.obj
 0001:0004ba60       _trap_Key_ClearStates      4004ca60 f   ui_syscalls.obj
 0001:0004bac0       _trap_Key_GetBindingBuf    4004cac0 f   ui_syscalls.obj
 0001:0004bb30       _trap_Key_GetCatcher       4004cb30 f   ui_syscalls.obj
 0001:0004bb90       _trap_Key_GetOverstrikeMode 4004cb90 f   ui_syscalls.obj
 0001:0004bbf0       _trap_Key_IsDown           4004cbf0 f   ui_syscalls.obj
 0001:0004bc50       _trap_Key_KeynumToStringBuf 4004cc50 f   ui_syscalls.obj
 0001:0004bcc0       _trap_Key_SetBinding       4004ccc0 f   ui_syscalls.obj
 0001:0004bd30       _trap_Key_SetCatcher       4004cd30 f   ui_syscalls.obj
 0001:0004bd90       _trap_Key_SetOverstrikeMode 4004cd90 f   ui_syscalls.obj
 0001:0004bdf0       _trap_LAN_AddServer        4004cdf0 f   ui_syscalls.obj
 0001:0004be60       _trap_LAN_ClearPing        4004ce60 f   ui_syscalls.obj
 0001:0004bec0       _trap_LAN_CompareServers   4004cec0 f   ui_syscalls.obj
 0001:0004bf30       _trap_LAN_GetGlobalServerAddressString 4004cf30 f   ui_syscalls.obj
 0001:0004bfa0       _trap_LAN_GetGlobalServerCount 4004cfa0 f   ui_syscalls.obj
 0001:0004c000       _trap_LAN_GetLocalServerAddressString 4004d000 f   ui_syscalls.obj
 0001:0004c070       _trap_LAN_GetLocalServerCount 4004d070 f   ui_syscalls.obj
 0001:0004c0d0       _trap_LAN_GetPing          4004d0d0 f   ui_syscalls.obj
 0001:0004c140       _trap_LAN_GetPingInfo      4004d140 f   ui_syscalls.obj
 0001:0004c1b0       _trap_LAN_GetPingQueueCount 4004d1b0 f   ui_syscalls.obj
 0001:0004c210       _trap_LAN_GetServerAddressString 4004d210 f   ui_syscalls.obj
 0001:0004c280       _trap_LAN_GetServerCount   4004d280 f   ui_syscalls.obj
 0001:0004c2e0       _trap_LAN_GetServerInfo    4004d2e0 f   ui_syscalls.obj
 0001:0004c350       _trap_LAN_GetServerPing    4004d350 f   ui_syscalls.obj
 0001:0004c3c0       _trap_LAN_LoadCachedServers 4004d3c0 f   ui_syscalls.obj
 0001:0004c420       _trap_LAN_MarkServerVisible 4004d420 f   ui_syscalls.obj
 0001:0004c490       _trap_LAN_RemoveServer     4004d490 f   ui_syscalls.obj
 0001:0004c500       _trap_LAN_ResetPings       4004d500 f   ui_syscalls.obj
 0001:0004c560       _trap_LAN_SaveCachedServers 4004d560 f   ui_syscalls.obj
 0001:0004c5c0       _trap_LAN_ServerIsVisible  4004d5c0 f   ui_syscalls.obj
 0001:0004c630       _trap_LAN_ServerStatus     4004d630 f   ui_syscalls.obj
 0001:0004c6a0       _trap_LAN_UpdateVisiblePings 4004d6a0 f   ui_syscalls.obj
 0001:0004c700       _trap_MemoryRemaining      4004d700 f   ui_syscalls.obj
 0001:0004c760       _trap_Milliseconds         4004d760 f   ui_syscalls.obj
 0001:0004c7c0       _trap_PC_AddGlobalDefine   4004d7c0 f   ui_syscalls.obj
 0001:0004c820       _trap_PC_FreeSource        4004d820 f   ui_syscalls.obj
 0001:0004c880       _trap_PC_LoadSource        4004d880 f   ui_syscalls.obj
 0001:0004c8e0       _trap_PC_ReadToken         4004d8e0 f   ui_syscalls.obj
 0001:0004c950       _trap_PC_SourceFileAndLine 4004d950 f   ui_syscalls.obj
 0001:0004c9c0       _trap_Print                4004d9c0 f   ui_syscalls.obj
 0001:0004ca20       _trap_R_AddCoronaToScene   4004da20 f   ui_syscalls.obj
 0001:0004caf0       _trap_R_AddLightToScene    4004daf0 f   ui_syscalls.obj
 0001:0004cbc0       _trap_R_AddPolyToScene     4004dbc0 f   ui_syscalls.obj
 0001:0004cc30       _trap_R_AddRefEntityToScene 4004dc30 f   ui_syscalls.obj
 0001:0004cc90       _trap_R_ClearScene         4004dc90 f   ui_syscalls.obj
 0001:0004ccf0       _trap_R_DrawStretchPic     4004dcf0 f   ui_syscalls.obj
 0001:0004ce20       _trap_R_ModelBounds        4004de20 f   ui_syscalls.obj
 0001:0004ce90       _trap_R_RegisterFont       4004de90 f   ui_syscalls.obj
 0001:0004cf00       _trap_R_RegisterModel      4004df00 f   ui_syscalls.obj
 0001:0004cf60       _trap_R_RegisterShaderNoMip 4004df60 f   ui_syscalls.obj
 0001:0004cfc0       _trap_R_RegisterSkin       4004dfc0 f   ui_syscalls.obj
 0001:0004d020       _trap_R_RemapShader        4004e020 f   ui_syscalls.obj
 0001:0004d090       _trap_R_RenderScene        4004e090 f   ui_syscalls.obj
 0001:0004d0f0       _trap_R_SetColor           4004e0f0 f   ui_syscalls.obj
 0001:0004d150       _trap_RealTime             4004e150 f   ui_syscalls.obj
 0001:0004d1b0       _trap_S_FadeAllSound       4004e1b0 f   ui_syscalls.obj
 0001:0004d230       _trap_S_FadeBackgroundTrack 4004e230 f   ui_syscalls.obj
 0001:0004d2b0       _trap_S_RegisterSound      4004e2b0 f   ui_syscalls.obj
 0001:0004d310       _trap_S_StartBackgroundTrack 4004e310 f   ui_syscalls.obj
 0001:0004d380       _trap_S_StartLocalSound    4004e380 f   ui_syscalls.obj
 0001:0004d3f0       _trap_S_StopBackgroundTrack 4004e3f0 f   ui_syscalls.obj
 0001:0004d450       _trap_SetCDKey             4004e450 f   ui_syscalls.obj
 0001:0004d4b0       _trap_UpdateScreen         4004e4b0 f   ui_syscalls.obj
 0001:0004d510       _trap_VerifyCDKey          4004e510 f   ui_syscalls.obj
 0001:0004d580       @_RTC_AllocaHelper@12      4004e580 f   LIBCMTD:_stack_.obj
 0001:0004d5c0       @_RTC_CheckStackVars2@12   4004e5c0 f   LIBCMTD:_stack_.obj
 0001:0004d6d0       @_RTC_CheckStackVars@8     4004e6d0 f   LIBCMTD:_stack_.obj
 0001:0004d740       __RTC_CheckEsp             4004e740 f   LIBCMTD:_stack_.obj
 0001:0004d780       __CRT_RTC_INIT             4004e780 f   LIBCMTD:_init_.obj
 0001:0004d790       __CRT_RTC_INITW            4004e790 f   LIBCMTD:_init_.obj
 0001:0004d7a0       __RTC_InitBase             4004e7a0 f   LIBCMTD:_init_.obj
 0001:0004d7e0       __RTC_Shutdown             4004e7e0 f   LIBCMTD:_init_.obj
 0001:0004d800       ??$__vcrt_va_start_verify_argument_type@QBD@@YAXXZ 4004e800 f i LIBCMTD:_error_.obj
 0001:0004d9b0       ?_RTC_AllocaFailure@@YAXPAXPAU_RTC_ALLOCA_NODE@@H@Z 4004e9b0 f   LIBCMTD:_error_.obj
 0001:0004db20       ?_RTC_Failure@@YAXPAXH@Z   4004eb20 f   LIBCMTD:_error_.obj
 0001:0004db90       ?_RTC_StackFailure@@YAXPAXPBD@Z 4004eb90 f   LIBCMTD:_error_.obj
 0001:0004e010       __RTC_UninitUse            4004f010 f   LIBCMTD:_error_.obj
 0001:0004e140       __vsprintf_s_l             4004f140 f i LIBCMTD:_error_.obj
 0001:0004e180       _sprintf_s                 4004f180 f i LIBCMTD:_error_.obj
 0001:0004e1b0       @__security_check_cookie@4 4004f1b0 f   LIBCMTD:_secchk_.obj
 0001:0004e1d0       ___raise_securityfailure   4004f1d0 f   LIBCMTD:gs_report.obj
 0001:0004e210       ___report_gsfailure        4004f210 f   LIBCMTD:gs_report.obj
 0001:0004e360       ___report_rangecheckfailure 4004f360 f   LIBCMTD:gs_report.obj
 0001:0004e370       ___report_securityfailure  4004f370 f   LIBCMTD:gs_report.obj
 0001:0004e480       ___report_securityfailureEx 4004f480 f   LIBCMTD:gs_report.obj
 0001:0004e5f0       __chkstk                   4004f5f0 f   LIBCMTD:chkstk.obj
 0001:0004e5f0       __alloca_probe             4004f5f0 f   LIBCMTD:chkstk.obj
 0001:0004e630       __ftol2_sse                4004f630 f   LIBCMTD:_ftol2_.obj
 0001:0004e639       __ftol2_pentium4           4004f639 f   LIBCMTD:_ftol2_.obj
 0001:0004e64c       __ftol2_sse_excpt          4004f64c f   LIBCMTD:_ftol2_.obj
 0001:0004e670       __ftol2                    4004f670 f   LIBCMTD:_ftol2_.obj
 0001:0004ece0       __CRT_INIT@12              4004fce0 f   LIBCMTD:dll_dllmain.obj
 0001:0004ed00       __DllMainCRTStartup@12     4004fd00 f   LIBCMTD:dll_dllmain.obj
 0001:0004ed30       ?_RTC_GetErrorFunc@@YAP6AHHPBDH00ZZPBX@Z 4004fd30 f   LIBCMTD:_userapi_.obj
 0001:0004ed40       ?_RTC_GetErrorFuncW@@YAP6AHHPB_WH00ZZPBX@Z 4004fd40 f   LIBCMTD:_userapi_.obj
 0001:0004ed50       __RTC_GetErrDesc           4004fd50 f   LIBCMTD:_userapi_.obj
 0001:0004ed70       __RTC_NumErrors            4004fd70 f   LIBCMTD:_userapi_.obj
 0001:0004ed80       __RTC_SetErrorFunc         4004fd80 f   LIBCMTD:_userapi_.obj
 0001:0004edb0       __RTC_SetErrorFuncW        4004fdb0 f   LIBCMTD:_userapi_.obj
 0001:0004ede0       __RTC_SetErrorType         4004fde0 f   LIBCMTD:_userapi_.obj
 0001:0004f3d0       ?_RTC_GetSrcLine@@YAHPAEPA_WKPAH1K@Z 400503d0 f   LIBCMTD:_pdblkup_.obj
 0001:0004f800       @_guard_check_icall@4      40050800 f i LIBCMTD:checkcfg.obj
 0001:0004f820       ___isa_available_init      40050820 f   LIBCMTD:_cpu_disp_.obj
 0001:0004fbb0       ??$__crt_fast_decode_pointer@PAP6AXXZ@@YAPAP6AXXZQAP6AXXZ@Z 40050bb0 f i LIBCMTD:utility.obj
 0001:0004fbe0       ??$__crt_fast_encode_pointer@PAP6AXXZ@@YAPAP6AXXZQAP6AXXZ@Z 40050be0 f i LIBCMTD:utility.obj
 0001:0004fc20       ?__crt_rotate_pointer_value@@YAIIH@Z 40050c20 f i LIBCMTD:utility.obj
 0001:0004fc30       ?configure_argv@__scrt_narrow_argv_policy@@SAHXZ 40050c30 f i LIBCMTD:utility.obj
 0001:0004fd90       _NtCurrentTeb              40050d90 f i LIBCMTD:utility.obj
 0001:0004fda0       ___scrt_acquire_startup_lock 40050da0 f   LIBCMTD:utility.obj
 0001:0004fe00       ___scrt_dllmain_after_initialize_c 40050e00 f   LIBCMTD:utility.obj
 0001:0004fe40       ___scrt_dllmain_before_initialize_c 40050e40 f   LIBCMTD:utility.obj
 0001:0004fe70       ___scrt_dllmain_crt_thread_attach 40050e70 f   LIBCMTD:utility.obj
 0001:0004feb0       ___scrt_dllmain_crt_thread_detach 40050eb0 f   LIBCMTD:utility.obj
 0001:0004fed0       ___scrt_dllmain_exception_filter 40050ed0 f   LIBCMTD:utility.obj
 0001:0004ff30       ___scrt_dllmain_uninitialize_c 40050f30 f   LIBCMTD:utility.obj
 0001:0004ff70       ___scrt_dllmain_uninitialize_critical 40050f70 f   LIBCMTD:utility.obj
 0001:0004ff90       ___scrt_initialize_crt     40050f90 f   LIBCMTD:utility.obj
 0001:0004fff0       ___scrt_initialize_onexit_tables 40050ff0 f   LIBCMTD:utility.obj
 0001:000500f0       ___scrt_is_nonwritable_in_current_image 400510f0 f   LIBCMTD:utility.obj
 0001:00050270       ___scrt_release_startup_lock 40051270 f   LIBCMTD:utility.obj
 0001:000502a0       ___scrt_uninitialize_crt   400512a0 f   LIBCMTD:utility.obj
 0001:000502f0       __onexit                   400512f0 f   LIBCMTD:utility.obj
 0001:00050380       _at_quick_exit             40051380 f   LIBCMTD:utility.obj
 0001:000503e0       _atexit                    400513e0 f   LIBCMTD:utility.obj
 0001:00050420       ___security_init_cookie    40051420 f   LIBCMTD:gs_support.obj
 0001:00050540       _DllMain@12                40051540 f   LIBCMTD:dll_dllmain_stub.obj
 0001:00050550       ?__scrt_initialize_type_info@@YAXXZ 40051550 f   LIBCMTD:tncleanup.obj
 0001:00050570       ?__scrt_uninitialize_type_info@@YAXXZ 40051570 f   LIBCMTD:tncleanup.obj
 0001:00050590       ___local_stdio_scanf_options 40051590 f i LIBCMTD:default_local_stdio_options.obj
 0001:000505a0       ___scrt_initialize_default_local_stdio_options 400515a0 f   LIBCMTD:default_local_stdio_options.obj
 0001:000505f0       ___scrt_get_dyn_tls_init_callback 400515f0 f   LIBCMTD:dyn_tls_init.obj
 0001:00050600       ___scrt_fastfail           40051600 f   LIBCMTD:utility_desktop.obj
 0001:00050790       ___scrt_get_show_window_mode 40051790 f   LIBCMTD:utility_desktop.obj
 0001:000507e0       ___scrt_initialize_winrt   400517e0 f   LIBCMTD:utility_desktop.obj
 0001:000507f0       ___scrt_is_managed_app     400517f0 f   LIBCMTD:utility_desktop.obj
 0001:000508a0       ___scrt_set_unhandled_exception_filter 400518a0 f   LIBCMTD:utility_desktop.obj
 0001:000508c0       ___scrt_unhandled_exception_filter@4 400518c0 f   LIBCMTD:utility_desktop.obj
 0001:00050940       __crt_debugger_hook        40051940 f   LIBCMTD:utility_desktop.obj
 0001:00050960       __RTC_Initialize           40051960 f   LIBCMTD:_initsect_.obj
 0001:000509a0       __RTC_Terminate            400519a0 f   LIBCMTD:_initsect_.obj
 0001:000509e0       @_guard_check_icall_nop@4  400519e0 f i LIBCMTD:guard_support.obj
 0001:000509f0       __guard_icall_checks_enforced 400519f0 f i LIBCMTD:guard_support.obj
 0001:00050a20       __get_startup_argv_mode    40051a20 f   LIBCMTD:argv_mode.obj
 0001:00050a30       ___scrt_is_ucrt_dll_in_use 40051a30 f   LIBCMTD:ucrt_detection.obj
 0001:00050a60       _memcpy                    40051a60 f   libvcruntimed:memcpy.obj
 0001:00051140       _memset                    40052140 f   libvcruntimed:memset.obj
 0001:00051370       __except_handler4          40052370 f   libvcruntimed:_chandler4_.obj
 0001:000515c0       ___vcrt_GetModuleFileNameW 400525c0 f   libvcruntimed:winapi_thunks.obj
 0001:000515e0       ___vcrt_GetModuleHandleW   400525e0 f   libvcruntimed:winapi_thunks.obj
 0001:00051600       ___vcrt_LoadLibraryExW     40052600 f   libvcruntimed:winapi_thunks.obj
 0001:00051620       ___vcrt_initialize         40052620 f   libvcruntimed:initialization.obj
 0001:00051670       ___vcrt_thread_attach      40052670 f   libvcruntimed:initialization.obj
 0001:00051690       ___vcrt_thread_detach      40052690 f   libvcruntimed:initialization.obj
 0001:000516b0       ___vcrt_uninitialize       400526b0 f   libvcruntimed:initialization.obj
 0001:000516e0       ___vcrt_uninitialize_critical 400526e0 f   libvcruntimed:initialization.obj
 0001:00051740       ??$?RD@__crt_internal_free_policy@@QBEXQBD@Z 40052740 f i libvcruntimed:std_type_info.obj
 0001:00051770       ??$?RX@__crt_internal_free_policy@@QBEXQBX@Z 40052770 f i libvcruntimed:std_type_info.obj
 0001:000517a0       ??$__crt_interlocked_compare_exchange_pointer@$$CBD$$T$$T@@YAPBDPDSBD$$T1@Z 400527a0 f i libvcruntimed:std_type_info.obj
 0001:000517c0       ??$__crt_interlocked_compare_exchange_pointer@$$CBDPAD$$T@@YAPBDPDSBDQAD$$T@Z 400527c0 f i libvcruntimed:std_type_info.obj
 0001:000517e0       ??$__crt_interlocked_read_pointer@$$CBD@@YAPBDPDSBD@Z 400527e0 f i libvcruntimed:std_type_info.obj
 0001:00051800       ??0?$__crt_unique_heap_ptr@DU__crt_internal_free_policy@@@@QAE@QAD@Z 40052800 f i libvcruntimed:std_type_info.obj
 0001:00051820       ??0?$__crt_unique_heap_ptr@XU__crt_internal_free_policy@@@@QAE@QAX@Z 40052820 f i libvcruntimed:std_type_info.obj
 0001:00051840       ??1?$__crt_unique_heap_ptr@DU__crt_internal_free_policy@@@@QAE@XZ 40052840 f i libvcruntimed:std_type_info.obj
 0001:00051860       ??1?$__crt_unique_heap_ptr@XU__crt_internal_free_policy@@@@QAE@XZ 40052860 f i libvcruntimed:std_type_info.obj
 0001:000518c0       ??B?$__crt_unique_heap_ptr@DU__crt_internal_free_policy@@@@QBE_NXZ 400528c0 f i libvcruntimed:std_type_info.obj
 0001:000518e0       ??B?$__crt_unique_heap_ptr@XU__crt_internal_free_policy@@@@QBE_NXZ 400528e0 f i libvcruntimed:std_type_info.obj
 0001:00051960       ?detach@?$__crt_unique_heap_ptr@XU__crt_internal_free_policy@@@@QAEPAXXZ 40052960 f i libvcruntimed:std_type_info.obj
 0001:00051990       ?get@?$__crt_unique_heap_ptr@DU__crt_internal_free_policy@@@@QBEPADXZ 40052990 f i libvcruntimed:std_type_info.obj
 0001:000519b0       ?get@?$__crt_unique_heap_ptr@XU__crt_internal_free_policy@@@@QBEPAXXZ 400529b0 f i libvcruntimed:std_type_info.obj
 0001:000519d0       ?is_valid@?$__crt_unique_heap_ptr@DU__crt_internal_free_policy@@@@QBE_NXZ 400529d0 f i libvcruntimed:std_type_info.obj
 0001:00051a10       ?is_valid@?$__crt_unique_heap_ptr@XU__crt_internal_free_policy@@@@QBE_NXZ 40052a10 f i libvcruntimed:std_type_info.obj
 0001:00051a50       ?release@?$__crt_unique_heap_ptr@DU__crt_internal_free_policy@@@@QAEXXZ 40052a50 f i libvcruntimed:std_type_info.obj
 0001:00051a80       ?release@?$__crt_unique_heap_ptr@XU__crt_internal_free_policy@@@@QAEXXZ 40052a80 f i libvcruntimed:std_type_info.obj
 0001:00051ab0       ___std_type_info_compare   40052ab0 f   libvcruntimed:std_type_info.obj
 0001:00051ae0       ___std_type_info_destroy_list 40052ae0 f   libvcruntimed:std_type_info.obj
 0001:00051b30       ___std_type_info_hash      40052b30 f   libvcruntimed:std_type_info.obj
 0001:00051ba0       ___std_type_info_name      40052ba0 f   libvcruntimed:std_type_info.obj
 0001:00051df0       __local_unwind4            40052df0 f   libvcruntimed:_exsup4_.obj
 0001:00051ec6       __seh_longjmp_unwind4@4    40052ec6 f   libvcruntimed:_exsup4_.obj
 0001:00051eee       @_EH4_CallFilterFunc@8     40052eee f   libvcruntimed:_exsup4_.obj
 0001:00051f05       @_EH4_TransferToHandler@8  40052f05 f   libvcruntimed:_exsup4_.obj
 0001:00051f1e       @_EH4_GlobalUnwind2@8      40052f1e f   libvcruntimed:_exsup4_.obj
 0001:00051f37       @_EH4_LocalUnwind@16       40052f37 f   libvcruntimed:_exsup4_.obj
 0001:00051fb0       ___except_validate_context_record 40052fb0 f   libvcruntimed:jbcxrval.obj
 0001:00052010       ___except_validate_jump_buffer 40053010 f   libvcruntimed:jbcxrval.obj
 0001:00052070       ??$?RU__vcrt_ptd@@@__crt_internal_free_policy@@QBEXQBU__vcrt_ptd@@@Z 40053070 f i libvcruntimed:per_thread_data.obj
 0001:000520a0       ??0?$__crt_unique_heap_ptr@U__vcrt_ptd@@U__crt_internal_free_policy@@@@QAE@QAU__vcrt_ptd@@@Z 400530a0 f i libvcruntimed:per_thread_data.obj
 0001:000520e0       ??1?$__crt_unique_heap_ptr@U__vcrt_ptd@@U__crt_internal_free_policy@@@@QAE@XZ 400530e0 f i libvcruntimed:per_thread_data.obj
 0001:00052120       ??B?$__crt_unique_heap_ptr@U__vcrt_ptd@@U__crt_internal_free_policy@@@@QBE_NXZ 40053120 f i libvcruntimed:per_thread_data.obj
 0001:00052140       ?detach@?$__crt_unique_heap_ptr@U__vcrt_ptd@@U__crt_internal_free_policy@@@@QAEPAU__vcrt_ptd@@XZ 40053140 f i libvcruntimed:per_thread_data.obj
 0001:00052170       ?get@?$__crt_unique_heap_ptr@U__vcrt_ptd@@U__crt_internal_free_policy@@@@QBEPAU__vcrt_ptd@@XZ 40053170 f i libvcruntimed:per_thread_data.obj
 0001:00052190       ?is_valid@?$__crt_unique_heap_ptr@U__vcrt_ptd@@U__crt_internal_free_policy@@@@QBE_NXZ 40053190 f i libvcruntimed:per_thread_data.obj
 0001:000521d0       ?release@?$__crt_unique_heap_ptr@U__vcrt_ptd@@U__crt_internal_free_policy@@@@QAEXXZ 400531d0 f i libvcruntimed:per_thread_data.obj
 0001:00052230       ___vcrt_freefls@4          40053230 f   libvcruntimed:per_thread_data.obj
 0001:00052260       ___vcrt_freeptd            40053260 f   libvcruntimed:per_thread_data.obj
 0001:000522d0       ___vcrt_getptd             400532d0 f   libvcruntimed:per_thread_data.obj
 0001:00052300       ___vcrt_getptd_noexit      40053300 f   libvcruntimed:per_thread_data.obj
 0001:000524c0       ___vcrt_initialize_ptd     400534c0 f   libvcruntimed:per_thread_data.obj
 0001:00052520       ___vcrt_uninitialize_ptd   40053520 f   libvcruntimed:per_thread_data.obj
 0001:00052560       ___vcrt_initialize_locks   40053560 f   libvcruntimed:locks.obj
 0001:000525d0       ___vcrt_lock               400535d0 f   libvcruntimed:locks.obj
 0001:000525f0       ___vcrt_uninitialize_locks 400535f0 f   libvcruntimed:locks.obj
 0001:00052650       ___vcrt_unlock             40053650 f   libvcruntimed:locks.obj
 0001:00052670       ??$?BX@__crt_fast_encoded_nullptr_t@@QBEPAXXZ 40053670 f i libvcruntimed:winapi_downlevel.obj
 0001:00052690       ??$__crt_fast_decode_pointer@PAX@@YAPAXQAX@Z 40053690 f i libvcruntimed:winapi_downlevel.obj
 0001:000526c0       ??$__crt_fast_encode_pointer@PAX@@YAPAXQAX@Z 400536c0 f i libvcruntimed:winapi_downlevel.obj
 0001:00052700       ??$__crt_interlocked_compare_exchange_pointer@UHINSTANCE__@@$$T$$T@@YAPAUHINSTANCE__@@PDSAU0@$$T1@Z 40053700 f i libvcruntimed:winapi_downlevel.obj
 0001:00052720       ??$__crt_interlocked_compare_exchange_pointer@X$$T$$T@@YAPAXPDSAX$$T1@Z 40053720 f i libvcruntimed:winapi_downlevel.obj
 0001:00052740       ??$__crt_interlocked_exchange_pointer@UHINSTANCE__@@PAU1@@@YAPAUHINSTANCE__@@PDSAU0@QAU0@@Z 40053740 f i libvcruntimed:winapi_downlevel.obj
 0001:00052750       ??$__crt_interlocked_exchange_pointer@UHINSTANCE__@@PAX@@YAPAUHINSTANCE__@@PDSAU0@QAX@Z 40053750 f i libvcruntimed:winapi_downlevel.obj
 0001:00052760       ??$__crt_interlocked_exchange_pointer@XPAX@@YAPAXPDSAXQAX@Z 40053760 f i libvcruntimed:winapi_downlevel.obj
 0001:00052770       ??$__crt_interlocked_read_pointer@UHINSTANCE__@@@@YAPAUHINSTANCE__@@PDSAU0@@Z 40053770 f i libvcruntimed:winapi_downlevel.obj
 0001:00052790       ??$__crt_interlocked_read_pointer@X@@YAPAXPDSAX@Z 40053790 f i libvcruntimed:winapi_downlevel.obj
 0001:000527b0       ?__crt_fast_encode_pointer@@YA?AU__crt_fast_encoded_nullptr_t@@$$T@Z 400537b0 f i libvcruntimed:winapi_downlevel.obj
 0001:00052d40       ___vcrt_EventRegister      40053d40 f   libvcruntimed:winapi_downlevel.obj
 0001:00052d90       ___vcrt_EventSetInformation 40053d90 f   libvcruntimed:winapi_downlevel.obj
 0001:00052df0       ___vcrt_EventUnregister    40053df0 f   libvcruntimed:winapi_downlevel.obj
 0001:00052e40       ___vcrt_EventWriteTransfer 40053e40 f   libvcruntimed:winapi_downlevel.obj
 0001:00052ea0       ___vcrt_FlsAlloc           40053ea0 f   libvcruntimed:winapi_downlevel.obj
 0001:00052ef0       ___vcrt_FlsFree            40053ef0 f   libvcruntimed:winapi_downlevel.obj
 0001:00052f40       ___vcrt_FlsGetValue        40053f40 f   libvcruntimed:winapi_downlevel.obj
 0001:00052f90       ___vcrt_FlsSetValue        40053f90 f   libvcruntimed:winapi_downlevel.obj
 0001:00052ff0       ___vcrt_InitializeCriticalSectionEx 40053ff0 f   libvcruntimed:winapi_downlevel.obj
 0001:00053050       ___vcrt_initialize_winapi_thunks 40054050 f   libvcruntimed:winapi_downlevel.obj
 0001:000530d0       ___vcrt_uninitialize_winapi_thunks 400540d0 f   libvcruntimed:winapi_downlevel.obj
 0001:00053160       ??$?B$$A6AXXZ@__crt_fast_encoded_nullptr_t@@QBEP6AXXZXZ 40054160 f i libvcruntimed:purevirt_data.obj
 0001:00053180       ??$__crt_fast_encode_pointer@P6AXXZ@@YAP6AXXZQ6AXXZ@Z 40054180 f i libvcruntimed:purevirt_data.obj
 0001:000531c0       ___vcrt_initialize_pure_virtual_call_handler 400541c0 f   libvcruntimed:purevirt_data.obj
 0001:000531f0       ??0Block@_HeapManager@@QAE@XZ 400541f0 f i libvcruntimed:undname.obj
 0001:00053210       ??0DName@@QAE@AAPBDD@Z     40054210 f   libvcruntimed:undname.obj
 0001:00053580       ??0DName@@QAE@ABV0@@Z      40054580 f i libvcruntimed:undname.obj
 0001:000535b0       ??0DName@@QAE@D@Z          400545b0 f   libvcruntimed:undname.obj
 0001:000536c0       ??0DName@@QAE@PAV0@@Z      400546c0 f   libvcruntimed:undname.obj
 0001:00053840       ??0DName@@QAE@PBD@Z        40054840 f   libvcruntimed:undname.obj
 0001:00053970       ??0DName@@QAE@W4DNameStatus@@@Z 40054970 f   libvcruntimed:undname.obj
 0001:00053ad0       ??0DName@@QAE@XZ           40054ad0 f i libvcruntimed:undname.obj
 0001:00053bc0       ??0DName@@QAE@_J@Z         40054bc0 f   libvcruntimed:undname.obj
 0001:00053da0       ??0DName@@QAE@_K@Z         40054da0 f   libvcruntimed:undname.obj
 0001:00053f30       ??0DNameNode@@IAE@XZ       40054f30 f   libvcruntimed:undname.obj
 0001:00053f50       ??0DNameStatusNode@@AAE@W4DNameStatus@@@Z 40054f50 f   libvcruntimed:undname.obj
 0001:00053fc0       ??0Replicator@@QAE@XZ      40054fc0 f i libvcruntimed:undname.obj
 0001:00053fe0       ??0UnDecorator@@QAE@PADPBDHP6APADJ@ZK@Z 40054fe0 f i libvcruntimed:undname.obj
 0001:000540a0       ??0charNode@@QAE@D@Z       400550a0 f   libvcruntimed:undname.obj
 0001:000540e0       ??0pDNameNode@@QAE@PAVDName@@@Z 400550e0 f   libvcruntimed:undname.obj
 0001:00054160       ??0pairNode@@QAE@PAVDNameNode@@0@Z 40055160 f   libvcruntimed:undname.obj
 0001:000541b0       ??0pcharNode@@QAE@PBDH@Z   400551b0 f   libvcruntimed:undname.obj
 0001:00054270       ??2@YAPAXIAAV_HeapManager@@H@Z 40055270 f i libvcruntimed:undname.obj
 0001:00054290       ??4DName@@QAEAAV0@ABV0@@Z  40055290 f   libvcruntimed:undname.obj
 0001:000542c0       ??4DName@@QAEAAV0@D@Z      400552c0 f i libvcruntimed:undname.obj
 0001:000543d0       ??4DName@@QAEAAV0@PAV0@@Z  400553d0 f   libvcruntimed:undname.obj
 0001:00054550       ??4DName@@QAEAAV0@PBD@Z    40055550 f   libvcruntimed:undname.obj
 0001:00054660       ??4DName@@QAEAAV0@W4DNameStatus@@@Z 40055660 f   libvcruntimed:undname.obj
 0001:000547a0       ??AReplicator@@QBE?AVDName@@H@Z 400557a0 f   libvcruntimed:undname.obj
 0001:00054820       ??BUnDecorator@@QAEPADXZ   40055820 f i libvcruntimed:undname.obj
 0001:00054b70       ??H@YA?AVDName@@DABV0@@Z   40055b70 f i libvcruntimed:undname.obj
 0001:00054bb0       ??H@YA?AVDName@@PBDABV0@@Z 40055bb0 f i libvcruntimed:undname.obj
 0001:00054bf0       ??H@YA?AVDName@@W4DNameStatus@@ABV0@@Z 40055bf0 f i libvcruntimed:undname.obj
 0001:00054c30       ??HDName@@QBE?AV0@ABV0@@Z  40055c30 f   libvcruntimed:undname.obj
 0001:00054c80       ??HDName@@QBE?AV0@D@Z      40055c80 f   libvcruntimed:undname.obj
 0001:00054cd0       ??HDName@@QBE?AV0@PAV0@@Z  40055cd0 f   libvcruntimed:undname.obj
 0001:00054d20       ??HDName@@QBE?AV0@PBD@Z    40055d20 f   libvcruntimed:undname.obj
 0001:00054d70       ??HDName@@QBE?AV0@W4DNameStatus@@@Z 40055d70 f   libvcruntimed:undname.obj
 0001:00054dc0       ??YDName@@QAEAAV0@ABV0@@Z  40055dc0 f   libvcruntimed:undname.obj
 0001:00054e40       ??YDName@@QAEAAV0@D@Z      40055e40 f   libvcruntimed:undname.obj
 0001:00054ee0       ??YDName@@QAEAAV0@PAV0@@Z  40055ee0 f   libvcruntimed:undname.obj
 0001:00054fc0       ??YDName@@QAEAAV0@PBD@Z    40055fc0 f   libvcruntimed:undname.obj
 0001:00055080       ??YDName@@QAEAAV0@W4DNameStatus@@@Z 40056080 f   libvcruntimed:undname.obj
 0001:00055100       ??YReplicator@@QAEAAV0@ABVDName@@@Z 40056100 f   libvcruntimed:undname.obj
 0001:000551b0       ??_5DName@@QAEAAV0@ABV0@@Z 400561b0 f   libvcruntimed:undname.obj
 0001:00055220       ?Constructor@_HeapManager@@QAEXP6APAXI@ZP6AXPAX@Z@Z 40056220 f i libvcruntimed:undname.obj
 0001:00055270       ?Destructor@_HeapManager@@QAEXXZ 40056270 f i libvcruntimed:undname.obj
 0001:000552e0       ?UScore@UnDecorator@@SAPBDW4Tokens@@@Z 400562e0 f   libvcruntimed:undname.obj
 0001:00055320       ?append@DName@@AAEXPAVDNameNode@@@Z 40056320 f   libvcruntimed:undname.obj
 0001:000553d0       ?composeDeclaration@UnDecorator@@CA?AVDName@@ABV2@@Z 400563d0 f i libvcruntimed:undname.obj
 0001:00057780       ?dbGetString@DName@@QBEPADXZ 40058780 f   libvcruntimed:undname.obj
 0001:000577b0       ?doAccessSpecifiers@UnDecorator@@SAHXZ 400587b0 f i libvcruntimed:undname.obj
 0001:000577e0       ?doAllocationLanguage@UnDecorator@@SAHXZ 400587e0 f i libvcruntimed:undname.obj
 0001:00057810       ?doAllocationModel@UnDecorator@@SAHXZ 40058810 f i libvcruntimed:undname.obj
 0001:00057840       ?doEcsu@UnDecorator@@SAHXZ 40058840 f i libvcruntimed:undname.obj
 0001:00057870       ?doEllipsis@UnDecorator@@SAHXZ 40058870 f i libvcruntimed:undname.obj
 0001:000578a0       ?doFunctionReturns@UnDecorator@@SAHXZ 400588a0 f i libvcruntimed:undname.obj
 0001:000578d0       ?doMSKeywords@UnDecorator@@SAHXZ 400588d0 f i libvcruntimed:undname.obj
 0001:00057900       ?doMemberTypes@UnDecorator@@SAHXZ 40058900 f i libvcruntimed:undname.obj
 0001:00057930       ?doNameOnly@UnDecorator@@SAHXZ 40058930 f i libvcruntimed:undname.obj
 0001:00057950       ?doNoIdentCharCheck@UnDecorator@@SAHXZ 40058950 f i libvcruntimed:undname.obj
 0001:00057970       ?doPchar@DName@@AAEXPBDH@Z 40058970 f   libvcruntimed:undname.obj
 0001:00057b00       ?doPtr64@UnDecorator@@SAHXZ 40058b00 f i libvcruntimed:undname.obj
 0001:00057b30       ?doRestrictionSpec@UnDecorator@@SAHXZ 40058b30 f i libvcruntimed:undname.obj
 0001:00057b60       ?doThisTypes@UnDecorator@@SAHXZ 40058b60 f i libvcruntimed:undname.obj
 0001:00057ba0       ?doThrowTypes@UnDecorator@@SAHXZ 40058ba0 f i libvcruntimed:undname.obj
 0001:00057bd0       ?doTypeOnly@UnDecorator@@SAHXZ 40058bd0 f i libvcruntimed:undname.obj
 0001:00057bf0       ?doUnderScore@UnDecorator@@SAHXZ 40058bf0 f i libvcruntimed:undname.obj
 0001:00057c20       ?getArgumentList@UnDecorator@@CA?AVDName@@XZ 40058c20 f   libvcruntimed:undname.obj
 0001:00057dc0       ?getArgumentTypes@UnDecorator@@CA?AVDName@@XZ 40058dc0 f   libvcruntimed:undname.obj
 0001:00057f70       ?getArrayType@UnDecorator@@CA?AVDName@@ABV2@@Z 40058f70 f i libvcruntimed:undname.obj
 0001:00058230       ?getBasedType@UnDecorator@@CA?AVDName@@XZ 40059230 f   libvcruntimed:undname.obj
 0001:00058320       ?getBasicDataType@UnDecorator@@CA?AVDName@@ABV2@@Z 40059320 f   libvcruntimed:undname.obj
 0001:00058a80       ?getCallIndex@UnDecorator@@CA?AVDName@@XZ 40059a80 f i libvcruntimed:undname.obj
 0001:00058aa0       ?getCallingConvention@UnDecorator@@CA?AVDName@@XZ 40059aa0 f   libvcruntimed:undname.obj
 0001:00058c90       ?getDataIndirectType@UnDecorator@@CA?AVDName@@ABV2@PBD0H@Z 40059c90 f   libvcruntimed:undname.obj
 0001:00059640       ?getDataIndirectType@UnDecorator@@CA?AVDName@@XZ 4005a640 f i libvcruntimed:undname.obj
 0001:00059690       ?getDataType@UnDecorator@@CA?AVDName@@PAV2@@Z 4005a690 f   libvcruntimed:undname.obj
 0001:000597f0       ?getDecoratedName@UnDecorator@@CA?AVDName@@XZ 4005a7f0 f   libvcruntimed:undname.obj
 0001:00059be0       ?getDimension@UnDecorator@@CA?AVDName@@_N@Z 4005abe0 f   libvcruntimed:undname.obj
 0001:00059f40       ?getDispatchTarget@UnDecorator@@CA?AVDName@@XZ 4005af40 f   libvcruntimed:undname.obj
 0001:0005a000       ?getDisplacement@UnDecorator@@CA?AVDName@@XZ 4005b000 f i libvcruntimed:undname.obj
 0001:0005a020       ?getECSUDataType@UnDecorator@@CA?AVDName@@XZ 4005b020 f   libvcruntimed:undname.obj
 0001:0005a260       ?getECSUName@UnDecorator@@CA?AVDName@@XZ 4005b260 f i libvcruntimed:undname.obj
 0001:0005a280       ?getEnumType@UnDecorator@@CA?AVDName@@XZ 4005b280 f i libvcruntimed:undname.obj
 0001:0005a420       ?getExtendedDataIndirectType@UnDecorator@@CA?AVDName@@AAPBDAA_NH@Z 4005b420 f   libvcruntimed:undname.obj
 0001:0005a700       ?getExternalDataType@UnDecorator@@CA?AVDName@@ABV2@@Z 4005b700 f i libvcruntimed:undname.obj
 0001:0005a7c0       ?getFunctionIndirectType@UnDecorator@@CA?AVDName@@ABV2@@Z 4005b7c0 f   libvcruntimed:undname.obj
 0001:0005ad70       ?getGuardNumber@UnDecorator@@CA?AVDName@@XZ 4005bd70 f i libvcruntimed:undname.obj
 0001:0005ad90       ?getLastChar@DName@@QBEDXZ 4005bd90 f i libvcruntimed:undname.obj
 0001:0005ade0       ?getLastChar@DNameStatusNode@@UBEDXZ 4005bde0 f i libvcruntimed:undname.obj
 0001:0005ae20       ?getLastChar@charNode@@UBEDXZ 4005be20 f i libvcruntimed:undname.obj
 0001:0005ae40       ?getLastChar@pDNameNode@@UBEDXZ 4005be40 f i libvcruntimed:undname.obj
 0001:0005ae80       ?getLastChar@pairNode@@UBEDXZ 4005be80 f i libvcruntimed:undname.obj
 0001:0005af00       ?getLastChar@pcharNode@@UBEDXZ 4005bf00 f i libvcruntimed:undname.obj
 0001:0005af40       ?getLexicalFrame@UnDecorator@@CA?AVDName@@XZ 4005bf40 f i libvcruntimed:undname.obj
 0001:0005af90       ?getMemory@_HeapManager@@QAEPAXIH@Z 4005bf90 f   libvcruntimed:undname.obj
 0001:0005b0f0       ?getNumberOfDimensions@UnDecorator@@CAHXZ 4005c0f0 f   libvcruntimed:undname.obj
 0001:0005b230       ?getOperatorName@UnDecorator@@CA?AVDName@@_NPA_N@Z 4005c230 f i libvcruntimed:undname.obj
 0001:0005bef0       ?getPointerType@UnDecorator@@CA?AVDName@@ABV2@0@Z 4005cef0 f i libvcruntimed:undname.obj
 0001:0005bf30       ?getPointerTypeArray@UnDecorator@@CA?AVDName@@ABV2@0@Z 4005cf30 f i libvcruntimed:undname.obj
 0001:0005bf70       ?getPrimaryDataType@UnDecorator@@CA?AVDName@@ABV2@@Z 4005cf70 f   libvcruntimed:undname.obj
 0001:0005c460       ?getPtrRefDataType@UnDecorator@@CA?AVDName@@ABV2@H@Z 4005d460 f   libvcruntimed:undname.obj
 0001:0005c660       ?getPtrRefType@UnDecorator@@CA?AVDName@@ABV2@0PBD@Z 4005d660 f   libvcruntimed:undname.obj
 0001:0005c830       ?getReferenceType@UnDecorator@@CA?AVDName@@ABV2@0PBD@Z 4005d830 f i libvcruntimed:undname.obj
 0001:0005c860       ?getRestrictionSpec@UnDecorator@@CA?AVDName@@XZ 4005d860 f   libvcruntimed:undname.obj
 0001:0005ca00       ?getReturnType@UnDecorator@@CA?AVDName@@PAV2@@Z 4005da00 f   libvcruntimed:undname.obj
 0001:0005ca60       ?getScope@UnDecorator@@CA?AVDName@@XZ 4005da60 f   libvcruntimed:undname.obj
 0001:0005d090       ?getScopedName@UnDecorator@@CA?AVDName@@XZ 4005e090 f   libvcruntimed:undname.obj
 0001:0005d1f0       ?getSignedDimension@UnDecorator@@CA?AVDName@@XZ 4005e1f0 f   libvcruntimed:undname.obj
 0001:0005d290       ?getStorageConvention@UnDecorator@@CA?AVDName@@XZ 4005e290 f i libvcruntimed:undname.obj
 0001:0005d2b0       ?getString@DName@@QBEPADPAD0@Z 4005e2b0 f i libvcruntimed:undname.obj
 0001:0005d310       ?getString@DName@@QBEPADPADH@Z 4005e310 f i libvcruntimed:undname.obj
 0001:0005d3c0       ?getString@DNameStatusNode@@UBEPADPAD0@Z 4005e3c0 f i libvcruntimed:undname.obj
 0001:0005d400       ?getString@charNode@@UBEPADPAD0@Z 4005e400 f i libvcruntimed:undname.obj
 0001:0005d440       ?getString@pDNameNode@@UBEPADPAD0@Z 4005e440 f i libvcruntimed:undname.obj
 0001:0005d490       ?getString@pairNode@@UBEPADPAD0@Z 4005e490 f i libvcruntimed:undname.obj
 0001:0005d530       ?getString@pcharNode@@UBEPADPAD0@Z 4005e530 f i libvcruntimed:undname.obj
 0001:0005d570       ?getStringEncoding@UnDecorator@@CA?AVDName@@PADH@Z 4005e570 f   libvcruntimed:undname.obj
 0001:0005d6c0       ?getStringHelper@@YAPADPAD00H@Z 4005e6c0 f i libvcruntimed:undname.obj
 0001:0005d710       ?getSymbolName@UnDecorator@@CA?AVDName@@XZ 4005e710 f i libvcruntimed:undname.obj
 0001:0005d7c0       ?getTemplateArgumentList@UnDecorator@@CA?AVDName@@XZ 4005e7c0 f   libvcruntimed:undname.obj
 0001:0005dca0       ?getTemplateConstant@UnDecorator@@CA?AVDName@@XZ 4005eca0 f   libvcruntimed:undname.obj
 0001:0005e3b0       ?getTemplateName@UnDecorator@@CA?AVDName@@_N@Z 4005f3b0 f   libvcruntimed:undname.obj
 0001:0005e5f0       ?getThisType@UnDecorator@@CA?AVDName@@XZ 4005f5f0 f i libvcruntimed:undname.obj
 0001:0005e640       ?getThrowTypes@UnDecorator@@CA?AVDName@@XZ 4005f640 f   libvcruntimed:undname.obj
 0001:0005e710       ?getTypeEncoding@UnDecorator@@CAHXZ 4005f710 f i libvcruntimed:undname.obj
 0001:0005f3e0       ?getVCallThunkType@UnDecorator@@CA?AVDName@@XZ 400603e0 f i libvcruntimed:undname.obj
 0001:0005f460       ?getVbTableType@UnDecorator@@CA?AVDName@@ABV2@@Z 40060460 f i libvcruntimed:undname.obj
 0001:0005f480       ?getVdispMapType@UnDecorator@@CA?AVDName@@ABV2@@Z 40060480 f i libvcruntimed:undname.obj
 0001:0005f510       ?getVfTableType@UnDecorator@@CA?AVDName@@ABV2@@Z 40060510 f i libvcruntimed:undname.obj
 0001:0005f740       ?getZName@UnDecorator@@CA?AVDName@@_N0@Z 40060740 f   libvcruntimed:undname.obj
 0001:0005fac0       ?haveTemplateParameters@UnDecorator@@SAHXZ 40060ac0 f i libvcruntimed:undname.obj
 0001:0005fae0       ?isArray@DName@@QBEHXZ     40060ae0 f i libvcruntimed:undname.obj
 0001:0005fb00       ?isComArray@DName@@QBEHXZ  40060b00 f i libvcruntimed:undname.obj
 0001:0005fb20       ?isEmpty@DName@@QBEHXZ     40060b20 f i libvcruntimed:undname.obj
 0001:0005fb60       ?isFull@Replicator@@QBEHXZ 40060b60 f i libvcruntimed:undname.obj
 0001:0005fba0       ?isNoTE@DName@@QBEHXZ      40060ba0 f i libvcruntimed:undname.obj
 0001:0005fbc0       ?isPinPtr@DName@@QBEHXZ    40060bc0 f i libvcruntimed:undname.obj
 0001:0005fbe0       ?isPtrRef@DName@@QBEHXZ    40060be0 f i libvcruntimed:undname.obj
 0001:0005fc00       ?isUDC@DName@@QBEHXZ       40060c00 f i libvcruntimed:undname.obj
 0001:0005fc50       ?isUDTThunk@DName@@QBEHXZ  40060c50 f i libvcruntimed:undname.obj
 0001:0005fca0       ?isVCallThunk@DName@@QBEHXZ 40060ca0 f i libvcruntimed:undname.obj
 0001:0005fcc0       ?isValid@DName@@QBEHXZ     40060cc0 f i libvcruntimed:undname.obj
 0001:0005fd00       ?length@DName@@QBEHXZ      40060d00 f i libvcruntimed:undname.obj
 0001:0005fd50       ?length@DNameStatusNode@@UBEHXZ 40060d50 f i libvcruntimed:undname.obj
 0001:0005fd70       ?length@charNode@@UBEHXZ   40060d70 f i libvcruntimed:undname.obj
 0001:0005fd90       ?length@pDNameNode@@UBEHXZ 40060d90 f i libvcruntimed:undname.obj
 0001:0005fdd0       ?length@pairNode@@UBEHXZ   40060dd0 f i libvcruntimed:undname.obj
 0001:0005fe60       ?length@pcharNode@@UBEHXZ  40060e60 f i libvcruntimed:undname.obj
 0001:0005fe80       ?make@DNameStatusNode@@SAPAV1@W4DNameStatus@@@Z 40060e80 f i libvcruntimed:undname.obj
 0001:0005ff10       ?setIsArray@DName@@QAEXXZ  40060f10 f i libvcruntimed:undname.obj
 0001:0005ff40       ?setIsComArray@DName@@QAEXXZ 40060f40 f i libvcruntimed:undname.obj
 0001:0005ff70       ?setIsNoTE@DName@@QAEXXZ   40060f70 f i libvcruntimed:undname.obj
 0001:0005ffa0       ?setIsPinPtr@DName@@QAEXXZ 40060fa0 f i libvcruntimed:undname.obj
 0001:0005ffd0       ?setIsUDC@DName@@QAEXXZ    40060fd0 f i libvcruntimed:undname.obj
 0001:00060010       ?setIsVCallThunk@DName@@QAEXXZ 40061010 f i libvcruntimed:undname.obj
 0001:00060040       ?setPtrRef@DName@@QAEAAV1@XZ 40061040 f i libvcruntimed:undname.obj
 0001:00060070       ?status@DName@@QBE?AW4DNameStatus@@XZ 40061070 f i libvcruntimed:undname.obj
 0001:00060190       ___unDName                 40061190 f   libvcruntimed:undname.obj
 0001:00060290       ___unDNameEx               40061290 f   libvcruntimed:undname.obj
 0001:00060390       __global_unwind2           40061390 f   libvcruntimed:_exsup_.obj
 0001:000603f5       __local_unwind2            400613f5 f   libvcruntimed:_exsup_.obj
 0001:00060479       __abnormal_termination     40061479 f   libvcruntimed:_exsup_.obj
 0001:0006049c       __NLG_Notify1              4006149c f   libvcruntimed:_exsup_.obj
 0001:000604a5       __NLG_Notify               400614a5 f   libvcruntimed:_exsup_.obj
 0001:000604bc       __NLG_Dispatch             400614bc     libvcruntimed:_exsup_.obj
 0001:000604bc       __NLG_Dispatch2            400614bc     libvcruntimed:_exsup_.obj
 0001:000604c4       __NLG_Call                 400614c4 f   libvcruntimed:_exsup_.obj
[...]
 0003:001e20a0       ___scrt_current_native_startup_state 402e90a0     LIBCMTD:utility.obj
 0003:001e20a4       ___scrt_native_startup_lock 402e90a4     LIBCMTD:utility.obj
 0003:001e20c8       ?__type_info_root_node@@3U__type_info_node@@A 402e90c8     LIBCMTD:tncleanup.obj
 0003:001e20d8       ?_OptionsStorage@?1??__local_stdio_scanf_options@@9@4_KA 402e90d8     LIBCMTD:default_local_stdio_options.obj
 0003:001e20e4       ___scrt_debugger_hook_flag 402e90e4     LIBCMTD:utility_desktop.obj
 0003:001e217c       ___pPurecall               402e917c     libvcruntimed:purevirt_data.obj
 0003:001e2180       ?pArgList@UnDecorator@@0PAVReplicator@@A 402e9180     libvcruntimed:undname.obj
 0003:001e2184       ?pZNameList@UnDecorator@@0PAVReplicator@@A 402e9184     libvcruntimed:undname.obj
 0003:001e2188       ?pTemplateArgList@UnDecorator@@0PAVReplicator@@A 402e9188     libvcruntimed:undname.obj
 0003:001e218c       ?gName@UnDecorator@@0PBDB  402e918c     libvcruntimed:undname.obj
 0003:001e2190       ?name@UnDecorator@@0PBDB   402e9190     libvcruntimed:undname.obj
 0003:001e2194       ?outputString@UnDecorator@@0PADA 402e9194     libvcruntimed:undname.obj
 0003:001e2198       ?maxStringLength@UnDecorator@@0HA 402e9198     libvcruntimed:undname.obj
 0003:001e219c       ?disableFlags@UnDecorator@@0KA 402e919c     libvcruntimed:undname.obj
 0003:001e21a0       ?fExplicitTemplateParams@UnDecorator@@0_NA 402e91a0     libvcruntimed:undname.obj
 0003:001e21a1       ?fGetTemplateArgumentList@UnDecorator@@0_NA 402e91a1     libvcruntimed:undname.obj
 0003:001e21a4       ?m_pGetParameter@UnDecorator@@0P6APADJ@ZA 402e91a4     libvcruntimed:undname.obj
 0003:001e2228       ?nodes@?1??make@DNameStatusNode@@SAPAV2@W4DNameStatus@@@Z@4PAV2@A 402e9228     libvcruntimed:undname.obj
 0003:001e2264       ??_B?1??make@DNameStatusNode@@SAPAV1@W4DNameStatus@@@Z@51 402e9264     libvcruntimed:undname.obj
 0003:001e262c       __environ_table            402e962c     libucrtd:environment_initialization.obj
 0003:001e2630       __wenviron_table           402e9630     libucrtd:environment_initialization.obj
 0003:001e2638       ___dcrt_initial_wide_environment 402e9638     libucrtd:environment_initialization.obj
 0003:001e263c       ___dcrt_initial_narrow_environment 402e963c     libucrtd:environment_initialization.obj
 0003:001e2640       ___acrt_atexit_table       402e9640     libucrtd:onexit.obj
 0003:001e2650       ___acrt_at_quick_exit_table 402e9650     libucrtd:onexit.obj
 0003:001e267c       __pfnDumpClient            402e967c     libucrtd:debug_heap.obj
 0003:001e2684       ___fastflag                402e9684     libucrtd:fp_flags.obj
 0003:001e268c       __nstream                  402e968c     libucrtd:_file.obj
 0003:001e2690       ___piob                    402e9690     libucrtd:_file.obj
 0003:001e2698       __cflush                   402e9698     libucrtd:_file.obj
 0003:001e26a0       ___acrt_stdout_buffer      402e96a0     libucrtd:_sftbuf.obj
 0003:001e26a4       ___acrt_stderr_buffer      402e96a4     libucrtd:_sftbuf.obj
 0003:001e26a8       ___acrt_locale_changed_data 402e96a8     libucrtd:wsetlocale.obj
 0003:001e26ac       ___acrt_current_locale_data 402e96ac     libucrtd:nlsdata.obj
 0003:001e26b0       ___pioinfo                 402e96b0     libucrtd:ioinit.obj
 0003:001e2918       __nhandle                  402e9918     libucrtd:ioinit.obj
 0003:001e2920       __pReportHookListW         402e9920     libucrtd:dbgrptt.obj
 0003:001e2924       __pfnReportHook            402e9924     libucrtd:dbgrptt.obj
 0003:001e2928       __pReportHookList          402e9928     libucrtd:dbgrptt.obj
 0003:001e2bc4       ___mbcodepage              402e9bc4     libucrtd:mbctype.obj
 0003:001e2bc8       ___ismbcodepage            402e9bc8     libucrtd:mbctype.obj
 0003:001e2bcc       ___mbulinfo                402e9bcc     libucrtd:mbctype.obj
 0003:001e2be0       ___mblocalename            402e9be0     libucrtd:mbctype.obj
 0003:001e2be8       ___argc                    402e9be8     libucrtd:argv_data.obj
 0003:001e2bec       ___argv                    402e9bec     libucrtd:argv_data.obj
 0003:001e2bf0       ___wargv                   402e9bf0     libucrtd:argv_data.obj
 0003:001e2bf4       __acmdln                   402e9bf4     libucrtd:argv_data.obj
 0003:001e2bf8       __wcmdln                   402e9bf8     libucrtd:argv_data.obj
 0003:001e2bfc       __pgmptr                   402e9bfc     libucrtd:argv_data.obj
 0003:001e2c00       __wpgmptr                  402e9c00     libucrtd:argv_data.obj
 0003:001e2c04       ___acrt_heap               402e9c04     libucrtd:heap_handle.obj
 0003:001e337b       ___acrt_lconv_static_null  402ea37b     libucrtd:localeconv.obj
 0003:001e337c       ___acrt_lconv_static_W_null 402ea37c     libucrtd:localeconv.obj
 0003:001e3384       ?g_OutOfMemoryExceptionCallback@@3P6GPAXXZA 402ea384     libvcruntimed:frame.obj
 0003:001e33a0       _g_nameBind2               402ea3a0     <common>
 0003:001eaac0       _g_nameBind1               402f1ac0     <common>
 0003:001eaae0       _menuParseKeywordHash      402f1ae0     <common>
 0003:001eb2e0       _menuStack                 402f22e0     <common>
 0003:001eb320       _Menus                     402f2320     <common>
 0003:0020f520       _itemParseKeywordHash      40316520     <common>
 0003:0020fd20       _ui_cdkeychecked           40316d20     <common>
 0003:0021a720       _ui_bigFont                40321720     <common>
 0003:0021a840       _ui_smallFont              40321840     <common>
 0003:0021a960       _ui_server16               40321960     <common>
 0003:0021aa80       _ui_server15               40321a80     <common>
 0003:0021aba0       _ui_server14               40321ba0     <common>
 0003:0021acc0       _ui_server13               40321cc0     <common>
 0003:0021ade0       _ui_server12               40321de0     <common>
 0003:0021af00       _ui_server11               40321f00     <common>
 0003:0021b020       _ui_server10               40322020     <common>
 0003:0021b140       _ui_server9                40322140     <common>
 0003:0021b260       _ui_server8                40322260     <common>
 0003:0021b380       _ui_server7                40322380     <common>
 0003:0021b4a0       _ui_server6                403224a0     <common>
 0003:0021b5c0       _ui_server5                403225c0     <common>
 0003:0021b6e0       _ui_server4                403226e0     <common>
 0003:0021b800       _ui_server3                40322800     <common>
 0003:0021b920       _ui_server2                40322920     <common>
 0003:0021ba40       _ui_server1                40322a40     <common>
 0003:0021bb60       _ui_emptyswitch            40322b60     <common>
 0003:0021bc80       _ui_autoactivate           40322c80     <common>
 0003:0021bda0       _ui_marks                  40322da0     <common>
 0003:0021bec0       _ui_useSuggestedWeapons    40322ec0     <common>
 0003:0021bfe0       _ui_drawCrosshairPickups   40322fe0     <common>
 0003:0021c100       _ui_drawCrosshairNames     40323100     <common>
 0003:0021c220       _ui_drawCrosshair          40323220     <common>
 0003:0021c340       _ui_brassTime              40323340     <common>
 0003:0021c460       _ui_master                 40323460     <common>
 0003:0021c580       _ui_spSelection            40323580     <common>
 0003:0021c6a0       _ui_spSkill                403236a0     <common>
 0003:0021c7c0       _ui_spVideos               403237c0     <common>
 0003:0021c8e0       _ui_spAwards               403238e0     <common>
 0003:0021ca00       _ui_spScores5              40323a00     <common>
 0003:0021cb20       _ui_spScores4              40323b20     <common>
 0003:0021cc40       _ui_spScores3              40323c40     <common>
 0003:0021cd60       _ui_spScores2              40323d60     <common>
 0003:0021ce80       _ui_spScores1              40323e80     <common>
 0003:0021cfa0       _ui_botsFile               40323fa0     <common>
 0003:0021d0c0       _ui_arenasFile             403240c0     <common>
 0003:0021d1e0       _ui_ctf_friendly           403241e0     <common>
 0003:0021d300       _ui_ctf_timelimit          40324300     <common>
 0003:0021d420       _ui_ctf_capturelimit       40324420     <common>
 0003:0021d540       _ui_team_friendly          40324540     <common>
 0003:0021d660       _ui_team_timelimit         40324660     <common>
 0003:0021d780       _ui_team_fraglimit         40324780     <common>
 0003:0021d8a0       _ui_tourney_timelimit      403248a0     <common>
 0003:0021d9c0       _ui_tourney_fraglimit      403249c0     <common>
 0003:0021dae0       _ui_ffa_timelimit          40324ae0     <common>
 0003:0021dc00       _ui_ffa_fraglimit          40324c00     <common>
 0003:0021dd20       _uiInfo                    40324d20     <common>
 0003:0024cc00       _ui_limboMode              40353c00     <common>
 0003:0024cd20       _ui_prevWeapon             40353d20     <common>
 0003:0024ce40       _ui_prevClass              40353e40     <common>
 0003:0024cf60       _ui_prevTeam               40353f60     <common>
 0003:0024d080       _ui_cmd                    40354080     <common>
 0003:0024d1a0       _ui_limboOptions           403541a0     <common>
 0003:0024d2c0       _ui_model                  403542c0     <common>
 0003:0024d3e0       _ui_headModel              403543e0     <common>
 0003:0024d500       _ui_Q3Model                40354500     <common>
 0003:0024d620       _ui_WolfFirstRun           40354620     <common>
 0003:0024d740       _ui_initialized            40354740     <common>
 0003:0024d860       _ui_debug                  40354860     <common>
 0003:0024d980       _ui_new                    40354980     <common>
 0003:0024da90       _startTime                 40354a90     <common>
 0003:0024daa0       _ui_serverStatusTimeOut    40354aa0     <common>
 0003:0024dbc0       _ui_browserShowEmpty       40354bc0     <common>
 0003:0024dce0       _ui_browserShowFull        40354ce0     <common>
 0003:0024de00       _ui_browserSortKey         40354e00     <common>
 0003:0024df20       _ui_browserGameType        40354f20     <common>
 0003:0024e040       _ui_browserMaster          40355040     <common>
 0003:0024e160       _ui_mapIndex               40355160     <common>
 0003:0024e280       _ui_currentMap             40355280     <common>
 0003:0024e3a0       _ui_currentNetMap          403553a0     <common>
 0003:0024e4c0       _ui_serverFilterType       403554c0     <common>
 0003:0024e5e0       _ui_savegameName           403555e0     <common>
 0003:0024e700       _ui_savegameListAutosave   40355700     <common>
 0003:0024e820       _ui_cameraMode             40355820     <common>
 0003:0024e940       _ui_hunkUsed               40355940     <common>
 0003:0024ea60       _ui_hudAlpha               40355a60     <common>
 0003:0024eb80       _ui_clipboardName          40355b80     <common>
 0003:0024eca0       _ui_notebookCurrentPage    40355ca0     <common>
 0003:0024edc0       _ui_dedicated              40355dc0     <common>
 0003:0024eee0       _ui_joinGameType           40355ee0     <common>
 0003:0024f000       _ui_actualNetGameType      40356000     <common>
 0003:0024f120       _ui_netGameType            40356120     <common>
 0003:0024f240       _ui_gameType               40356240     <common>
 0003:0024f360       _ui_menuFiles              40356360     <common>
 0003:0024f480       _ui_netSource              40356480     <common>
 0003:0024f5a0       _ui_selectedPlayerName     403565a0     <common>
 0003:0024f6c0       _ui_selectedPlayer         403566c0     <common>
 0003:0024f7d0       _ui_numBots                403567d0     <common>
 0003:0024f7e0       _uis                       403567e0     <common>
 0003:00251aa4       _m_entersound              40358aa4     <common>
 0003:00251aa8       ?_OptionsStorage@?1??__local_stdio_printf_options@@9@9 40358aa8     <common>
 0003:00251abc       ___scrt_ucrt_dll_is_in_use 40358abc     <common>
 0003:00251ac8       ___dyn_tls_init_callback   40358ac8     <common>
 0003:00251ad4       __pmatherr                 40358ad4     <common>
 0003:00251ae0       ___use_sse2_mathfcns       40358ae0     <common>
 0004:00000000       __imp__IsDebuggerPresent@0 40359000     kernel32:KERNEL32.dll
 0004:00000004       __imp__RaiseException@16   40359004     kernel32:KERNEL32.dll
 0004:00000008       __imp__MultiByteToWideChar@24 40359008     kernel32:KERNEL32.dll
 0004:0000000c       __imp__WideCharToMultiByte@32 4035900c     kernel32:KERNEL32.dll
 0004:00000010       __imp__UnhandledExceptionFilter@4 40359010     kernel32:KERNEL32.dll
 0004:00000014       __imp__SetUnhandledExceptionFilter@4 40359014     kernel32:KERNEL32.dll
 0004:00000018       __imp__GetCurrentProcess@0 40359018     kernel32:KERNEL32.dll
 0004:0000001c       __imp__TerminateProcess@8  4035901c     kernel32:KERNEL32.dll
 0004:00000020       __imp__IsProcessorFeaturePresent@4 40359020     kernel32:KERNEL32.dll
 0004:00000024       __imp__GetLastError@0      40359024     kernel32:KERNEL32.dll
 0004:00000028       __imp__HeapAlloc@12        40359028     kernel32:KERNEL32.dll
 0004:0000002c       __imp__HeapFree@12         4035902c     kernel32:KERNEL32.dll
 0004:00000030       __imp__GetProcessHeap@0    40359030     kernel32:KERNEL32.dll
 0004:00000034       __imp__VirtualQuery@12     40359034     kernel32:KERNEL32.dll
 0004:00000038       __imp__FreeLibrary@4       40359038     kernel32:KERNEL32.dll
 0004:0000003c       __imp__GetProcAddress@8    4035903c     kernel32:KERNEL32.dll
 0004:00000040       __imp__QueryPerformanceCounter@4 40359040     kernel32:KERNEL32.dll
 0004:00000044       __imp__GetCurrentProcessId@0 40359044     kernel32:KERNEL32.dll
 0004:00000048       __imp__GetCurrentThreadId@0 40359048     kernel32:KERNEL32.dll
 0004:0000004c       __imp__GetSystemTimeAsFileTime@4 4035904c     kernel32:KERNEL32.dll
 0004:00000050       __imp__InitializeSListHead@4 40359050     kernel32:KERNEL32.dll
 0004:00000054       __imp__GetStartupInfoW@4   40359054     kernel32:KERNEL32.dll
 0004:00000058       __imp__GetModuleHandleW@4  40359058     kernel32:KERNEL32.dll
 0004:0000005c       __imp__GetModuleFileNameW@12 4035905c     kernel32:KERNEL32.dll
 0004:00000060       __imp__LoadLibraryExW@12   40359060     kernel32:KERNEL32.dll
 0004:00000064       __imp__InterlockedPushEntrySList@8 40359064     kernel32:KERNEL32.dll
 0004:00000068       __imp__InterlockedFlushSList@4 40359068     kernel32:KERNEL32.dll
 0004:0000006c       __imp__RtlUnwind@16        4035906c     kernel32:KERNEL32.dll
 0004:00000070       __imp__SetLastError@4      40359070     kernel32:KERNEL32.dll
 0004:00000074       __imp__EnterCriticalSection@4 40359074     kernel32:KERNEL32.dll
 0004:00000078       __imp__LeaveCriticalSection@4 40359078     kernel32:KERNEL32.dll
 0004:0000007c       __imp__DeleteCriticalSection@4 4035907c     kernel32:KERNEL32.dll
 0004:00000080       __imp__InitializeCriticalSectionAndSpinCount@8 40359080     kernel32:KERNEL32.dll
 0004:00000084       __imp__TlsAlloc@0          40359084     kernel32:KERNEL32.dll
 0004:00000088       __imp__TlsGetValue@4       40359088     kernel32:KERNEL32.dll
 0004:0000008c       __imp__TlsSetValue@8       4035908c     kernel32:KERNEL32.dll
 0004:00000090       __imp__TlsFree@4           40359090     kernel32:KERNEL32.dll
 0004:00000094       __imp__GetModuleFileNameA@12 40359094     kernel32:KERNEL32.dll
 0004:00000098       __imp__GetModuleHandleExW@12 40359098     kernel32:KERNEL32.dll
 0004:0000009c       __imp__ExitProcess@4       4035909c     kernel32:KERNEL32.dll
 0004:000000a0       __imp__HeapValidate@12     403590a0     kernel32:KERNEL32.dll
 0004:000000a4       __imp__GetSystemInfo@4     403590a4     kernel32:KERNEL32.dll
 0004:000000a8       __imp__GetCurrentThread@0  403590a8     kernel32:KERNEL32.dll
 0004:000000ac       __imp__GetACP@0            403590ac     kernel32:KERNEL32.dll
 0004:000000b0       __imp__GetStdHandle@4      403590b0     kernel32:KERNEL32.dll
 0004:000000b4       __imp__GetFileType@4       403590b4     kernel32:KERNEL32.dll
 0004:000000b8       __imp__GetStringTypeW@16   403590b8     kernel32:KERNEL32.dll
 0004:000000bc       __imp__EncodePointer@4     403590bc     kernel32:KERNEL32.dll
 0004:000000c0       __imp__DecodePointer@4     403590c0     kernel32:KERNEL32.dll
 0004:000000c4       __imp__WriteFile@20        403590c4     kernel32:KERNEL32.dll
 0004:000000c8       __imp__OutputDebugStringA@4 403590c8     kernel32:KERNEL32.dll
 0004:000000cc       __imp__OutputDebugStringW@4 403590cc     kernel32:KERNEL32.dll
 0004:000000d0       __imp__WriteConsoleW@20    403590d0     kernel32:KERNEL32.dll
 0004:000000d4       __imp__CloseHandle@4       403590d4     kernel32:KERNEL32.dll
 0004:000000d8       __imp__WaitForSingleObjectEx@12 403590d8     kernel32:KERNEL32.dll
 0004:000000dc       __imp__CreateThread@24     403590dc     kernel32:KERNEL32.dll
 0004:000000e0       __imp__SetConsoleCtrlHandler@8 403590e0     kernel32:KERNEL32.dll
 0004:000000e4       __imp__GetDateFormatW@24   403590e4     kernel32:KERNEL32.dll
 0004:000000e8       __imp__GetTimeFormatW@24   403590e8     kernel32:KERNEL32.dll
 0004:000000ec       __imp__CompareStringW@24   403590ec     kernel32:KERNEL32.dll
 0004:000000f0       __imp__LCMapStringW@24     403590f0     kernel32:KERNEL32.dll
 0004:000000f4       __imp__GetLocaleInfoW@16   403590f4     kernel32:KERNEL32.dll
 0004:000000f8       __imp__IsValidLocale@8     403590f8     kernel32:KERNEL32.dll
 0004:000000fc       __imp__GetUserDefaultLCID@0 403590fc     kernel32:KERNEL32.dll
 0004:00000100       __imp__EnumSystemLocalesW@8 40359100     kernel32:KERNEL32.dll
 0004:00000104       __imp__FindClose@4         40359104     kernel32:KERNEL32.dll
 0004:00000108       __imp__FindFirstFileExA@24 40359108     kernel32:KERNEL32.dll
 0004:0000010c       __imp__FindFirstFileExW@24 4035910c     kernel32:KERNEL32.dll
 0004:00000110       __imp__FindNextFileA@8     40359110     kernel32:KERNEL32.dll
 0004:00000114       __imp__FindNextFileW@8     40359114     kernel32:KERNEL32.dll
 0004:00000118       __imp__IsValidCodePage@4   40359118     kernel32:KERNEL32.dll
 0004:0000011c       __imp__GetOEMCP@0          4035911c     kernel32:KERNEL32.dll
 0004:00000120       __imp__GetCPInfo@8         40359120     kernel32:KERNEL32.dll
 0004:00000124       __imp__GetCommandLineA@0   40359124     kernel32:KERNEL32.dll
 0004:00000128       __imp__GetCommandLineW@0   40359128     kernel32:KERNEL32.dll
 0004:0000012c       __imp__GetEnvironmentStringsW@0 4035912c     kernel32:KERNEL32.dll
 0004:00000130       __imp__FreeEnvironmentStringsW@4 40359130     kernel32:KERNEL32.dll
 0004:00000134       __imp__SetEnvironmentVariableA@8 40359134     kernel32:KERNEL32.dll
 0004:00000138       __imp__SetEnvironmentVariableW@8 40359138     kernel32:KERNEL32.dll
 0004:0000013c       __imp__HeapReAlloc@16      4035913c     kernel32:KERNEL32.dll
 0004:00000140       __imp__HeapSize@12         40359140     kernel32:KERNEL32.dll
 0004:00000144       __imp__HeapQueryInformation@20 40359144     kernel32:KERNEL32.dll
 0004:00000148       __imp__SetStdHandle@8      40359148     kernel32:KERNEL32.dll
 0004:0000014c       __imp__GetConsoleCP@0      4035914c     kernel32:KERNEL32.dll
 0004:00000150       __imp__GetConsoleMode@8    40359150     kernel32:KERNEL32.dll
 0004:00000154       __imp__SetFilePointerEx@20 40359154     kernel32:KERNEL32.dll
 0004:00000158       __imp__FlushFileBuffers@4  40359158     kernel32:KERNEL32.dll
 0004:0000015c       __imp__CreateFileW@28      4035915c     kernel32:KERNEL32.dll
 0004:00000160       \177KERNEL32_NULL_THUNK_DATA 40359160     kernel32:KERNEL32.dll
 0004:000001d0       __IMPORT_DESCRIPTOR_KERNEL32 403591d0     kernel32:KERNEL32.dll
 0004:000001e4       __NULL_IMPORT_DESCRIPTOR   403591e4     kernel32:KERNEL32.dll
 0006:00000000       ___guard_check_icall_fptr  4035b000     LIBCMTD:guard_support.obj
