 cgamex86

 Timestamp is 5c928d3c (Wed Mar 20 13:58:04 2019)

 Preferred load address is 30000000

 Start         Length     Name                   Class
 0001:00000000 0015b7c0H .text$mn                CODE
 0001:0015b7c0 000010a6H .text$x                 CODE
 0002:00000000 00000104H .CRT$XCA                DATA
 0002:00000104 00000104H .CRT$XCZ                DATA
 0002:00000208 00000104H .CRT$XIA                DATA
 0002:0000030c 00000110H .CRT$XIC                DATA
 0002:0000041c 00000104H .CRT$XIZ                DATA
 0002:00000520 00000104H .CRT$XPA                DATA
 0002:00000624 0000010cH .CRT$XPX                DATA
 0002:00000730 00000104H .CRT$XPXA               DATA
 0002:00000834 00000104H .CRT$XPZ                DATA
 0002:00000938 00000104H .CRT$XTA                DATA
 0002:00000a3c 00000104H .CRT$XTZ                DATA
 0002:00000b40 00037d9cH .rdata                  DATA
 0002:000388dc 00000444H .rdata$r                DATA
 0002:00038d20 00000128H .rdata$sxdata           DATA
 0002:00038e48 000001acH .rdata$zzzdbg           DATA
 0002:00038ff4 00000104H .rtc$IAA                DATA
 0002:000390f8 00000104H .rtc$IZZ                DATA
 0002:000391fc 00000104H .rtc$TAA                DATA
 0002:00039300 00000108H .rtc$TZZ                DATA
 0002:00039408 00000db8H .xdata$x                DATA
 0002:0003a1c0 0000016aH .edata                  DATA
 0003:00000000 00007be4H .data                   DATA
 0003:00007be4 0000025cH .data$r                 DATA
 0003:00007e40 00b9a9b0H .bss                    DATA
 0004:00000000 000001ccH .idata$5                DATA
 0004:000001cc 00000014H .idata$2                DATA
 0004:000001e0 00000014H .idata$3                DATA
 0004:000001f4 000001ccH .idata$4                DATA
 0004:000003c0 0000082aH .idata$6                DATA
 0005:00000000 00000208H .gfids$x                DATA
 0005:00000208 000001caH .gfids$y                DATA
 0006:00000000 00000104H .00cfg                  DATA
 0007:00000000 00000170H .rsrc$01                DATA
 0007:00000170 000002ccH .rsrc$02                DATA

  Address         Publics by Value              Rva+Base       Lib:Object

 0000:00000000       ___guard_fids_table        00000000     <absolute>
 0000:00000000       ___dynamic_value_reloc_table 00000000     <absolute>
 0000:00000000       ___guard_fids_count        00000000     <absolute>
 0000:00000000       ___guard_iat_count         00000000     <absolute>
 0000:00000000       __except_list              00000000     <absolute>
 0000:00000000       ___guard_longjmp_count     00000000     <absolute>
 0000:00000000       ___guard_longjmp_table     00000000     <absolute>
 0000:00000000       ___guard_iat_table         00000000     <absolute>
 0000:00000008       ___safe_se_handler_count   00000008     <absolute>
 0000:00000100       ___guard_flags             00000100     <absolute>
 0000:00000000       ___ImageBase               30000000     <linker-defined>
 0001:00008390       _BG_AnimGetFootstepGap     30009390 f   bg_animation.obj
 0001:00008490       _BG_AnimParseAnimConfig    30009490 f   bg_animation.obj
 0001:00009170       _BG_AnimParseAnimScript    3000a170 f   bg_animation.obj
 0001:0000a140       _BG_AnimParseError         3000b140 f   bg_animation.obj
 0001:0000a200       _BG_AnimScriptAnimation    3000b200 f   bg_animation.obj
 0001:0000a390       _BG_AnimScriptCannedAnimation 3000b390 f   bg_animation.obj
 0001:0000a4d0       _BG_AnimScriptEvent        3000b4d0 f   bg_animation.obj
 0001:0000a5d0       _BG_AnimScriptStateChange  3000b5d0 f   bg_animation.obj
 0001:0000a6c0       _BG_AnimUpdatePlayerStateConditions 3000b6c0 f   bg_animation.obj
 0001:0000a8d0       _BG_AnimationForString     3000b8d0 f   bg_animation.obj
 0001:0000a990       _BG_AnimationIndexForString 3000b990 f   bg_animation.obj
 0001:0000aa60       _BG_CopyStringIntoBuffer   3000ba60 f   bg_animation.obj
 0001:0000aaf0       _BG_EvaluateConditions     3000baf0 f   bg_animation.obj
 0001:0000ac60       _BG_ExecuteCommand         3000bc60 f   bg_animation.obj
 0001:0000af50       _BG_FirstValidItem         3000bf50 f   bg_animation.obj
 0001:0000afd0       _BG_GetAnimScriptAnimation 3000bfd0 f   bg_animation.obj
 0001:0000b0f0       _BG_GetAnimScriptEvent     3000c0f0 f   bg_animation.obj
 0001:0000b1d0       _BG_GetAnimString          3000c1d0 f   bg_animation.obj
 0001:0000b230       _BG_GetAnimationForIndex   3000c230 f   bg_animation.obj
 0001:0000b290       _BG_GetConditionValue      3000c290 f   bg_animation.obj
 0001:0000b360       _BG_IndexForString         3000c360 f   bg_animation.obj
 0001:0000b430       _BG_InitWeaponStrings      3000c430 f   bg_animation.obj
 0001:0000b550       _BG_ModelInfoForClient     3000c550 f   bg_animation.obj
 0001:0000b5d0       _BG_ModelInfoForModelname  3000c5d0 f   bg_animation.obj
 0001:0000b680       _BG_ParseCommands          3000c680 f   bg_animation.obj
 0001:0000bd70       _BG_ParseConditionBits     3000cd70 f   bg_animation.obj
 0001:0000c2e0       _BG_ParseConditions        3000d2e0 f   bg_animation.obj
 0001:0000c580       _BG_PlayAnim               3000d580 f   bg_animation.obj
 0001:0000c7f0       _BG_PlayAnimName           3000d7f0 f   bg_animation.obj
 0001:0000c8e0       _BG_UpdateConditionValue   3000d8e0 f   bg_animation.obj
 0001:0000c9e0       _BG_UpdateConditionValueStrings 3000d9e0 f   bg_animation.obj
 0001:0000ca70       _BG_ValidAnimScript        3000da70 f   bg_animation.obj
 0001:0000cad0       ___local_stdio_printf_options 3000dad0 f i bg_animation.obj
 0001:0000caf0       __vsnprintf_l              3000daf0 f i bg_animation.obj
 0001:0000cb60       _vsprintf                  3000db60 f i bg_animation.obj
 0001:0000cba0       __atof                     3000dba0 f   bg_lib.obj
 0001:0000cda0       _atof                      3000dda0 f   bg_lib.obj
 0001:0000d070       _memmove                   3000e070 f   bg_lib.obj
 0001:0000d110       _qsort                     3000e110 f   bg_lib.obj
 0001:0000d7c0       _rand                      3000e7c0 f   bg_lib.obj
 0001:0000d800       _srand                     3000e800 f   bg_lib.obj
 0001:0000d820       _strcat                    3000e820 f   bg_lib.obj
 0001:0000d8a0       _strchr                    3000e8a0 f   bg_lib.obj
 0001:0000d8f0       _strcmp                    3000e8f0 f   bg_lib.obj
 0001:0000d960       _strcpy                    3000e960 f   bg_lib.obj
 0001:0000d9c0       _strlen                    3000e9c0 f   bg_lib.obj
 0001:0000da00       _strstr                    3000ea00 f   bg_lib.obj
 0001:0000db80       _tan                       3000eb80 f   bg_lib.obj
 0001:0000dc00       _BG_AddPredictableEventToPlayerstate 3000ec00 f   bg_misc.obj
 0001:0000dd10       _BG_AkimboFireSequence     3000ed10 f   bg_misc.obj
 0001:0000dd70       _BG_CanItemBeGrabbed       3000ed70 f   bg_misc.obj
 0001:0000e1f0       _BG_EvaluateTrajectory     3000f1f0 f   bg_misc.obj
 0001:0000efa0       _BG_EvaluateTrajectoryDelta 3000ffa0 f   bg_misc.obj
 0001:0000f7d0       _BG_FindAmmoForWeapon      300107d0 f   bg_misc.obj
 0001:0000f8c0       _BG_FindClipForWeapon      300108c0 f   bg_misc.obj
 0001:0000f9b0       _BG_FindItem               300109b0 f   bg_misc.obj
 0001:0000fa10       _BG_FindItem2              30010a10 f   bg_misc.obj
 0001:0000fab0       _BG_FindItemForAmmo        30010ab0 f   bg_misc.obj
 0001:0000fb40       _BG_FindItemForHoldable    30010b40 f   bg_misc.obj
 0001:0000fbb0       _BG_FindItemForKey         30010bb0 f   bg_misc.obj
 0001:0000fc50       _BG_FindItemForPowerup     30010c50 f   bg_misc.obj
 0001:0000fcd0       _BG_FindItemForWeapon      30010cd0 f   bg_misc.obj
 0001:0000fdf0       _BG_GetMarkDir             30010df0 f   bg_misc.obj
 0001:000101b0       _BG_PlayerStateToEntityState 300111b0 f   bg_misc.obj
 0001:00010830       _BG_PlayerStateToEntityStateExtraPolate 30011830 f   bg_misc.obj
 0001:00010ed0       _BG_PlayerTouchesItem      30011ed0 f   bg_misc.obj
 0001:00011070       _isClipOnly                30012070 f   bg_misc.obj
 0001:000110e0       _Com_GetFlamethrowerRange  300120e0 f   bg_pmove.obj
 0001:000112f0       _PM_AddEvent               300122f0 f   bg_pmove.obj
 0001:00011320       _PM_AddFallEvent           30012320 f   bg_pmove.obj
 0001:00011360       _PM_AddTouchEnt            30012360 f   bg_pmove.obj
 0001:00011410       _PM_AdjustAimSpreadScale   30012410 f   bg_pmove.obj
 0001:000125d0       _PM_CheckForReload         300135d0 f   bg_pmove.obj
 0001:00012a20       _PM_CheckLadderMove        30013a20 f   bg_pmove.obj
 0001:000135a0       _PM_ClipVelocity           300145a0 f   bg_pmove.obj
 0001:00013a10       _PM_CoolWeapons            30014a10 f   bg_pmove.obj
 0001:000167f0       _PM_LadderMove             300177f0 f   bg_pmove.obj
 0001:00017b50       _PM_Sprint                 30018b50 f   bg_pmove.obj
 0001:000180b0       _PM_UpdateLean             300190b0 f   bg_pmove.obj
 0001:00018710       _PM_UpdateViewAngles       30019710 f   bg_pmove.obj
 0001:0001b520       _PM_WeaponAmmoAvailable    3001c520 f   bg_pmove.obj
 0001:0001b600       _PM_WeaponClipEmpty        3001c600 f   bg_pmove.obj
 0001:0001b680       _PM_WeaponUseAmmo          3001c680 f   bg_pmove.obj
 0001:0001b780       _Pmove                     3001c780 f   bg_pmove.obj
 0001:0001b9f0       _PmoveSingle               3001c9f0 f   bg_pmove.obj
 0001:0001c2d0       _PM_SlideMove              3001d2d0 f   bg_slidemove.obj
 0001:0001d550       _PM_StepSlideMove          3001e550 f   bg_slidemove.obj
 0001:0001de70       _AddPointToBounds          3001ee70 f   q_math.obj
 0001:0001e050       _AngleDelta                3001f050 f   q_math.obj
 0001:0001e090       _AngleMod                  3001f090 f   q_math.obj
 0001:0001e0e0       _AngleNormalize180         3001f0e0 f   q_math.obj
 0001:0001e150       _AngleNormalize360         3001f150 f   q_math.obj
 0001:0001e1a0       _AngleSubtract             3001f1a0 f   q_math.obj
 0001:0001e220       _AngleVectors              3001f220 f   q_math.obj
 0001:0001e5e0       _AnglesSubtract            3001f5e0 f   q_math.obj
 0001:0001e6f0       _AnglesToAxis              3001f6f0 f   q_math.obj
 0001:0001e830       _AxisClear                 3001f830 f   q_math.obj
 0001:0001e980       _AxisCopy                  3001f980 f   q_math.obj
 0001:0001eb80       _AxisToAngles              3001fb80 f   q_math.obj
 0001:0001ee80       _BoxOnPlaneSide            3001fe80 f   q_math.obj
 0001:0001f150       _ByteToDir                 30020150 f   q_math.obj
 0001:0001f260       _ClampChar                 30020260 f   q_math.obj
 0001:0001f290       _ClampShort                30020290 f   q_math.obj
 0001:0001f2e0       _ClearBounds               300202e0 f   q_math.obj
 0001:0001f3b0       _ColorBytes3               300203b0 f   q_math.obj
 0001:0001f440       _ColorBytes4               30020440 f   q_math.obj
 0001:0001f4f0       _CrossProduct              300204f0 f   q_math.obj
 0001:0001f640       _DirToByte                 30020640 f   q_math.obj
 0001:0001f770       _Distance                  30020770 f   q_math.obj
 0001:0001f870       _DistanceSquared           30020870 f   q_math.obj
 0001:0001f9d0       _GetPerpendicularViewVector 300209d0 f   q_math.obj
 0001:0001fbc0       _LerpAngle                 30020bc0 f   q_math.obj
 0001:0001fc60       _MakeNormalVectors         30020c60 f   q_math.obj
 0001:0001fe90       _MatrixMultiply            30020e90 f   q_math.obj
 0001:00020630       _NormalizeColor            30021630 f   q_math.obj
 0001:000207c0       _PerpendicularVector       300217c0 f   q_math.obj
 0001:00020910       _PlaneFromPoints           30021910 f   q_math.obj
 0001:00020b90       _ProjectPointOnPlane       30021b90 f   q_math.obj
 0001:00020e30       _ProjectPointOntoVector    30021e30 f   q_math.obj
 0001:000211f0       _Q_crandom                 300221f0 f   q_math.obj
 0001:00021240       _Q_fabs                    30022240 f   q_math.obj
 0001:00021270       _Q_log2                    30022270 f   q_math.obj
 0001:000212b0       _Q_rand                    300222b0 f   q_math.obj
 0001:000212e0       _Q_random                  300222e0 f   q_math.obj
 0001:00021330       _Q_rsqrt                   30022330 f   q_math.obj
 0001:000213d0       _RadiusFromBounds          300223d0 f   q_math.obj
 0001:000214c0       _RotateAroundDirection     300224c0 f   q_math.obj
 0001:00021620       _RotatePointAroundVector   30022620 f   q_math.obj
 0001:00021cf0       _SetPlaneSignbits          30022cf0 f   q_math.obj
 0001:00021d60       _Vector4Scale              30022d60 f   q_math.obj
 0001:00021e30       _VectorCompare             30022e30 f   q_math.obj
 0001:00021ee0       _VectorDistance            30022ee0 f   q_math.obj
 0001:00021fe0       _VectorInverse             30022fe0 f   q_math.obj
 0001:00022090       _VectorLength              30023090 f   q_math.obj
 0001:00022150       _VectorLengthSquared       30023150 f   q_math.obj
 0001:000221f0       _VectorNormalize           300231f0 f   q_math.obj
 0001:00022360       _VectorNormalize2          30023360 f   q_math.obj
 0001:00022520       _VectorNormalizeFast       30023520 f   q_math.obj
 0001:00022660       _VectorRotate              30023660 f   q_math.obj
 0001:00022890       __DotProduct               30023890 f   q_math.obj
 0001:00022930       __VectorAdd                30023930 f   q_math.obj
 0001:00022a00       __VectorCopy               30023a00 f   q_math.obj
 0001:00022a80       __VectorMA                 30023a80 f   q_math.obj
 0001:00022b60       __VectorScale              30023b60 f   q_math.obj
 0001:00022c00       __VectorSubtract           30023c00 f   q_math.obj
 0001:00022cd0       _vectoangles               30023cd0 f   q_math.obj
 0001:00022fc0       _vectoyaw                  30023fc0 f   q_math.obj
 0001:00023130       _BigFloat                  30024130 f   q_shared.obj
 0001:00023160       _BigLong                   30024160 f   q_shared.obj
 0001:00023190       _BigLong64                 30024190 f   q_shared.obj
 0001:000231c0       _BigShort                  300241c0 f   q_shared.obj
 0001:000231f0       _COM_BeginParseSession     300241f0 f   q_shared.obj
 0001:00023240       _COM_BitCheck              30024240 f   q_shared.obj
 0001:000232b0       _COM_BitClear              300242b0 f   q_shared.obj
 0001:00023320       _COM_BitSet                30024320 f   q_shared.obj
 0001:00023380       _COM_Compress              30024380 f   q_shared.obj
 0001:00023580       _COM_DefaultExtension      30024580 f   q_shared.obj
 0001:00023640       _COM_GetCurrentParseLine   30024640 f   q_shared.obj
 0001:00023660       _COM_MatchToken            30024660 f   q_shared.obj
 0001:000236c0       _COM_Parse                 300246c0 f   q_shared.obj
 0001:000236f0       _COM_ParseError            300246f0 f   q_shared.obj
 0001:00023760       _COM_ParseExt              30024760 f   q_shared.obj
 0001:00023ac0       _COM_ParseWarning          30024ac0 f   q_shared.obj
 0001:00023b30       _COM_RestoreParseSession   30024b30 f   q_shared.obj
 0001:00023b60       _COM_SetCurrentParseLine   30024b60 f   q_shared.obj
 0001:00023b80       _COM_SkipPath              30024b80 f   q_shared.obj
 0001:00023be0       _COM_StripExtension        30024be0 f   q_shared.obj
 0001:00023c40       _COM_StripFilename         30024c40 f   q_shared.obj
 0001:00023ca0       _Com_Clamp                 30024ca0 f   q_shared.obj
 0001:00023ce0       _Com_sprintf               30024ce0 f   q_shared.obj
 0001:00023db0       _FloatNoSwap               30024db0 f   q_shared.obj
 0001:00023dd0       _FloatSwap                 30024dd0 f   q_shared.obj
 0001:00023e70       _Info_NextPair             30024e70 f   q_shared.obj
 0001:00023fa0       _Info_RemoveKey            30024fa0 f   q_shared.obj
 0001:00024180       _Info_RemoveKey_Big        30025180 f   q_shared.obj
 0001:00024370       _Info_SetValueForKey       30025370 f   q_shared.obj
 0001:00024550       _Info_SetValueForKey_Big   30025550 f   q_shared.obj
 0001:00024740       _Info_Validate             30025740 f   q_shared.obj
 0001:000247a0       _Info_ValueForKey          300257a0 f   q_shared.obj
 0001:000249a0       _LittleFloat               300259a0 f   q_shared.obj
 0001:000249d0       _LittleLong                300259d0 f   q_shared.obj
 0001:00024a00       _LittleLong64              30025a00 f   q_shared.obj
 0001:00024a30       _LittleShort               30025a30 f   q_shared.obj
 0001:00024a60       _Long64NoSwap              30025a60 f   q_shared.obj
 0001:00024a80       _Long64Swap                30025a80 f   q_shared.obj
 0001:00024ae0       _LongNoSwap                30025ae0 f   q_shared.obj
 0001:00024b00       _LongSwap                  30025b00 f   q_shared.obj
 0001:00024b80       _Parse1DMatrix             30025b80 f   q_shared.obj
 0001:00024c10       _Parse2DMatrix             30025c10 f   q_shared.obj
 0001:00024ca0       _Parse3DMatrix             30025ca0 f   q_shared.obj
 0001:00024d40       _Q_CleanStr                30025d40 f   q_shared.obj
 0001:00024e00       _Q_PrintStrlen             30025e00 f   q_shared.obj
 0001:00024ea0       _Q_isalpha                 30025ea0 f   q_shared.obj
 0001:00024ee0       _Q_isalphanumeric          30025ee0 f   q_shared.obj
 0001:00024f30       _Q_isforfilename           30025f30 f   q_shared.obj
 0001:00024f80       _Q_islower                 30025f80 f   q_shared.obj
 0001:00024fb0       _Q_isnumeric               30025fb0 f   q_shared.obj
 0001:00024fe0       _Q_isprint                 30025fe0 f   q_shared.obj
 0001:00025010       _Q_isupper                 30026010 f   q_shared.obj
 0001:00025040       _Q_strcasecmp              30026040 f   q_shared.obj
 0001:00025070       _Q_strcat                  30026070 f   q_shared.obj
 0001:000250e0       _Q_stricmp                 300260e0 f   q_shared.obj
 0001:00025130       _Q_stricmpn                30026130 f   q_shared.obj
 0001:00025220       _Q_strlwr                  30026220 f   q_shared.obj
 0001:00025280       _Q_strncasecmp             30026280 f   q_shared.obj
 0001:00025350       _Q_strncmp                 30026350 f   q_shared.obj
 0001:000253f0       _Q_strncpyz                300263f0 f   q_shared.obj
 0001:00025470       _Q_strrchr                 30026470 f   q_shared.obj
 0001:000254f0       _Q_strupr                  300264f0 f   q_shared.obj
 0001:00025550       _ShortNoSwap               30026550 f   q_shared.obj
 0001:00025570       _ShortSwap                 30026570 f   q_shared.obj
 0001:000255c0       _SkipBracedSection         300265c0 f   q_shared.obj
 0001:00025670       _SkipRestOfLine            30026670 f   q_shared.obj
 0001:000256e0       _SkipWhitespace            300266e0 f   q_shared.obj
 0001:00025750       _Swap_Init                 30026750 f   q_shared.obj
 0001:00025850       _tv                        30026850 f   q_shared.obj
 0001:000258e0       _va                        300268e0 f   q_shared.obj
 0001:000259c0       _Script_SetColor           300269c0 f   ui_shared.obj
 0001:00025b00       _Script_SetAsset           30026b00 f   ui_shared.obj
 0001:00025b30       _Script_SetBackground      30026b30 f   ui_shared.obj
 0001:00025b80       _Script_SetTeamColor       30026b80 f   ui_shared.obj
 0001:00025c10       _Script_SetItemColor       30026c10 f   ui_shared.obj
 0001:00025df0       _MenuParse_font            30026df0 f   ui_shared.obj
 0001:00025e90       _MenuParse_name            30026e90 f   ui_shared.obj
 0001:00025ef0       _MenuParse_fullscreen      30026ef0 f   ui_shared.obj
 0001:00025f40       _MenuParse_rect            30026f40 f   ui_shared.obj
 0001:00025f80       _MenuParse_style           30026f80 f   ui_shared.obj
 0001:00025fd0       _Script_Show               30026fd0 f   ui_shared.obj
 0001:00026020       _MenuParse_visible         30027020 f   ui_shared.obj
 0001:00026080       _Script_Hide               30027080 f   ui_shared.obj
 0001:000260d0       _MenuParse_onOpen          300270d0 f   ui_shared.obj
 0001:00026120       _Script_FadeIn             30027120 f   ui_shared.obj
 0001:00026170       _MenuParse_onClose         30027170 f   ui_shared.obj
 0001:000261c0       _Script_FadeOut            300271c0 f   ui_shared.obj
 0001:00026210       _MenuParse_onESC           30027210 f   ui_shared.obj
 0001:00026260       _Script_Open               30027260 f   ui_shared.obj
 0001:000262a0       _MenuParse_onROQDone       300272a0 f   ui_shared.obj
 0001:000262f0       _Script_Close              300272f0 f   ui_shared.obj
 0001:00026330       _ItemParse_name            30027330 f   ui_shared.obj
 0001:00026370       _MenuParse_border          30027370 f   ui_shared.obj
 0001:000263c0       _Script_Clipboard          300273c0 f   ui_shared.obj
 0001:00026430       _ItemParse_focusSound      30027430 f   ui_shared.obj
 0001:00026490       _MenuParse_borderSize      30027490 f   ui_shared.obj
 0001:000264e0       _Script_NotebookShowpage   300274e0 f   ui_shared.obj
 0001:000267e0       _ItemParse_text            300277e0 f   ui_shared.obj
 0001:00026820       _MenuParse_backcolor       30027820 f   ui_shared.obj
 0001:000268a0       _ItemParse_textfile        300278a0 f   ui_shared.obj
 0001:00026940       _ItemParse_textsavegame    30027940 f   ui_shared.obj
 0001:00026980       _MenuParse_forecolor       30027980 f   ui_shared.obj
 0001:00026a10       _ItemParse_group           30027a10 f   ui_shared.obj
 0001:00026a50       _ItemParse_asset_model     30027a50 f   ui_shared.obj
 0001:00026ae0       _MenuParse_bordercolor     30027ae0 f   ui_shared.obj
 0001:00026b60       _ItemParse_asset_shader    30027b60 f   ui_shared.obj
 0001:00026bc0       _MenuParse_focuscolor      30027bc0 f   ui_shared.obj
 0001:00026c40       _ItemParse_model_origin    30027c40 f   ui_shared.obj
 0001:00026d00       _MenuParse_disablecolor    30027d00 f   ui_shared.obj
 0001:00026d80       _Script_Transition         30027d80 f   ui_shared.obj
 0001:00026eb0       _ItemParse_model_fovx      30027eb0 f   ui_shared.obj
 0001:00026f10       _ItemParse_model_fovy      30027f10 f   ui_shared.obj
 0001:00026f70       _MenuParse_outlinecolor    30027f70 f   ui_shared.obj
 0001:00026fc0       _ItemParse_model_rotation  30027fc0 f   ui_shared.obj
 0001:00027020       _MenuParse_background      30028020 f   ui_shared.obj
 0001:00027080       _ItemParse_model_angle     30028080 f   ui_shared.obj
 0001:000270e0       _MenuParse_cinematic       300280e0 f   ui_shared.obj
 0001:00027130       _Script_Orbit              30028130 f   ui_shared.obj
 0001:00027240       _ItemParse_model_animplay  30028240 f   ui_shared.obj
 0001:00027360       _MenuParse_ownerdrawFlag   30028360 f   ui_shared.obj
 0001:000273c0       _Script_SetFocus           300283c0 f   ui_shared.obj
 0001:000274d0       _ItemParse_rect            300284d0 f   ui_shared.obj
 0001:00027510       _MenuParse_ownerdraw       30028510 f   ui_shared.obj
 0001:00027560       _ItemParse_style           30028560 f   ui_shared.obj
 0001:000275a0       _Script_SetPlayerModel     300285a0 f   ui_shared.obj
 0001:000275f0       _MenuParse_popup           300285f0 f   ui_shared.obj
 0001:00027630       _ItemParse_decoration      30028630 f   ui_shared.obj
 0001:00027660       _MenuParse_outOfBounds     30028660 f   ui_shared.obj
 0001:000276a0       _Script_SetPlayerHead      300286a0 f   ui_shared.obj
 0001:000276f0       _ItemParse_notselectable   300286f0 f   ui_shared.obj
 0001:00027750       _MenuParse_soundLoop       30028750 f   ui_shared.obj
 0001:000277a0       _Script_SetCvar            300287a0 f   ui_shared.obj
 0001:00027810       _ItemParse_wrapped         30028810 f   ui_shared.obj
 0001:00027840       _MenuParse_fadeClamp       30028840 f   ui_shared.obj
 0001:00027890       _ItemParse_autowrapped     30028890 f   ui_shared.obj
 0001:000278c0       _Script_Exec               300288c0 f   ui_shared.obj
 0001:00027920       _ItemParse_horizontalscroll 30028920 f   ui_shared.obj
 0001:00027950       _MenuParse_fadeAmount      30028950 f   ui_shared.obj
 0001:000279a0       _Script_Play               300289a0 f   ui_shared.obj
 0001:00027a00       _ItemParse_type            30028a00 f   ui_shared.obj
 0001:00027a50       _MenuParse_fadeCycle       30028a50 f   ui_shared.obj
 0001:00027aa0       _Script_playLooped         30028aa0 f   ui_shared.obj
 0001:00027af0       _ItemParse_elementwidth    30028af0 f   ui_shared.obj
 0001:00027b50       _Script_AddListItem        30028b50 f   ui_shared.obj
 0001:00027c40       _MenuParse_itemDef         30028c40 f   ui_shared.obj
 0001:00027d60       _ItemParse_elementheight   30028d60 f   ui_shared.obj
 0001:00027dc0       _MenuParse_execKey         30028dc0 f   ui_shared.obj
 0001:00027e40       _ItemParse_feeder          30028e40 f   ui_shared.obj
 0001:00027e80       _ItemParse_elementtype     30028e80 f   ui_shared.obj
 0001:00027ef0       _MenuParse_execKeyInt      30028ef0 f   ui_shared.obj
 0001:00027f60       _ItemParse_columns         30028f60 f   ui_shared.obj
 0001:000280a0       _ItemParse_border          300290a0 f   ui_shared.obj
 0001:000280e0       _ItemParse_bordersize      300290e0 f   ui_shared.obj
 0001:00028120       _ItemParse_visible         30029120 f   ui_shared.obj
 0001:00028180       _ItemParse_ownerdraw       30029180 f   ui_shared.obj
 0001:000281d0       _ItemParse_align           300291d0 f   ui_shared.obj
 0001:00028210       _ItemParse_textalign       30029210 f   ui_shared.obj
 0001:00028250       _ItemParse_textalignx      30029250 f   ui_shared.obj
 0001:00028290       _ItemParse_textaligny      30029290 f   ui_shared.obj
 0001:000282d0       _ItemParse_textscale       300292d0 f   ui_shared.obj
 0001:00028310       _ItemParse_textstyle       30029310 f   ui_shared.obj
 0001:00028350       _ItemParse_textfont        30029350 f   ui_shared.obj
 0001:00028390       _ItemParse_backcolor       30029390 f   ui_shared.obj
 0001:00028410       _ItemParse_forecolor       30029410 f   ui_shared.obj
 0001:000284a0       _ItemParse_bordercolor     300294a0 f   ui_shared.obj
 0001:00028520       _ItemParse_outlinecolor    30029520 f   ui_shared.obj
 0001:00028560       _ItemParse_background      30029560 f   ui_shared.obj
 0001:000285c0       _ItemParse_cinematic       300295c0 f   ui_shared.obj
 0001:00028600       _ItemParse_doubleClick     30029600 f   ui_shared.obj
 0001:00028670       _ItemParse_onFocus         30029670 f   ui_shared.obj
 0001:000286b0       _ItemParse_leaveFocus      300296b0 f   ui_shared.obj
 0001:000286f0       _ItemParse_mouseEnter      300296f0 f   ui_shared.obj
 0001:00028730       _ItemParse_mouseExit       30029730 f   ui_shared.obj
 0001:00028770       _ItemParse_mouseEnterText  30029770 f   ui_shared.obj
 0001:000287b0       _ItemParse_mouseExitText   300297b0 f   ui_shared.obj
 0001:000287f0       _ItemParse_action          300297f0 f   ui_shared.obj
 0001:00028830       _ItemParse_accept          30029830 f   ui_shared.obj
 0001:00028870       _ItemParse_special         30029870 f   ui_shared.obj
 0001:000288b0       _ItemParse_cvarTest        300298b0 f   ui_shared.obj
 0001:000288f0       _ItemParse_cvar            300298f0 f   ui_shared.obj
 0001:000289a0       _ItemParse_maxChars        300299a0 f   ui_shared.obj
 0001:00028a20       _ItemParse_maxPaintChars   30029a20 f   ui_shared.obj
 0001:00028aa0       _ItemParse_cvarFloat       30029aa0 f   ui_shared.obj
 0001:00028b70       _ItemParse_cvarStrList     30029b70 f   ui_shared.obj
 0001:00028dd0       _ItemParse_cvarFloatList   30029dd0 f   ui_shared.obj
 0001:00029000       _ItemParse_addColorRangeRel 3002a000 f   ui_shared.obj
 0001:00029030       _ItemParse_addColorRange   3002a030 f   ui_shared.obj
 0001:00029060       _ItemParse_ownerdrawFlag   3002a060 f   ui_shared.obj
 0001:000290b0       _ItemParse_enableCvar      3002a0b0 f   ui_shared.obj
 0001:00029100       _ItemParse_disableCvar     3002a100 f   ui_shared.obj
 0001:00029150       _ItemParse_showCvar        3002a150 f   ui_shared.obj
 0001:000291a0       _ItemParse_hideCvar        3002a1a0 f   ui_shared.obj
 0001:000291f0       _AdjustFrom640             3002a1f0 f   ui_shared.obj
 0001:00029290       _BindingFromName           3002a290 f   ui_shared.obj
 0001:00029410       _BindingIDFromName         3002a410 f   ui_shared.obj
 0001:00029480       _Color_Parse               3002a480 f   ui_shared.obj
 0001:000294f0       _Controls_GetConfig        3002a4f0 f   ui_shared.obj
 0001:00029690       _Controls_SetConfig        3002a690 f   ui_shared.obj
 0001:00029770       _Controls_SetDefaults      3002a770 f   ui_shared.obj
 0001:000297e0       _Display_CacheAll          3002a7e0 f   ui_shared.obj
 0001:00029840       _Display_CaptureItem       3002a840 f   ui_shared.obj
 0001:00029930       _Display_CursorType        3002a930 f   ui_shared.obj
 0001:00029a30       _Display_GetContext        3002aa30 f   ui_shared.obj
 0001:00029a50       _Display_HandleKey         3002aa50 f   ui_shared.obj
 0001:00029ab0       _Display_KeyBindPending    3002aab0 f   ui_shared.obj
 0001:00029ad0       _Display_MouseMove         3002aad0 f   ui_shared.obj
 0001:00029c00       _Display_VisibleMenuCount  3002ac00 f   ui_shared.obj
 0001:00029c70       _Fade                      3002ac70 f   ui_shared.obj
 0001:00029d70       _Float_Parse               3002ad70 f   ui_shared.obj
 0001:00029de0       _GradientBar_Paint         3002ade0 f   ui_shared.obj
 0001:00029e90       _Init_Display              3002ae90 f   ui_shared.obj
 0001:00029eb0       _Int_Parse                 3002aeb0 f   ui_shared.obj
 0001:00029f20       _IsVisible                 3002af20 f   ui_shared.obj
 0001:00029f60       _Item_Action               3002af60 f   ui_shared.obj
 0001:00029fa0       _Item_Bind_HandleKey       3002afa0 f   ui_shared.obj
 0001:0002a340       _Item_Bind_Paint           3002b340 f   ui_shared.obj
 0001:0002a850       _Item_EnableShowViaCvar    3002b850 f   ui_shared.obj
 0001:0002aac0       _Item_HandleKey            3002bac0 f   ui_shared.obj
 0001:0002ace0       _Item_Image_Paint          3002bce0 f   ui_shared.obj
 0001:0002ad90       _Item_Init                 3002bd90 f   ui_shared.obj
 0001:0002adf0       _Item_InitControls         3002bdf0 f   ui_shared.obj
 0001:0002ae80       _Item_ListBox_HandleKey    3002be80 f   ui_shared.obj
 0001:0002b8f0       _Item_ListBox_MaxScroll    3002c8f0 f   ui_shared.obj
 0001:0002b9d0       _Item_ListBox_MouseEnter   3002c9d0 f   ui_shared.obj
 0001:0002bc70       _Item_ListBox_OverLB       3002cc70 f   ui_shared.obj
 0001:0002c190       _Item_ListBox_Paint        3002d190 f   ui_shared.obj
 0001:0002d060       _Item_ListBox_ThumbDrawPosition 3002e060 f   ui_shared.obj
 0001:0002d280       _Item_ListBox_ThumbPosition 3002e280 f   ui_shared.obj
 0001:0002d450       _Item_Model_Paint          3002e450 f   ui_shared.obj
 0001:0002dcc0       _Item_MouseEnter           3002ecc0 f   ui_shared.obj
 0001:0002df00       _Item_MouseLeave           3002ef00 f   ui_shared.obj
 0001:0002dfa0       _Item_Multi_CountSettings  3002efa0 f   ui_shared.obj
 0001:0002dfe0       _Item_Multi_FindCvarByValue 3002efe0 f   ui_shared.obj
 0001:0002e170       _Item_Multi_HandleKey      3002f170 f   ui_shared.obj
 0001:0002e380       _Item_Multi_Paint          3002f380 f   ui_shared.obj
 0001:0002e6b0       _Item_Multi_Setting        3002f6b0 f   ui_shared.obj
 0001:0002e860       _Item_OwnerDraw_HandleKey  3002f860 f   ui_shared.obj
 0001:0002e8d0       _Item_OwnerDraw_Paint      3002f8d0 f   ui_shared.obj
 0001:0002f180       _Item_Paint                30030180 f   ui_shared.obj
 0001:0002fae0       _Item_Parse                30030ae0 f   ui_shared.obj
 0001:0002fc70       _Item_RunScript            30030c70 f   ui_shared.obj
 0001:0002fe60       _Item_SetFocus             30030e60 f   ui_shared.obj
 0001:00030160       _Item_SetMouseOver         30031160 f   ui_shared.obj
 0001:000301b0       _Item_SetScreenCoords      300311b0 f   ui_shared.obj
 0001:00030280       _Item_SetTextExtents       30031280 f   ui_shared.obj
 0001:00030640       _Item_SetupKeywordHash     30031640 f   ui_shared.obj
 0001:000306c0       _Item_Slider_HandleKey     300316c0 f   ui_shared.obj
 0001:00030960       _Item_Slider_OverSlider    30031960 f   ui_shared.obj
 0001:00030a30       _Item_Slider_Paint         30031a30 f   ui_shared.obj
 0001:00030db0       _Item_Slider_ThumbPosition 30031db0 f   ui_shared.obj
 0001:00030f20       _Item_StartCapture         30031f20 f   ui_shared.obj
 0001:000311d0       _Item_StopCapture          300321d0 f   ui_shared.obj
 0001:000311f0       _Item_TextColor            300321f0 f   ui_shared.obj
 0001:00031640       _Item_TextField_HandleKey  30032640 f   ui_shared.obj
 0001:00031ee0       _Item_TextField_Paint      30032ee0 f   ui_shared.obj
 0001:000323e0       _Item_Text_AutoWrapped_Paint 300333e0 f   ui_shared.obj
 0001:00032970       _Item_Text_Paint           30033970 f   ui_shared.obj
 0001:00032bd0       _Item_Text_Wrapped_Paint   30033bd0 f   ui_shared.obj
 0001:00032f40       _Item_UpdatePosition       30033f40 f   ui_shared.obj
 0001:00033000       _Item_ValidateTypeData     30034000 f   ui_shared.obj
 0001:000331e0       _Item_YesNo_HandleKey      300341e0 f   ui_shared.obj
 0001:00033320       _Item_YesNo_Paint          30034320 f   ui_shared.obj
 0001:00033720       _KeywordHash_Add           30034720 f   ui_shared.obj
 0001:00033770       _KeywordHash_Find          30034770 f   ui_shared.obj
 0001:000337f0       _KeywordHash_Key           300347f0 f   ui_shared.obj
 0001:000338c0       _LerpColor                 300348c0 f   ui_shared.obj
 0001:00033a50       _Menu_ClearFocus           30034a50 f   ui_shared.obj
 0001:00033c20       _Menu_Count                30034c20 f   ui_shared.obj
 0001:00033c40       _Menu_FadeItemByName       30034c40 f   ui_shared.obj
 0001:00033d10       _Menu_FindItemByName       30034d10 f   ui_shared.obj
 0001:00033db0       _Menu_GetFocused           30034db0 f   ui_shared.obj
 0001:00033e30       _Menu_GetFocusedItem       30034e30 f   ui_shared.obj
 0001:00033eb0       _Menu_GetMatchingItemByNumber 30034eb0 f   ui_shared.obj
 0001:00034080       _Menu_HandleKey            30035080 f   ui_shared.obj
 0001:00034870       _Menu_HandleMouseMove      30035870 f   ui_shared.obj
 0001:00034b80       _Menu_HitTest              30035b80 f   ui_shared.obj
 0001:00034c10       _Menu_Init                 30035c10 f   ui_shared.obj
 0001:00034cb0       _Menu_ItemsMatchingGroup   30035cb0 f   ui_shared.obj
 0001:00034e40       _Menu_New                  30035e40 f   ui_shared.obj
 0001:00034ec0       _Menu_OrbitItemByName      30035ec0 f   ui_shared.obj
 0001:00035160       _Menu_Paint                30036160 f   ui_shared.obj
 0001:00035400       _Menu_PaintAll             30036400 f   ui_shared.obj
 0001:00035570       _Menu_Parse                30036570 f   ui_shared.obj
 0001:00035710       _Menu_PostParse            30036710 f   ui_shared.obj
 0001:00035790       _Menu_Reset                30036790 f   ui_shared.obj
 0001:00035830       _Menu_ScrollFeeder         30036830 f   ui_shared.obj
 0001:000358f0       _Menu_SetFeederSelection   300368f0 f   ui_shared.obj
 0001:00035a50       _Menu_SetNextCursorItem    30036a50 f   ui_shared.obj
 0001:00035c30       _Menu_SetPrevCursorItem    30036c30 f   ui_shared.obj
 0001:00035df0       _Menu_SetupKeywordHash     30036df0 f   ui_shared.obj
 0001:00035e70       _Menu_ShowItemByName       30036e70 f   ui_shared.obj
 0001:00035f50       _Menu_TransitionItemByName 30036f50 f   ui_shared.obj
 0001:00036100       _Menu_UpdatePosition       30037100 f   ui_shared.obj
 0001:000361e0       _Menus_Activate            300371e0 f   ui_shared.obj
 0001:000362c0       _Menus_ActivateByName      300372c0 f   ui_shared.obj
 0001:000363d0       _Menus_AnyFullScreenVisible 300373d0 f   ui_shared.obj
 0001:00036440       _Menus_CloseAll            30037440 f   ui_shared.obj
 0001:000364c0       _Menus_CloseByName         300374c0 f   ui_shared.obj
 0001:00036510       _Menus_FindByName          30037510 f   ui_shared.obj
 0001:00036590       _Menus_HandleOOBClick      30037590 f   ui_shared.obj
 0001:00036750       _Menus_OpenByName          30037750 f   ui_shared.obj
 0001:00036780       _Menus_ShowByName          30037780 f   ui_shared.obj
 0001:000367c0       _PC_Char_Parse             300377c0 f   ui_shared.obj
 0001:00036840       _PC_Color_Parse            30037840 f   ui_shared.obj
 0001:000368b0       _PC_Float_Parse            300378b0 f   ui_shared.obj
 0001:000369d0       _PC_Int_Parse              300379d0 f   ui_shared.obj
 0001:00036ae0       _PC_Rect_Parse             30037ae0 f   ui_shared.obj
 0001:00036b70       _PC_Script_Parse           30037b70 f   ui_shared.obj
 0001:00036d20       _PC_SourceError            30037d20 f   ui_shared.obj
 0001:00036e10       _PC_SourceWarning          30037e10 f   ui_shared.obj
 0001:00036f00       _PC_String_Parse           30037f00 f   ui_shared.obj
 0001:00036f80       _ParseColorRange           30037f80 f   ui_shared.obj
 0001:000370b0       _Rect_ContainsPoint        300380b0 f   ui_shared.obj
 0001:00037130       _Rect_Parse                30038130 f   ui_shared.obj
 0001:000371c0       _Rect_ToWindowCoords       300381c0 f   ui_shared.obj
 0001:00037860       _String_Alloc              30038860 f   ui_shared.obj
 0001:00037a10       _String_Init               30038a10 f   ui_shared.obj
 0001:00037ad0       _String_Parse              30038ad0 f   ui_shared.obj
 0001:00037b40       _String_Report             30038b40 f   ui_shared.obj
 0001:00037c50       _ToWindowCoords            30038c50 f   ui_shared.obj
 0001:00037ce0       _UI_Alloc                  30038ce0 f   ui_shared.obj
 0001:00037d80       _UI_InitMemory             30038d80 f   ui_shared.obj
 0001:00037db0       _UI_OutOfMemory            30038db0 f   ui_shared.obj
 0001:00037dd0       _UI_RoQDone                30038dd0 f   ui_shared.obj
 0001:00037f40       _Window_Init               30038f40 f   ui_shared.obj
 0001:00038010       _Window_Paint              30039010 f   ui_shared.obj
 0001:00038a10       _CG_TargetCommand_f        30039a10 f   cg_consolecmds.obj
 0001:000391f0       _CG_ConsoleCommand         3003a1f0 f   cg_consolecmds.obj
 0001:00039270       _CG_FreeCamera             3003a270 f   cg_consolecmds.obj
 0001:000392a0       _CG_InitConsoleCommands    3003a2a0 f   cg_consolecmds.obj
 0001:00039470       _CG_LoadCamera             3003a470 f   cg_consolecmds.obj
 0001:000394f0       _CG_StartCamera            3003a4f0 f   cg_consolecmds.obj
 0001:00039660       _CG_StopCamera             3003a660 f   cg_consolecmds.obj
 0001:00039700       _CG_AddLagometerFrameInfo  3003a700 f   cg_draw.obj
 0001:00039750       _CG_AddLagometerSnapshotInfo 3003a750 f   cg_draw.obj
 0001:000397e0       _CG_ApplyShakeCamera       3003a7e0 f   cg_draw.obj
 0001:000398d0       _CG_CalcShakeCamera        3003a8d0 f   cg_draw.obj
 0001:00039ca0       _CG_CenterPrint            3003aca0 f   cg_draw.obj
 0001:00039d90       _CG_CheckForCursorHints    3003ad90 f   cg_draw.obj
 0001:00039f80       _CG_Draw3DModel            3003af80 f   cg_draw.obj
 0001:0003a1b0       _CG_DrawActive             3003b1b0 f   cg_draw.obj
 0001:0003bcd0       _CG_DrawFlagModel          3003ccd0 f   cg_draw.obj
 0001:0003cf80       _CG_DrawHead               3003df80 f   cg_draw.obj
 0001:0003d280       _CG_DrawHoldableItem_old   3003e280 f   cg_draw.obj
 0001:0003d4d0       _CG_DrawKeyModel           3003e4d0 f   cg_draw.obj
 0001:0003e8a0       _CG_DrawTeamBackground     3003f8a0 f   cg_draw.obj
 0001:0003f520       _CG_DrawTimedMenus         30040520 f   cg_draw.obj
 0001:00040b90       _CG_Fade                   30041b90 f   cg_draw.obj
 0001:00040d00       _CG_ObjectivePrint         30041d00 f   cg_draw.obj
 0001:00041250       _CG_StartShakeCamera       30042250 f   cg_draw.obj
 0001:000413b0       _CG_Text_Height            300423b0 f   cg_draw.obj
 0001:00041580       _CG_Text_Paint             30042580 f   cg_draw.obj
 0001:00041a50       _CG_Text_PaintChar         30042a50 f   cg_draw.obj
 0001:00041b30       _CG_Text_Width             30042b30 f   cg_draw.obj
 0001:00041cf0       __vsprintf_l               30042cf0 f i cg_draw.obj
 0001:00041d30       _sprintf                   30042d30 f i cg_draw.obj
 0001:00041d80       _CG_AdjustFrom640          30042d80 f   cg_drawtools.obj
 0001:00041f00       _CG_ColorForHealth         30042f00 f   cg_drawtools.obj
 0001:00042130       _CG_DrawBigString          30043130 f   cg_drawtools.obj
 0001:000421f0       _CG_DrawBigString2         300431f0 f   cg_drawtools.obj
 0001:000422b0       _CG_DrawBigStringColor     300432b0 f   cg_drawtools.obj
 0001:000422f0       _CG_DrawBigStringColor2    300432f0 f   cg_drawtools.obj
 0001:00042330       _CG_DrawChar               30043330 f   cg_drawtools.obj
 0001:000424a0       _CG_DrawChar2              300434a0 f   cg_drawtools.obj
 0001:00042610       _CG_DrawPic                30043610 f   cg_drawtools.obj
 0001:000426d0       _CG_DrawRect               300436d0 f   cg_drawtools.obj
 0001:00042870       _CG_DrawSides              30043870 f   cg_drawtools.obj
 0001:000429b0       _CG_DrawSmallString        300439b0 f   cg_drawtools.obj
 0001:00042a70       _CG_DrawSmallStringColor   30043a70 f   cg_drawtools.obj
 0001:00042ab0       _CG_DrawStringExt          30043ab0 f   cg_drawtools.obj
 0001:00042d90       _CG_DrawStringExt2         30043d90 f   cg_drawtools.obj
 0001:00043070       _CG_DrawStringExt3         30044070 f   cg_drawtools.obj
 0001:000433a0       _CG_DrawStrlen             300443a0 f   cg_drawtools.obj
 0001:00043430       _CG_DrawTopBottom          30044430 f   cg_drawtools.obj
 0001:00043570       _CG_FadeColor              30044570 f   cg_drawtools.obj
 0001:00043680       _CG_FillRect               30044680 f   cg_drawtools.obj
 0001:00043750       _CG_FillRectGradient       30044750 f   cg_drawtools.obj
 0001:00043820       _CG_FilledBar              30044820 f   cg_drawtools.obj
 0001:00043ef0       _CG_GetColorForHealth      30044ef0 f   cg_drawtools.obj
 0001:000440f0       _CG_HorizontalPercentBar   300450f0 f   cg_drawtools.obj
 0001:00044200       _CG_TeamColor              30045200 f   cg_drawtools.obj
 0001:00044260       _CG_TileClear              30045260 f   cg_drawtools.obj
 0001:000444b0       _UI_DrawBannerString       300454b0 f   cg_drawtools.obj
 0001:000448f0       _UI_DrawProportionalString 300458f0 f   cg_drawtools.obj
 0001:00044fa0       _UI_ProportionalSizeScale  30045fa0 f   cg_drawtools.obj
 0001:00044ff0       _UI_ProportionalStringWidth 30045ff0 f   cg_drawtools.obj
 0001:00045090       _CG_AddBloodTrails         30046090 f   cg_effects.obj
 0001:00045660       _CG_Bleed                  30046660 f   cg_effects.obj
 0001:00045f10       _CG_BubbleTrail            30046f10 f   cg_effects.obj
 0001:000465e0       _CG_DynamicLightningBolt   300475e0 f   cg_effects.obj
 0001:00047ce0       _CG_GetOriginForTag        30048ce0 f   cg_effects.obj
 0001:00047f10       _CG_GibHead                30048f10 f   cg_effects.obj
 0001:00048280       _CG_GibPlayer              30049280 f   cg_effects.obj
 0001:0004a9c0       _CG_LaunchGib              3004b9c0 f   cg_effects.obj
 0001:0004b110       _CG_LoseHat                3004c110 f   cg_effects.obj
 0001:0004b740       _CG_MakeExplosion          3004c740 f   cg_effects.obj
 0001:0004bd60       _CG_ProjectedSpotLight     3004cd60 f   cg_effects.obj
 0001:0004c030       _CG_RumbleEfx              3004d030 f   cg_effects.obj
 0001:0004c390       _CG_SmokePuff              3004d390 f   cg_effects.obj
 0001:0004c830       _CG_SparklerSparks         3004d830 f   cg_effects.obj
 0001:0004cb90       _CG_SpawnEffect            3004db90 f   cg_effects.obj
 0001:0004cdb0       _CG_Spotlight              3004ddb0 f   cg_effects.obj
 0001:0004fc90       _lt_crandom                30050c90 f   cg_effects.obj
 0001:0004fd30       _lt_random                 30050d30 f   cg_effects.obj
 0001:000502f0       _CG_AddLightstyle          300512f0 f   cg_ents.obj
 0001:000506f0       _CG_AddPacketEntities      300516f0 f   cg_ents.obj
 0001:00050ae0       _CG_AdjustPositionForMover 30051ae0 f   cg_ents.obj
 0001:00050f60       _CG_AttachedPartChange     30051f60 f   cg_ents.obj
 0001:000511c0       _CG_Beam                   300521c0 f   cg_ents.obj
 0001:00051af0       _CG_DrawHoldableSelect     30052af0 f   cg_ents.obj
 0001:00053920       _CG_FlamethrowerProp       30054920 f   cg_ents.obj
 0001:00053ff0       _CG_HoldableUsedupChange   30054ff0 f   cg_ents.obj
 0001:00055c20       _CG_Item_f                 30056c20 f   cg_ents.obj
 0001:00055c80       _CG_LoseArmor              30056c80 f   cg_ents.obj
 0001:00057aa0       _CG_NextItem_f             30058aa0 f   cg_ents.obj
 0001:00057b70       _CG_PlayerSeesItem         30058b70 f   cg_ents.obj
 0001:000581c0       _CG_PositionEntityOnTag    300591c0 f   cg_ents.obj
 0001:00058490       _CG_PositionRotatedEntityOnTag 30059490 f   cg_ents.obj
 0001:000586d0       _CG_PrevItem_f             300596d0 f   cg_ents.obj
 0001:00058ab0       _CG_ProcessRumble          30059ab0 f   cg_ents.obj
 0001:00059250       _CG_SetEntitySoundPosition 3005a250 f   cg_ents.obj
 0001:00059ad0       _CG_BatDeath               3005aad0 f   cg_event.obj
 0001:00059b20       _CG_CheckEvents            3005ab20 f   cg_event.obj
 0001:00059d20       _CG_Effect                 3005ad20 f   cg_event.obj
 0001:0005abf0       _CG_EntityEvent            3005bbf0 f   cg_event.obj
 0001:0005f000       _CG_Explode                30060000 f   cg_event.obj
 0001:0005f150       _CG_Explodef               30060150 f   cg_event.obj
 0001:000610b0       _CG_PainEvent              300620b0 f   cg_event.obj
 0001:000615f0       _CG_PlaceString            300625f0 f   cg_event.obj
 0001:00061790       _CG_Shard                  30062790 f   cg_event.obj
 0001:00061f10       _CG_ShardJunk              30062f10 f   cg_event.obj
 0001:000623a0       _CG_SpawnSpirit            300633a0 f   cg_event.obj
 0001:00062ad0       _CG_AddFlameChunks         30063ad0 f   cg_flamethrower.obj
 0001:00062e60       _CG_AddFlameSpriteToScene  30063e60 f   cg_flamethrower.obj
 0001:00066200       _CG_AddFlameToScene        30067200 f   cg_flamethrower.obj
 0001:00067ba0       _CG_AdjustFlameSize        30068ba0 f   cg_flamethrower.obj
 0001:00067d30       _CG_ClearFlameChunks       30068d30 f   cg_flamethrower.obj
 0001:00067e80       _CG_FireFlameChunks        30068e80 f   cg_flamethrower.obj
 0001:000694d0       _CG_FlameAdjustSpeed       3006a4d0 f   cg_flamethrower.obj
 0001:00069570       _CG_FlameCalcOrg           3006a570 f   cg_flamethrower.obj
 0001:00069740       _CG_FlameDamage            3006a740 f   cg_flamethrower.obj
 0001:00069af0       _CG_FlameLerpVec           3006aaf0 f   cg_flamethrower.obj
 0001:00069cc0       _CG_FreeFlameChunk         3006acc0 f   cg_flamethrower.obj
 0001:00069e30       _CG_GenerateShaders        3006ae30 f   cg_flamethrower.obj
 0001:0006a060       _CG_InitFlameChunks        3006b060 f   cg_flamethrower.obj
 0001:0006a160       _CG_MergeFlameChunks       3006b160 f   cg_flamethrower.obj
 0001:0006a300       _CG_MoveFlameChunk         3006b300 f   cg_flamethrower.obj
 0001:0006aa00       _CG_SpawnFlameChunk        3006ba00 f   cg_flamethrower.obj
 0001:0006ac00       _CG_UpdateFlamethrowerSounds 3006bc00 f   cg_flamethrower.obj
 0001:0006af70       _CG_DrawExitStats          3006bf70 f   cg_info.obj
 0001:0006bdf0       _CG_DrawInformation        3006cdf0 f   cg_info.obj
 0001:0006c9c0       _CG_DrawStats              3006d9c0 f   cg_info.obj
 0001:0006cd70       _CG_LoadingClient          3006dd70 f   cg_info.obj
 0001:0006cee0       _CG_LoadingItem            3006dee0 f   cg_info.obj
 0001:0006cf90       _CG_LoadingString          3006df90 f   cg_info.obj
 0001:0006d010       _CG_AddBloodElements       3006e010 f   cg_localents.obj
 0001:0006d300       _CG_AddClientCritter       3006e300 f   cg_localents.obj
 0001:0006f2a0       _CG_AddDebrisElements      300702a0 f   cg_localents.obj
 0001:0006f650       _CG_AddEmitter             30070650 f   cg_localents.obj
 0001:0006fc80       _CG_AddFadeRGB             30070c80 f   cg_localents.obj
 0001:00070010       _CG_AddFragment            30071010 f   cg_localents.obj
 0001:00071c00       _CG_AddFuseSparkElements   30072c00 f   cg_localents.obj
 0001:00071df0       _CG_AddLocalEntities       30072df0 f   cg_localents.obj
 0001:000722e0       _CG_AddMovingTracer        300732e0 f   cg_localents.obj
 0001:00072620       _CG_AddShrapnel            30073620 f   cg_localents.obj
 0001:000729e0       _CG_AddSparkElements       300739e0 f   cg_localents.obj
 0001:00072d70       _CG_AddSpiritViewflash     30073d70 f   cg_localents.obj
 0001:000732d0       _CG_AllocLocalEntity       300742d0 f   cg_localents.obj
 0001:00073380       _CG_BloodTrail             30074380 f   cg_localents.obj
 0001:000735a0       _CG_FragmentBounceMark     300745a0 f   cg_localents.obj
 0001:000736f0       _CG_FragmentBounceSound    300746f0 f   cg_localents.obj
 0001:00073860       _CG_FreeLocalEntity        30074860 f   cg_localents.obj
 0001:000738e0       _CG_InitLocalEntities      300748e0 f   cg_localents.obj
 0001:00073990       _CG_ReflectVelocity        30074990 f   cg_localents.obj
 0001:00073d80       _CG_Argv                   30074d80 f   cg_main.obj
 0001:00073dc0       _CG_AssetCache             30074dc0 f   cg_main.obj
 0001:00073fa0       _CG_Asset_Parse            30074fa0 f   cg_main.obj
 0001:000746c0       _CG_ConfigString           300756c0 f   cg_main.obj
 0001:00074710       _CG_CrosshairPlayer        30075710 f   cg_main.obj
 0001:00074830       _CG_Error                  30075830 f   cg_main.obj
 0001:00074c10       _CG_GetMenuBuffer          30075c10 f   cg_main.obj
 0001:00074de0       _CG_Init                   30075de0 f   cg_main.obj
 0001:00075140       _CG_LastAttacker           30076140 f   cg_main.obj
 0001:00075180       _CG_LoadHudMenu            30076180 f   cg_main.obj
 0001:00075450       _CG_LoadMenus              30076450 f   cg_main.obj
 0001:00075b70       _CG_Load_Menu              30076b70 f   cg_main.obj
 0001:00075d20       _CG_ParseMenu              30076d20 f   cg_main.obj
 0001:00075ed0       _CG_Printf                 30076ed0 f   cg_main.obj
 0001:00075f40       _CG_QueueMusic             30076f40 f   cg_main.obj
 0001:00076050       _CG_RegisterCvars          30077050 f   cg_main.obj
 0001:000789b0       _CG_SetupDlightstyles      300799b0 f   cg_main.obj
 0001:00078c50       _CG_Shutdown               30079c50 f   cg_main.obj
 0001:00078c70       _CG_StartMusic             30079c70 f   cg_main.obj
 0001:00078d60       _CG_Text_PaintWithCursor   30079d60 f   cg_main.obj
 0001:00078dd0       _CG_UpdateCvars            30079dd0 f   cg_main.obj
 0001:00078e30       _CG_translateString        30079e30 f   cg_main.obj
 0001:00078f10       _Com_Error                 30079f10 f   cg_main.obj
 0001:00078f90       _Com_Printf                30079f90 f   cg_main.obj
 0001:00079010       _vmMain                    3007a010 f   cg_main.obj
 0001:00079180       _CG_AddMarks               3007a180 f   cg_marks.obj
 0001:00079700       _CG_AllocMark              3007a700 f   cg_marks.obj
 0001:000797d0       _CG_FreeMarkPoly           3007a7d0 f   cg_marks.obj
 0001:00079840       _CG_ImpactMark             3007a840 f   cg_marks.obj
 0001:0007a360       _CG_InitMarkPolys          3007b360 f   cg_marks.obj
 0001:0007a410       _CG_CheckOrderPending      3007b410 f   cg_newDraw.obj
 0001:0007a430       _CG_ClientNumFromName      3007b430 f   cg_newDraw.obj
 0001:0007bd20       _CG_DrawMedal              3007cd20 f   cg_newDraw.obj
 0001:0007c160       _CG_DrawNewTeamInfo        3007d160 f   cg_newDraw.obj
 0001:0007e800       _CG_DrawTeamSpectators     3007f800 f   cg_newDraw.obj
 0001:0007eba0       _CG_DrawWeapHeat           3007fba0 f   cg_newDraw.obj
 0001:0007ed10       _CG_DrawWeapStability      3007fd10 f   cg_newDraw.obj
 0001:0007ee80       _CG_EventHandling          3007fe80 f   cg_newDraw.obj
 0001:0007eeb0       _CG_GameTypeString         3007feb0 f   cg_newDraw.obj
 0001:0007ef10       _CG_GetGameStatusText      3007ff10 f   cg_newDraw.obj
 0001:0007f0b0       _CG_GetKillerText          300800b0 f   cg_newDraw.obj
 0001:0007f110       _CG_GetSelectedPlayer      30080110 f   cg_newDraw.obj
 0001:0007f160       _CG_GetTeamColor           30080160 f   cg_newDraw.obj
 0001:0007f300       _CG_GetValue               30080300 f   cg_newDraw.obj
 0001:0007f700       _CG_HideTeamMenu           30080700 f   cg_newDraw.obj
 0001:0007f740       _CG_InitTeamChat           30080740 f   cg_newDraw.obj
 0001:0007f760       _CG_KeyEvent               30080760 f   cg_newDraw.obj
 0001:0007f830       _CG_MouseEvent             30080830 f   cg_newDraw.obj
 0001:0007f9b0       _CG_OtherTeamHasFlag       300809b0 f   cg_newDraw.obj
 0001:0007f9d0       _CG_OwnerDraw              300809d0 f   cg_newDraw.obj
 0001:00080670       _CG_OwnerDrawVisible       30081670 f   cg_newDraw.obj
 0001:00080930       _CG_RunMenuScript          30081930 f   cg_newDraw.obj
 0001:00080950       _CG_SelectNextPlayer       30081950 f   cg_newDraw.obj
 0001:000809b0       _CG_SelectPrevPlayer       300819b0 f   cg_newDraw.obj
 0001:00080a10       _CG_SetPrintString         30081a10 f   cg_newDraw.obj
 0001:00080b30       _CG_ShowResponseHead       30081b30 f   cg_newDraw.obj
 0001:00080b80       _CG_ShowTeamMenu           30081b80 f   cg_newDraw.obj
 0001:00080bb0       _CG_StatusHandle           30081bb0 f   cg_newDraw.obj
 0001:00080f50       _CG_YourTeamHasFlag        30081f50 f   cg_newDraw.obj
 0001:00080f70       _flubfoo                   30081f70 f   cg_newDraw.obj
 0001:00081200       _CG_AddParticleShrapnel    30082200 f   cg_particles.obj
 0001:00081220       _CG_AddParticleToScene     30082220 f   cg_particles.obj
 0001:00089f00       _CG_AddParticles           3008af00 f   cg_particles.obj
 0001:0008a650       _CG_BatsUpdatePosition     3008b650 f   cg_particles.obj
 0001:0008a880       _CG_BloodPool              3008b880 f   cg_particles.obj
 0001:0008ac00       _CG_ClearParticles         3008bc00 f   cg_particles.obj
 0001:0008ad90       _CG_NewParticleArea        3008bd90 f   cg_particles.obj
 0001:0008b0a0       _CG_OilSlickRemove         3008c0a0 f   cg_particles.obj
 0001:0008b150       _CG_ParticleBat            3008c150 f   cg_particles.obj
 0001:0008b3c0       _CG_ParticleBats           3008c3c0 f   cg_particles.obj
 0001:0008b7f0       _CG_ParticleBloodCloud     3008c7f0 f   cg_particles.obj
 0001:0008bdc0       _CG_ParticleBloodCloudZombie 3008cdc0 f   cg_particles.obj
 0001:0008c5a0       _CG_ParticleBubble         3008d5a0 f   cg_particles.obj
 0001:0008cb00       _CG_ParticleBulletDebris   3008db00 f   cg_particles.obj
 0001:0008cdc0       _CG_ParticleDirtBulletDebris 3008ddc0 f   cg_particles.obj
 0001:0008d0b0       _CG_ParticleDirtBulletDebris_Core 3008e0b0 f   cg_particles.obj
 0001:0008d330       _CG_ParticleDust           3008e330 f   cg_particles.obj
 0001:0008dbd0       _CG_ParticleExplosion      3008ebd0 f   cg_particles.obj
 0001:0008df20       _CG_ParticleImpactSmokePuff 3008ef20 f   cg_particles.obj
 0001:0008dfa0       _CG_ParticleImpactSmokePuffExtended 3008efa0 f   cg_particles.obj
 0001:0008e310       _CG_ParticleLODCheck       3008f310 f   cg_particles.obj
 0001:0008e360       _CG_ParticleMisc           3008f360 f   cg_particles.obj
 0001:0008e550       _CG_ParticleSmoke          3008f550 f   cg_particles.obj
 0001:0008f220       _CG_ParticleSnow           30090220 f   cg_particles.obj
 0001:0008f6f0       _CG_ParticleSnowFlurry     300906f0 f   cg_particles.obj
 0001:0008fcb0       _CG_ParticleSparks         30090cb0 f   cg_particles.obj
 0001:00090230       _CG_Particle_Bleed         30091230 f   cg_particles.obj
 0001:00090520       _CG_Particle_OilParticle   30091520 f   cg_particles.obj
 0001:00090880       _CG_Particle_OilSlick      30091880 f   cg_particles.obj
 0001:00090cc0       _CG_SnowLink               30091cc0 f   cg_particles.obj
 0001:00090d60       _ValidBloodPool            30091d60 f   cg_particles.obj
 0001:000912d0       _CG_AddHelgaSpiritEffect   300922d0 f   cg_players.obj
 0001:00092f70       _CG_AddLoperGroundEffect   30093f70 f   cg_players.obj
 0001:000937c0       _CG_AddLoperLightningEffect 300947c0 f   cg_players.obj
 0001:00094bc0       _CG_AddRefEntityWithPowerups 30095bc0 f   cg_players.obj
 0001:000952a0       _CG_AddZombieFlameEffect   300962a0 f   cg_players.obj
 0001:00095670       _CG_AddZombieFlameShort    30096670 f   cg_players.obj
 0001:00095800       _CG_AddZombieSpiritEffect  30096800 f   cg_players.obj
 0001:00097620       _CG_AnimPlayerConditions   30098620 f   cg_players.obj
 0001:00097c40       _CG_CalcMoveSpeeds         30098c40 f   cg_players.obj
 0001:00098710       _CG_CheckForExistingModelInfo 30099710 f   cg_players.obj
 0001:000988e0       _CG_ClearLerpFrameRate     300998e0 f   cg_players.obj
 0001:00098cf0       _CG_CustomSound            30099cf0 f   cg_players.obj
 0001:00098de0       _CG_DeadSink               30099de0 f   cg_players.obj
 0001:00098ea0       _CG_EntOnFire              30099ea0 f   cg_players.obj
 0001:00098f00       _CG_GetBleedOrigin         30099f00 f   cg_players.obj
 0001:00099330       _CG_GetTag                 3009a330 f   cg_players.obj
 0001:00099660       _CG_GetWeaponTag           3009a660 f   cg_players.obj
 0001:0009a410       _CG_IsCrouchingAnim        3009b410 f   cg_players.obj
 0001:0009a470       _CG_LoadClientInfo         3009b470 f   cg_players.obj
 0001:0009a890       _CG_LoadDeferredPlayers    3009b890 f   cg_players.obj
 0001:0009a940       _CG_NewClientInfo          3009b940 f   cg_players.obj
 0001:0009af20       _CG_Player                 3009bf20 f   cg_players.obj
 0001:000a3280       _CG_ResetPlayerEntity      300a4280 f   cg_players.obj
 0001:000a3610       _CG_RunLerpFrame           300a4610 f   cg_players.obj
 0001:000a38d0       _CG_RunLerpFrameRate       300a48d0 f   cg_players.obj
 0001:000a4730       _CG_SetLerpFrameAnimationRate 300a5730 f   cg_players.obj
 0001:000a4a70       _CG_SpawnHelgaSpirit       300a5a70 f   cg_players.obj
 0001:000a4c80       _CG_SpawnZombieBat         300a5c80 f   cg_players.obj
 0001:000a4f50       _CG_SpawnZombieSpirit      300a5f50 f   cg_players.obj
 0001:000a5a60       _vtosf                     300a6a60 f   cg_players.obj
 0001:000a5b10       _CG_CheckAmmo              300a6b10 f   cg_playerstate.obj
 0001:000a5c50       _CG_CheckChangedPredictableEvents 300a6c50 f   cg_playerstate.obj
 0001:000a5d80       _CG_CheckLocalSounds       300a6d80 f   cg_playerstate.obj
 0001:000a6410       _CG_CheckPlayerstateEvents 300a7410 f   cg_playerstate.obj
 0001:000a65c0       _CG_CheckPlayerstateEvents_wolf 300a75c0 f   cg_playerstate.obj
 0001:000a66a0       _CG_DamageFeedback         300a76a0 f   cg_playerstate.obj
 0001:000a6ef0       _CG_Respawn                300a7ef0 f   cg_playerstate.obj
 0001:000a6ff0       _CG_TransitionPlayerState  300a7ff0 f   cg_playerstate.obj
 0001:000a71d0       _CG_BuildSolidList         300a81d0 f   cg_predict.obj
 0001:000a79f0       _CG_PointContents          300a89f0 f   cg_predict.obj
 0001:000a7ae0       _CG_PredictPlayerState     300a8ae0 f   cg_predict.obj
 0001:000a8c40       _CG_Trace                  300a9c40 f   cg_predict.obj
 0001:000a8d10       _CG_TraceCapsule           300a9d10 f   cg_predict.obj
 0001:000a9620       _CG_DrawScoreboard         300aa620 f   cg_scoreboard.obj
 0001:000a9e90       _CG_DrawTourneyScoreboard  300aae90 f   cg_scoreboard.obj
 0001:000aa7f0       _WM_DrawObjectives         300ab7f0 f   cg_scoreboard.obj
 0001:000aabe0       _WM_ScoreboardOverlay      300abbe0 f   cg_scoreboard.obj
 0001:000abce0       _CG_ExecuteNewServerCommands 300acce0 f   cg_servercmds.obj
 0001:000ac7e0       _CG_ParseServerinfo        300ad7e0 f   cg_servercmds.obj
 0001:000acd10       _CG_RequestMoveSpeed       300add10 f   cg_servercmds.obj
 0001:000acd70       _CG_SendMoveSpeed          300add70 f   cg_servercmds.obj
 0001:000ad8c0       _CG_SetConfigValues        300ae8c0 f   cg_servercmds.obj
 0001:000ad950       _CG_ShaderStateChanged     300ae950 f   cg_servercmds.obj
 0001:000adc10       _CG_ProcessSnapshots       300aec10 f   cg_snapshot.obj
 0001:000ae2b0       _CG_SetInitialSnapshot     300af2b0 f   cg_snapshot.obj
 0001:000aeda0       _CG_SoundInit              300afda0 f   cg_sound.obj
 0001:000af820       _CG_SoundPickOldestRandomSound 300b0820 f   cg_sound.obj
 0001:000afaf0       _CG_SoundPlayIndexedScript 300b0af0 f   cg_sound.obj
 0001:000afb50       _CG_SoundPlaySoundScript   300b0b50 f   cg_sound.obj
 0001:000afc10       _CG_SoundScriptPrecache    300b0c10 f   cg_sound.obj
 0001:000afe40       _PASSFLOAT                 300b0e40 f   cg_syscalls.obj
 0001:000afe70       _dllEntry                  300b0e70 f   cg_syscalls.obj
 0001:000afe90       _testPrintFloat            300b0e90 f   cg_syscalls.obj
 0001:000afed0       _testPrintInt              300b0ed0 f   cg_syscalls.obj
 0001:000aff00       _trap_AddCommand           300b0f00 f   cg_syscalls.obj
 0001:000aff30       _trap_Argc                 300b0f30 f   cg_syscalls.obj
 0001:000aff60       _trap_Args                 300b0f60 f   cg_syscalls.obj
 0001:000aff90       _trap_Argv                 300b0f90 f   cg_syscalls.obj
 0001:000affc0       _trap_CIN_DrawCinematic    300b0fc0 f   cg_syscalls.obj
 0001:000afff0       _trap_CIN_PlayCinematic    300b0ff0 f   cg_syscalls.obj
 0001:000b0030       _trap_CIN_RunCinematic     300b1030 f   cg_syscalls.obj
 0001:000b0060       _trap_CIN_SetExtents       300b1060 f   cg_syscalls.obj
 0001:000b00a0       _trap_CIN_StopCinematic    300b10a0 f   cg_syscalls.obj
 0001:000b00d0       _trap_CM_BoxTrace          300b10d0 f   cg_syscalls.obj
 0001:000b0120       _trap_CM_CapsuleTrace      300b1120 f   cg_syscalls.obj
 0001:000b0170       _trap_CM_InlineModel       300b1170 f   cg_syscalls.obj
 0001:000b01a0       _trap_CM_LoadMap           300b11a0 f   cg_syscalls.obj
 0001:000b01d0       _trap_CM_MarkFragments     300b11d0 f   cg_syscalls.obj
 0001:000b0220       _trap_CM_NumInlineModels   300b1220 f   cg_syscalls.obj
 0001:000b0250       _trap_CM_PointContents     300b1250 f   cg_syscalls.obj
 0001:000b0280       _trap_CM_TempBoxModel      300b1280 f   cg_syscalls.obj
 0001:000b02b0       _trap_CM_TempCapsuleModel  300b12b0 f   cg_syscalls.obj
 0001:000b02e0       _trap_CM_TransformedBoxTrace 300b12e0 f   cg_syscalls.obj
 0001:000b0330       _trap_CM_TransformedCapsuleTrace 300b1330 f   cg_syscalls.obj
 0001:000b0380       _trap_CM_TransformedPointContents 300b1380 f   cg_syscalls.obj
 0001:000b03c0       _trap_Cvar_Register        300b13c0 f   cg_syscalls.obj
 0001:000b0400       _trap_Cvar_Set             300b1400 f   cg_syscalls.obj
 0001:000b0430       _trap_Cvar_Update          300b1430 f   cg_syscalls.obj
 0001:000b0460       _trap_Cvar_VariableStringBuffer 300b1460 f   cg_syscalls.obj
 0001:000b0490       _trap_Error                300b1490 f   cg_syscalls.obj
 0001:000b04c0       _trap_FS_FCloseFile        300b14c0 f   cg_syscalls.obj
 0001:000b04f0       _trap_FS_FOpenFile         300b14f0 f   cg_syscalls.obj
 0001:000b0520       _trap_FS_Read              300b1520 f   cg_syscalls.obj
 0001:000b0550       _trap_FS_Write             300b1550 f   cg_syscalls.obj
 0001:000b0580       _trap_GetCurrentCmdNumber  300b1580 f   cg_syscalls.obj
 0001:000b05b0       _trap_GetCurrentSnapshotNumber 300b15b0 f   cg_syscalls.obj
 0001:000b05e0       _trap_GetEntityToken       300b15e0 f   cg_syscalls.obj
 0001:000b0610       _trap_GetGameState         300b1610 f   cg_syscalls.obj
 0001:000b0640       _trap_GetGlconfig          300b1640 f   cg_syscalls.obj
 0001:000b0670       _trap_GetModelInfo         300b1670 f   cg_syscalls.obj
 0001:000b06a0       _trap_GetServerCommand     300b16a0 f   cg_syscalls.obj
 0001:000b06d0       _trap_GetSnapshot          300b16d0 f   cg_syscalls.obj
 0001:000b0700       _trap_GetUserCmd           300b1700 f   cg_syscalls.obj
 0001:000b0730       _trap_Key_GetCatcher       300b1730 f   cg_syscalls.obj
 0001:000b0760       _trap_Key_GetKey           300b1760 f   cg_syscalls.obj
 0001:000b0790       _trap_Key_IsDown           300b1790 f   cg_syscalls.obj
 0001:000b07c0       _trap_Key_SetCatcher       300b17c0 f   cg_syscalls.obj
 0001:000b07f0       _trap_MemoryRemaining      300b17f0 f   cg_syscalls.obj
 0001:000b0820       _trap_Milliseconds         300b1820 f   cg_syscalls.obj
 0001:000b0850       _trap_PC_AddGlobalDefine   300b1850 f   cg_syscalls.obj
 0001:000b0880       _trap_PC_FreeSource        300b1880 f   cg_syscalls.obj
 0001:000b08b0       _trap_PC_LoadSource        300b18b0 f   cg_syscalls.obj
 0001:000b08e0       _trap_PC_ReadToken         300b18e0 f   cg_syscalls.obj
 0001:000b0910       _trap_PC_SourceFileAndLine 300b1910 f   cg_syscalls.obj
 0001:000b0940       _trap_Print                300b1940 f   cg_syscalls.obj
 0001:000b0970       _trap_RB_ZombieFXAddNewHit 300b1970 f   cg_syscalls.obj
 0001:000b09a0       _trap_R_AddCoronaToScene   300b19a0 f   cg_syscalls.obj
 0001:000b0a40       _trap_R_AddLightToScene    300b1a40 f   cg_syscalls.obj
 0001:000b0ad0       _trap_R_AddPolyToScene     300b1ad0 f   cg_syscalls.obj
 0001:000b0b00       _trap_R_AddPolysToScene    300b1b00 f   cg_syscalls.obj
 0001:000b0b40       _trap_R_AddRefEntityToScene 300b1b40 f   cg_syscalls.obj
 0001:000b0b70       _trap_R_ClearScene         300b1b70 f   cg_syscalls.obj
 0001:000b0ba0       _trap_R_DrawStretchPic     300b1ba0 f   cg_syscalls.obj
 0001:000b0c90       _trap_R_DrawStretchPicGradient 300b1c90 f   cg_syscalls.obj
 0001:000b0d90       _trap_R_GetShaderFromModel 300b1d90 f   cg_syscalls.obj
 0001:000b0dc0       _trap_R_GetSkinModel       300b1dc0 f   cg_syscalls.obj
 0001:000b0df0       _trap_R_LerpTag            300b1df0 f   cg_syscalls.obj
 0001:000b0e30       _trap_R_LoadWorldMap       300b1e30 f   cg_syscalls.obj
 0001:000b0e60       _trap_R_ModelBounds        300b1e60 f   cg_syscalls.obj
 0001:000b0e90       _trap_R_RegisterFont       300b1e90 f   cg_syscalls.obj
 0001:000b0ec0       _trap_R_RegisterModel      300b1ec0 f   cg_syscalls.obj
 0001:000b0ef0       _trap_R_RegisterShader     300b1ef0 f   cg_syscalls.obj
 0001:000b0f20       _trap_R_RegisterShaderNoMip 300b1f20 f   cg_syscalls.obj
 0001:000b0f50       _trap_R_RegisterSkin       300b1f50 f   cg_syscalls.obj
 0001:000b0f80       _trap_R_RemapShader        300b1f80 f   cg_syscalls.obj
 0001:000b0fb0       _trap_R_RenderScene        300b1fb0 f   cg_syscalls.obj
 0001:000b0fe0       _trap_R_SetColor           300b1fe0 f   cg_syscalls.obj
 0001:000b1010       _trap_R_SetFog             300b2010 f   cg_syscalls.obj
 0001:000b10b0       _trap_RealTime             300b20b0 f   cg_syscalls.obj
 0001:000b10e0       _trap_S_AddLoopingSound    300b20e0 f   cg_syscalls.obj
 0001:000b1130       _trap_S_AddRangedLoopingSound 300b2130 f   cg_syscalls.obj
 0001:000b1180       _trap_S_AddRealLoopingSound 300b2180 f   cg_syscalls.obj
 0001:000b11a0       _trap_S_ClearLoopingSounds 300b21a0 f   cg_syscalls.obj
 0001:000b11d0       _trap_S_FadeAllSound       300b21d0 f   cg_syscalls.obj
 0001:000b1210       _trap_S_FadeBackgroundTrack 300b2210 f   cg_syscalls.obj
 0001:000b1260       _trap_S_GetVoiceAmplitude  300b2260 f   cg_syscalls.obj
 0001:000b1290       _trap_S_RegisterSound      300b2290 f   cg_syscalls.obj
 0001:000b12c0       _trap_S_Respatialize       300b22c0 f   cg_syscalls.obj
 0001:000b1300       _trap_S_StartBackgroundTrack 300b2300 f   cg_syscalls.obj
 0001:000b1330       _trap_S_StartLocalSound    300b2330 f   cg_syscalls.obj
 0001:000b1360       _trap_S_StartSound         300b2360 f   cg_syscalls.obj
 0001:000b13a0       _trap_S_StartSoundEx       300b23a0 f   cg_syscalls.obj
 0001:000b13e0       _trap_S_StartStreamingSound 300b23e0 f   cg_syscalls.obj
 0001:000b1420       _trap_S_StopBackgroundTrack 300b2420 f   cg_syscalls.obj
 0001:000b1450       _trap_S_StopLoopingSound   300b2450 f   cg_syscalls.obj
 0001:000b1480       _trap_S_StopStreamingSound 300b2480 f   cg_syscalls.obj
 0001:000b14b0       _trap_S_UpdateEntityPosition 300b24b0 f   cg_syscalls.obj
 0001:000b14e0       _trap_SendClientCommand    300b24e0 f   cg_syscalls.obj
 0001:000b1510       _trap_SendConsoleCommand   300b2510 f   cg_syscalls.obj
 0001:000b1540       _trap_SendMoveSpeedsToGame 300b2540 f   cg_syscalls.obj
 0001:000b1570       _trap_SetUserCmdValue      300b2570 f   cg_syscalls.obj
 0001:000b15c0       _trap_SnapVector           300b25c0 f   cg_syscalls.obj
 0001:000b15f0       _trap_UI_ClosePopup        300b25f0 f   cg_syscalls.obj
 0001:000b1620       _trap_UI_LimboChat         300b2620 f   cg_syscalls.obj
 0001:000b1650       _trap_UI_Popup             300b2650 f   cg_syscalls.obj
 0001:000b1680       _trap_UpdateScreen         300b2680 f   cg_syscalls.obj
 0001:000b16b0       _trap_getCameraInfo        300b26b0 f   cg_syscalls.obj
 0001:000b16f0       _trap_loadCamera           300b26f0 f   cg_syscalls.obj
 0001:000b1720       _trap_startCamera          300b2720 f   cg_syscalls.obj
 0001:000b1750       _trap_stopCamera           300b2750 f   cg_syscalls.obj
 0001:000b1780       _CG_AddSmokeJunc           300b2780 f   cg_trails.obj
 0001:000b1a20       _CG_AddSparkJunc           300b2a20 f   cg_trails.obj
 0001:000b1cd0       _CG_AddTrailJunc           300b2cd0 f   cg_trails.obj
 0001:000b2050       _CG_AddTrailToScene        300b3050 f   cg_trails.obj
 0001:000b5690       _CG_AddTrails              300b6690 f   cg_trails.obj
 0001:000b5c60       _CG_ClearTrails            300b6c60 f   cg_trails.obj
 0001:000b5d80       _CG_FreeTrailJunc          300b6d80 f   cg_trails.obj
 0001:000b5ee0       _CG_KillTrail              300b6ee0 f   cg_trails.obj
 0001:000b5f30       _CG_SpawnTrailJunc         300b6f30 f   cg_trails.obj
 0001:000b64b0       _CG_AdjustZoomVal          300b74b0 f   cg_view.obj
 0001:000b7a60       _CG_Concussive             300b8a60 f   cg_view.obj
 0001:000b84a0       _CG_DrawActiveFrame        300b94a0 f   cg_view.obj
 0001:000b87d0       _CG_DrawSkyBoxPortal       300b97d0 f   cg_view.obj
 0001:000b92f0       _CG_KickAngles             300ba2f0 f   cg_view.obj
 0001:000bb150       _CG_TestGun_f              300bc150 f   cg_view.obj
 0001:000bb190       _CG_TestModelNextFrame_f   300bc190 f   cg_view.obj
 0001:000bb1d0       _CG_TestModelNextSkin_f    300bc1d0 f   cg_view.obj
 0001:000bb210       _CG_TestModelPrevFrame_f   300bc210 f   cg_view.obj
 0001:000bb260       _CG_TestModelPrevSkin_f    300bc260 f   cg_view.obj
 0001:000bb2b0       _CG_TestModel_f            300bc2b0 f   cg_view.obj
 0001:000bb580       _CG_Zoom                   300bc580 f   cg_view.obj
 0001:000bb680       _CG_ZoomIn_f               300bc680 f   cg_view.obj
 0001:000bb7a0       _CG_ZoomOut_f              300bc7a0 f   cg_view.obj
 0001:000bba90       _CG_AddBulletParticles     300bca90 f   cg_weapons.obj
 0001:000bbec0       _CG_AddDebris              300bcec0 f   cg_weapons.obj
 0001:000bc680       _CG_AddDirtBulletParticles 300bd680 f   cg_weapons.obj
 0001:000bc990       _CG_AddPlayerFoot          300bd990 f   cg_weapons.obj
 0001:000bcff0       _CG_AddPlayerWeapon        300bdff0 f   cg_weapons.obj
 0001:000bea50       _CG_AddProtoWeapons        300bfa50 f   cg_weapons.obj
 0001:000beba0       _CG_AddSparks              300bfba0 f   cg_weapons.obj
 0001:000bf190       _CG_AddViewWeapon          300c0190 f   cg_weapons.obj
 0001:000bf9b0       _CG_AltWeapon_f            300c09b0 f   cg_weapons.obj
 0001:000bfbc0       _CG_Bullet                 300c0bc0 f   cg_weapons.obj
 0001:000c1950       _CG_ClearWeapLerpFrame     300c2950 f   cg_weapons.obj
 0001:000c19c0       _CG_ClientDamage           300c29c0 f   cg_weapons.obj
 0001:000c1a60       _CG_DrawRealWeapons        300c2a60 f   cg_weapons.obj
 0001:000c1ae0       _CG_DrawTracer             300c2ae0 f   cg_weapons.obj
 0001:000c26d0       _CG_DrawWeaponSelect       300c36d0 f   cg_weapons.obj
 0001:000c2ea0       _CG_FLAKEFX                300c3ea0 f   cg_weapons.obj
 0001:000c3ab0       _CG_FinishWeaponChange     300c4ab0 f   cg_weapons.obj
 0001:000c3b90       _CG_FireWeapon             300c4b90 f   cg_weapons.obj
 0001:000c4350       _CG_GetPartFramesFromWeap  300c5350 f   cg_weapons.obj
 0001:000c46b0       _CG_LastWeaponUsed_f       300c56b0 f   cg_weapons.obj
 0001:000c4770       _CG_MG42EFX                300c5770 f   cg_weapons.obj
 0001:000c5e10       _CG_MissileHitPlayer       300c6e10 f   cg_weapons.obj
 0001:000c5f60       _CG_MissileHitWall         300c6f60 f   cg_weapons.obj
 0001:000c8100       _CG_MissileHitWallSmall    300c9100 f   cg_weapons.obj
 0001:000c8660       _CG_MonsterUsingWeapon     300c9660 f   cg_weapons.obj
 0001:000c86b0       _CG_MortarEFX              300c96b0 f   cg_weapons.obj
 0001:000c8860       _CG_NextWeap               300c9860 f   cg_weapons.obj
 0001:000c8b30       _CG_NextWeaponInBank_f     300c9b30 f   cg_weapons.obj
 0001:000c8bc0       _CG_NextWeapon_f           300c9bc0 f   cg_weapons.obj
 0001:000c8c90       _CG_OutOfAmmoChange        300c9c90 f   cg_weapons.obj
 0001:000c9c40       _CG_PlaySwitchSound        300cac40 f   cg_weapons.obj
 0001:000c9cd0       _CG_PlayerTeslaCoilFire    300cacd0 f   cg_weapons.obj
 0001:000cbbf0       _CG_PrevWeap               300ccbf0 f   cg_weapons.obj
 0001:000cbe90       _CG_PrevWeaponInBank_f     300cce90 f   cg_weapons.obj
 0001:000cbf20       _CG_PrevWeapon_f           300ccf20 f   cg_weapons.obj
 0001:000cbff0       _CG_PyroSmokeTrail         300ccff0 f   cg_weapons.obj
 0001:000cc7e0       _CG_RailTrail              300cd7e0 f   cg_weapons.obj
 0001:000ccd90       _CG_RailTrail2             300cdd90 f   cg_weapons.obj
 0001:000cd090       _CG_RegisterItemVisuals    300ce090 f   cg_weapons.obj
 0001:000cd330       _CG_RegisterWeapon         300ce330 f   cg_weapons.obj
 0001:000cf200       _CG_RocketTrail            300d0200 f   cg_weapons.obj
 0001:000cfd60       _CG_SetSniperZoom          300d0d60 f   cg_weapons.obj
 0001:000cffd0       _CG_SpawnTracer            300d0fd0 f   cg_weapons.obj
 0001:000d0680       _CG_SpearTrail             300d1680 f   cg_weapons.obj
 0001:000d0a20       _CG_Tracer                 300d1a20 f   cg_weapons.obj
 0001:000d0e40       _CG_VenomFire              300d1e40 f   cg_weapons.obj
 0001:000d17f0       _CG_WaterRipple            300d27f0 f   cg_weapons.obj
 0001:000d1ae0       _CG_WeaponBank_f           300d2ae0 f   cg_weapons.obj
 0001:000d1d00       _CG_WeaponFireRecoil       300d2d00 f   cg_weapons.obj
 0001:000d21f0       _CG_WeaponIndex            300d31f0 f   cg_weapons.obj
 0001:000d2490       _CG_WeaponSuggest          300d3490 f   cg_weapons.obj
 0001:000d24f0       _CG_Weapon_f               300d34f0 f   cg_weapons.obj
 0001:000d2740       _getEquivWeapon            300d3740 f   cg_weapons.obj
 0001:000d2d00       ___raise_securityfailure   300d3d00 f   LIBCMTD:gs_report.obj
 0001:000d2d40       ___report_gsfailure        300d3d40 f   LIBCMTD:gs_report.obj
 0001:000d2e90       ___report_rangecheckfailure 300d3e90 f   LIBCMTD:gs_report.obj
 0001:000d2ea0       ___report_securityfailure  300d3ea0 f   LIBCMTD:gs_report.obj
 0001:000d2fb0       ___report_securityfailureEx 300d3fb0 f   LIBCMTD:gs_report.obj
 0001:000d3120       @__security_check_cookie@4 300d4120 f   LIBCMTD:_secchk_.obj
 0001:000d3140       __ftol2_sse                300d4140 f   LIBCMTD:_ftol2_.obj
 0001:000d3149       __ftol2_pentium4           300d4149 f   LIBCMTD:_ftol2_.obj
 0001:000d315c       __ftol2_sse_excpt          300d415c f   LIBCMTD:_ftol2_.obj
 0001:000d3180       __ftol2                    300d4180 f   LIBCMTD:_ftol2_.obj
 0001:000d3230       __alloca_probe             300d4230 f   LIBCMTD:chkstk.obj
 0001:000d3230       __chkstk                   300d4230 f   LIBCMTD:chkstk.obj
 0001:000d3830       __CRT_INIT@12              300d4830 f   LIBCMTD:dll_dllmain.obj
 0001:000d3850       __DllMainCRTStartup@12     300d4850 f   LIBCMTD:dll_dllmain.obj
 0001:000d3880       ___isa_available_init      300d4880 f   LIBCMTD:_cpu_disp_.obj
 0001:000d3c10       ??$__crt_fast_decode_pointer@PAP6AXXZ@@YAPAP6AXXZQAP6AXXZ@Z 300d4c10 f i LIBCMTD:utility.obj
 0001:000d3c40       ??$__crt_fast_encode_pointer@PAP6AXXZ@@YAPAP6AXXZQAP6AXXZ@Z 300d4c40 f i LIBCMTD:utility.obj
 0001:000d3c80       ?__crt_rotate_pointer_value@@YAIIH@Z 300d4c80 f i LIBCMTD:utility.obj
 0001:000d3c90       ?configure_argv@__scrt_narrow_argv_policy@@SAHXZ 300d4c90 f i LIBCMTD:utility.obj
 0001:000d3df0       _NtCurrentTeb              300d4df0 f i LIBCMTD:utility.obj
 0001:000d3e00       ___scrt_acquire_startup_lock 300d4e00 f   LIBCMTD:utility.obj
 0001:000d3e60       ___scrt_dllmain_after_initialize_c 300d4e60 f   LIBCMTD:utility.obj
 0001:000d3ea0       ___scrt_dllmain_before_initialize_c 300d4ea0 f   LIBCMTD:utility.obj
 0001:000d3ed0       ___scrt_dllmain_crt_thread_attach 300d4ed0 f   LIBCMTD:utility.obj
 0001:000d3f10       ___scrt_dllmain_crt_thread_detach 300d4f10 f   LIBCMTD:utility.obj
 0001:000d3f30       ___scrt_dllmain_exception_filter 300d4f30 f   LIBCMTD:utility.obj
 0001:000d3f90       ___scrt_dllmain_uninitialize_c 300d4f90 f   LIBCMTD:utility.obj
 0001:000d3fd0       ___scrt_dllmain_uninitialize_critical 300d4fd0 f   LIBCMTD:utility.obj
 0001:000d3ff0       ___scrt_initialize_crt     300d4ff0 f   LIBCMTD:utility.obj
 0001:000d4050       ___scrt_initialize_onexit_tables 300d5050 f   LIBCMTD:utility.obj
 0001:000d4150       ___scrt_is_nonwritable_in_current_image 300d5150 f   LIBCMTD:utility.obj
 0001:000d42d0       ___scrt_release_startup_lock 300d52d0 f   LIBCMTD:utility.obj
 0001:000d4300       ___scrt_uninitialize_crt   300d5300 f   LIBCMTD:utility.obj
 0001:000d4350       __onexit                   300d5350 f   LIBCMTD:utility.obj
 0001:000d43e0       _at_quick_exit             300d53e0 f   LIBCMTD:utility.obj
 0001:000d4440       _atexit                    300d5440 f   LIBCMTD:utility.obj
 0001:000d4480       ___security_init_cookie    300d5480 f   LIBCMTD:gs_support.obj
 0001:000d45a0       _DllMain@12                300d55a0 f   LIBCMTD:dll_dllmain_stub.obj
 0001:000d45b0       ?__scrt_initialize_type_info@@YAXXZ 300d55b0 f   LIBCMTD:tncleanup.obj
 0001:000d45d0       ?__scrt_uninitialize_type_info@@YAXXZ 300d55d0 f   LIBCMTD:tncleanup.obj
 0001:000d45f0       ___local_stdio_scanf_options 300d55f0 f i LIBCMTD:default_local_stdio_options.obj
 0001:000d4600       ___scrt_initialize_default_local_stdio_options 300d5600 f   LIBCMTD:default_local_stdio_options.obj
 0001:000d4650       ___scrt_get_dyn_tls_init_callback 300d5650 f   LIBCMTD:dyn_tls_init.obj
 0001:000d4660       ___scrt_fastfail           300d5660 f   LIBCMTD:utility_desktop.obj
 0001:000d47f0       ___scrt_get_show_window_mode 300d57f0 f   LIBCMTD:utility_desktop.obj
 0001:000d4840       ___scrt_initialize_winrt   300d5840 f   LIBCMTD:utility_desktop.obj
 0001:000d4850       ___scrt_is_managed_app     300d5850 f   LIBCMTD:utility_desktop.obj
 0001:000d4900       ___scrt_set_unhandled_exception_filter 300d5900 f   LIBCMTD:utility_desktop.obj
 0001:000d4920       ___scrt_unhandled_exception_filter@4 300d5920 f   LIBCMTD:utility_desktop.obj
 0001:000d49a0       __crt_debugger_hook        300d59a0 f   LIBCMTD:utility_desktop.obj
 0001:000d49c0       __RTC_Initialize           300d59c0 f   LIBCMTD:_initsect_.obj
 0001:000d4a00       __RTC_Terminate            300d5a00 f   LIBCMTD:_initsect_.obj
[...]
 0003:00693a00       _cg_waitForFire            3082ca00     <common>
 0003:00693b20       _cg_missionStats           3082cb20     <common>
 0003:00693c40       _cg_animState              3082cc40     <common>
 0003:00693d60       _cg_notebookpages          3082cd60     <common>
 0003:00693e80       _cg_notebook               3082ce80     <common>
 0003:00693fa0       _cg_showAIState            3082cfa0     <common>
 0003:006940c0       _cg_expectedhunkusage      3082d0c0     <common>
 0003:006941e0       _cg_soundAdjust            3082d1e0     <common>
 0003:00694300       _cg_hunkUsed               3082d300     <common>
 0003:00694420       _cg_bluelimbotime          3082d420     <common>
 0003:00694540       _cg_redlimbotime           3082d540     <common>
 0003:00694660       _cg_soldierChargeTime      3082d660     <common>
 0003:00694780       _cg_LTChargeTime           3082d780     <common>
 0003:006948a0       _cg_engineerChargeTime     3082d8a0     <common>
 0003:006949c0       _cg_medicChargeTime        3082d9c0     <common>
 0003:00694ae0       _cg_reloading              3082dae0     <common>
 0003:00694c00       _cg_gameSkill              3082dc00     <common>
 0003:00694d20       _cg_skybox                 3082dd20     <common>
 0003:00694e40       _cg_norender               3082de40     <common>
 0003:00694f60       _cg_bloodTime              3082df60     <common>
 0003:00695080       _cg_gameType               3082e080     <common>
 0003:006951a0       _cg_wolfparticles          3082e1a0     <common>
 0003:006952c0       _cg_currentSelectedPlayerName 3082e2c0     <common>
 0003:006953e0       _cg_currentSelectedPlayer  3082e3e0     <common>
 0003:00695500       _cg_blinktime              3082e500     <common>
 0003:00695620       _cg_bigFont                3082e620     <common>
 0003:00695740       _cg_smallFont              3082e740     <common>
 0003:00695860       _cg_cameraMode             3082e860     <common>
 0003:00695980       _cg_timescale              3082e980     <common>
 0003:00695aa0       _cg_timescaleFadeSpeed     3082eaa0     <common>
 0003:00695bc0       _cg_timescaleFadeEnd       3082ebc0     <common>
 0003:00695ce0       _cg_cameraOrbitDelay       3082ece0     <common>
 0003:00695e00       _cg_cameraOrbit            3082ee00     <common>
 0003:00695f20       _pmove_msec                3082ef20     <common>
 0003:00696040       _pmove_fixed               3082f040     <common>
 0003:00696160       _cg_smoothClients          3082f160     <common>
 0003:00696280       _cg_particleLOD            3082f280     <common>
 0003:006963a0       _cg_particleDist           3082f3a0     <common>
 0003:006964c0       _cg_useSuggestedWeapons    3082f4c0     <common>
 0003:006965e0       _cg_emptyswitch            3082f5e0     <common>
 0003:00696700       _cg_autoactivate           3082f700     <common>
 0003:00696820       _cg_enableBreath           3082f820     <common>
 0003:00696940       _cg_teamChatsOnly          3082f940     <common>
 0003:00696a60       _cg_deferPlayers           3082fa60     <common>
 0003:00696b80       _cg_predictItems           3082fb80     <common>
 0003:00696ca0       _cg_blood                  3082fca0     <common>
 0003:00696dc0       _cg_paused                 3082fdc0     <common>
 0003:00696ee0       _cg_buildScript            3082fee0     <common>
 0003:00697000       _cg_coronas                30830000     <common>
 0003:00697120       _cg_coronafardist          30830120     <common>
 0003:00697240       _cg_forceModel             30830240     <common>
 0003:00697360       _cg_stats                  30830360     <common>
 0003:00697480       _cg_teamChatHeight         30830480     <common>
 0003:006975a0       _cg_teamChatTime           308305a0     <common>
 0003:006976c0       _cg_synchronousClients     308306c0     <common>
 0003:006977e0       _cg_drawAttacker           308307e0     <common>
 0003:00697900       _cg_lagometer              30830900     <common>
 0003:00697a20       _cg_stereoSeparation       30830a20     <common>
 0003:00697b40       _cg_thirdPerson            30830b40     <common>
 0003:00697c60       _cg_thirdPersonAngle       30830c60     <common>
 0003:00697d80       _cg_thirdPersonRange       30830d80     <common>
 0003:00697ea0       _cg_reticleBrightness      30830ea0     <common>
 0003:00697fc0       _cg_reticles               30830fc0     <common>
 0003:006980e0       _cg_zoomStepFG             308310e0     <common>
 0003:00698200       _cg_zoomStepSnooper        30831200     <common>
 0003:00698320       _cg_zoomStepSniper         30831320     <common>
 0003:00698440       _cg_zoomStepBinoc          30831440     <common>
 0003:00698560       _cg_zoomDefaultSnooper     30831560     <common>
 0003:00698680       _cg_zoomDefaultFG          30831680     <common>
 0003:006987a0       _cg_zoomDefaultSniper      308317a0     <common>
 0003:006988c0       _cg_zoomDefaultBinoc       308318c0     <common>
 0003:006989e0       _cg_zoomFov                308319e0     <common>
 0003:00698b00       _cg_fov                    30831b00     <common>
 0003:00698c20       _cg_simpleItems            30831c20     <common>
 0003:00698d40       _cg_ignore                 30831d40     <common>
 0003:00698e60       _cg_autoswitch             30831e60     <common>
 0003:00698f80       _cg_tracerSpeed            30831f80     <common>
 0003:006990a0       _cg_tracerLength           308320a0     <common>
 0003:006991c0       _cg_tracerWidth            308321c0     <common>
 0003:006992e0       _cg_tracerChance           308322e0     <common>
 0003:00699400       _cg_letterbox              30832400     <common>
 0003:00699520       _cg_viewsize               30832520     <common>
 0003:00699640       _cg_hintFadeTime           30832640     <common>
 0003:00699760       _cg_cursorHints            30832760     <common>
 0003:00699880       _cg_drawGamemodels         30832880     <common>
 0003:006999a0       _cg_drawFPGun              308329a0     <common>
 0003:00699ac0       _cg_drawGun                30832ac0     <common>
 0003:00699be0       _cg_gun_z                  30832be0     <common>
 0003:00699d00       _cg_gun_y                  30832d00     <common>
 0003:00699e20       _cg_gun_x                  30832e20     <common>
 0003:00699f40       _cg_gun_frame              30832f40     <common>
 0003:0069a060       _cg_brassTime              30833060     <common>
 0003:0069a180       _cg_markTime               30833180     <common>
 0003:0069a2a0       _cg_footsteps              308332a0     <common>
 0003:0069a3c0       _cg_showmiss               308333c0     <common>
 0003:0069a4e0       _cg_noPlayerAnims          308334e0     <common>
 0003:0069a600       _cg_nopredict              30833600     <common>
 0003:0069a720       _cg_errorDecay             30833720     <common>
 0003:0069a840       _cg_railTrailTime          30833840     <common>
 0003:0069a960       _cg_drawSpreadScale        30833960     <common>
 0003:0069aa80       _cg_debugEvents            30833a80     <common>
 0003:0069aba0       _cg_debugPosition          30833ba0     <common>
 0003:0069acc0       _cg_debugAnim              30833cc0     <common>
 0003:0069ade0       _cg_animSpeed              30833de0     <common>
 0003:0069af00       _cg_drawFrags              30833f00     <common>
 0003:0069b020       _cg_draw2D                 30834020     <common>
 0003:0069b140       _cg_drawStatus             30834140     <common>
 0003:0069b260       _cg_crosshairHealth        30834260     <common>
 0003:0069b380       _cg_crosshairAlpha         30834380     <common>
 0003:0069b4a0       _cg_crosshairSize          308344a0     <common>
 0003:0069b5c0       _cg_crosshairY             308345c0     <common>
 0003:0069b6e0       _cg_crosshairX             308346e0     <common>
 0003:0069b800       _cg_drawTeamOverlay        30834800     <common>
 0003:0069b920       _cg_drawRewards            30834920     <common>
 0003:0069ba40       _cg_drawAllWeaps           30834a40     <common>
 0003:0069bb60       _cg_cycleAllWeaps          30834b60     <common>
 0003:0069bc80       _cg_weaponCycleDelay       30834c80     <common>
 0003:0069bda0       _cg_useWeapsForZoom        30834da0     <common>
 0003:0069bec0       _cg_hudAlpha               30834ec0     <common>
 0003:0069bfe0       _cg_drawCrosshairPickups   30834fe0     <common>
 0003:0069c100       _cg_drawCrosshairNames     30835100     <common>
 0003:0069c220       _cg_drawCrosshair          30835220     <common>
 0003:0069c340       _cg_drawAmmoWarning        30835340     <common>
 0003:0069c460       _cg_youGotMail             30835460     <common>
 0003:0069c580       _cg_drawIcons              30835580     <common>
 0003:0069c6a0       _cg_draw3dIcons            308356a0     <common>
 0003:0069c7c0       _cg_drawSnapshot           308357c0     <common>
 0003:0069c8e0       _cg_drawFPS                308358e0     <common>
 0003:0069ca00       _cg_drawTimer              30835a00     <common>
 0003:0069cb20       _cg_gibs                   30835b20     <common>
 0003:0069cc40       _cg_shadows                30835c40     <common>
 0003:0069cd60       _cg_swingSpeed             30835d60     <common>
 0003:0069ce80       _cg_bobroll                30835e80     <common>
 0003:0069cfa0       _cg_bobpitch               30835fa0     <common>
 0003:0069d0c0       _cg_bobup                  308360c0     <common>
 0003:0069d1e0       _cg_runroll                308361e0     <common>
 0003:0069d300       _cg_runpitch               30836300     <common>
 0003:0069d420       _cg_centertime             30836420     <common>
 0003:0069d540       _cg_items                  30836540     <common>
 0003:0069fd40       _cg_weapons                30838d40     <common>
 0003:006bbc40       _cg_entities               30854c40     <common>
 0003:00a9fc60       _cg                        30c38c60     <common>
 0003:00ac9380       _cgs                       30c62380     <common>
 0003:00af1b00       _mp_itemDesc               30c8ab00     <common>
 0003:00af1c20       _mp_pistol                 30c8ac20     <common>
 0003:00af1d40       _mp_team                   30c8ad40     <common>
 0003:00af1e60       _cg_hudFiles               30c8ae60     <common>
 0003:00af1f80       _cgDC                      30c8af80     <common>
 0003:00b07eb8       _cg_freeLocalEntities      30ca0eb8     <common>
 0003:00b1a1a0       _cg_activeLocalEntities    30cb31a0     <common>
 0003:00b1a3a0       _cg_localEntities          30cb33a0     <common>
 0003:00b74fa0       _lagometer                 30d0dfa0     <common>
 0003:00b757a0       _teamChat2                 30d0e7a0     <common>
 0003:00b758a0       _teamChat1                 30d0e8a0     <common>
 0003:00b759a0       _systemChat                30d0e9a0     <common>
 0003:00b75aa0       _numSortedTeamPlayers      30d0eaa0     <common>
 0003:00b75ac0       _sortedTeamPlayers         30d0eac0     <common>
 0003:00b75ae0       _cameraInuse               30d0eae0     <common>
 0003:00b75c20       _g_nameBind2               30d0ec20     <common>
 0003:00b7d340       _g_nameBind1               30d16340     <common>
 0003:00b7d360       _menuParseKeywordHash      30d16360     <common>
 0003:00b7db60       _menuStack                 30d16b60     <common>
 0003:00b7dba0       _Menus                     30d16ba0     <common>
 0003:00ba1da0       _itemParseKeywordHash      30d3ada0     <common>
 0003:00ba25a0       _laddervec                 30d3b5a0     <common>
 0003:00ba25d8       _ladderforward             30d3b5d8     <common>
 0003:00ba25dc       _bg_pmove_gameskill_integer 30d3b5dc     <common>
 0003:00ba25e0       _pml                       30d3b5e0     <common>
 0003:00ba2670       _pm                        30d3b670     <common>
 0003:00ba2678       ?_OptionsStorage@?1??__local_stdio_printf_options@@9@9 30d3b678     <common>
 0003:00ba26c0       _weaponStrings             30d3b6c0     <common>
 0003:00ba27c0       ___scrt_ucrt_dll_is_in_use 30d3b7c0     <common>
 0003:00ba27cc       ___dyn_tls_init_callback   30d3b7cc     <common>
 0003:00ba27d8       __pmatherr                 30d3b7d8     <common>
 0003:00ba27e4       ___use_sse2_mathfcns       30d3b7e4     <common>
 0004:00000000       __imp__UnhandledExceptionFilter@4 30d3c000     kernel32:KERNEL32.dll
 0004:00000004       __imp__SetUnhandledExceptionFilter@4 30d3c004     kernel32:KERNEL32.dll
 0004:00000008       __imp__GetCurrentProcess@0 30d3c008     kernel32:KERNEL32.dll
 0004:0000000c       __imp__TerminateProcess@8  30d3c00c     kernel32:KERNEL32.dll
 0004:00000010       __imp__IsProcessorFeaturePresent@4 30d3c010     kernel32:KERNEL32.dll
 0004:00000014       __imp__QueryPerformanceCounter@4 30d3c014     kernel32:KERNEL32.dll
 0004:00000018       __imp__GetCurrentProcessId@0 30d3c018     kernel32:KERNEL32.dll
 0004:0000001c       __imp__GetCurrentThreadId@0 30d3c01c     kernel32:KERNEL32.dll
 0004:00000020       __imp__GetSystemTimeAsFileTime@4 30d3c020     kernel32:KERNEL32.dll
 0004:00000024       __imp__InitializeSListHead@4 30d3c024     kernel32:KERNEL32.dll
 0004:00000028       __imp__IsDebuggerPresent@0 30d3c028     kernel32:KERNEL32.dll
 0004:0000002c       __imp__GetStartupInfoW@4   30d3c02c     kernel32:KERNEL32.dll
 0004:00000030       __imp__GetModuleHandleW@4  30d3c030     kernel32:KERNEL32.dll
 0004:00000034       __imp__InterlockedPushEntrySList@8 30d3c034     kernel32:KERNEL32.dll
 0004:00000038       __imp__InterlockedFlushSList@4 30d3c038     kernel32:KERNEL32.dll
 0004:0000003c       __imp__RtlUnwind@16        30d3c03c     kernel32:KERNEL32.dll
 0004:00000040       __imp__GetLastError@0      30d3c040     kernel32:KERNEL32.dll
 0004:00000044       __imp__SetLastError@4      30d3c044     kernel32:KERNEL32.dll
 0004:00000048       __imp__EnterCriticalSection@4 30d3c048     kernel32:KERNEL32.dll
 0004:0000004c       __imp__LeaveCriticalSection@4 30d3c04c     kernel32:KERNEL32.dll
 0004:00000050       __imp__DeleteCriticalSection@4 30d3c050     kernel32:KERNEL32.dll
 0004:00000054       __imp__InitializeCriticalSectionAndSpinCount@8 30d3c054     kernel32:KERNEL32.dll
 0004:00000058       __imp__TlsAlloc@0          30d3c058     kernel32:KERNEL32.dll
 0004:0000005c       __imp__TlsGetValue@4       30d3c05c     kernel32:KERNEL32.dll
 0004:00000060       __imp__TlsSetValue@8       30d3c060     kernel32:KERNEL32.dll
 0004:00000064       __imp__TlsFree@4           30d3c064     kernel32:KERNEL32.dll
 0004:00000068       __imp__FreeLibrary@4       30d3c068     kernel32:KERNEL32.dll
 0004:0000006c       __imp__GetProcAddress@8    30d3c06c     kernel32:KERNEL32.dll
 0004:00000070       __imp__LoadLibraryExW@12   30d3c070     kernel32:KERNEL32.dll
 0004:00000074       __imp__ExitProcess@4       30d3c074     kernel32:KERNEL32.dll
 0004:00000078       __imp__GetModuleHandleExW@12 30d3c078     kernel32:KERNEL32.dll
 0004:0000007c       __imp__GetModuleFileNameA@12 30d3c07c     kernel32:KERNEL32.dll
 0004:00000080       __imp__GetModuleFileNameW@12 30d3c080     kernel32:KERNEL32.dll
 0004:00000084       __imp__MultiByteToWideChar@24 30d3c084     kernel32:KERNEL32.dll
 0004:00000088       __imp__WideCharToMultiByte@32 30d3c088     kernel32:KERNEL32.dll
 0004:0000008c       __imp__HeapAlloc@12        30d3c08c     kernel32:KERNEL32.dll
 0004:00000090       __imp__HeapValidate@12     30d3c090     kernel32:KERNEL32.dll
 0004:00000094       __imp__GetSystemInfo@4     30d3c094     kernel32:KERNEL32.dll
 0004:00000098       __imp__GetCurrentThread@0  30d3c098     kernel32:KERNEL32.dll
 0004:0000009c       __imp__GetACP@0            30d3c09c     kernel32:KERNEL32.dll
 0004:000000a0       __imp__GetStdHandle@4      30d3c0a0     kernel32:KERNEL32.dll
 0004:000000a4       __imp__GetFileType@4       30d3c0a4     kernel32:KERNEL32.dll
 0004:000000a8       __imp__GetStringTypeW@16   30d3c0a8     kernel32:KERNEL32.dll
 0004:000000ac       __imp__RaiseException@16   30d3c0ac     kernel32:KERNEL32.dll
 0004:000000b0       __imp__EncodePointer@4     30d3c0b0     kernel32:KERNEL32.dll
 0004:000000b4       __imp__DecodePointer@4     30d3c0b4     kernel32:KERNEL32.dll
 0004:000000b8       __imp__GetDateFormatW@24   30d3c0b8     kernel32:KERNEL32.dll
 0004:000000bc       __imp__GetTimeFormatW@24   30d3c0bc     kernel32:KERNEL32.dll
 0004:000000c0       __imp__CompareStringW@24   30d3c0c0     kernel32:KERNEL32.dll
 0004:000000c4       __imp__LCMapStringW@24     30d3c0c4     kernel32:KERNEL32.dll
 0004:000000c8       __imp__GetLocaleInfoW@16   30d3c0c8     kernel32:KERNEL32.dll
 0004:000000cc       __imp__IsValidLocale@8     30d3c0cc     kernel32:KERNEL32.dll
 0004:000000d0       __imp__GetUserDefaultLCID@0 30d3c0d0     kernel32:KERNEL32.dll
 0004:000000d4       __imp__EnumSystemLocalesW@8 30d3c0d4     kernel32:KERNEL32.dll
 0004:000000d8       __imp__FindClose@4         30d3c0d8     kernel32:KERNEL32.dll
 0004:000000dc       __imp__FindFirstFileExA@24 30d3c0dc     kernel32:KERNEL32.dll
 0004:000000e0       __imp__FindFirstFileExW@24 30d3c0e0     kernel32:KERNEL32.dll
 0004:000000e4       __imp__FindNextFileA@8     30d3c0e4     kernel32:KERNEL32.dll
 0004:000000e8       __imp__FindNextFileW@8     30d3c0e8     kernel32:KERNEL32.dll
 0004:000000ec       __imp__IsValidCodePage@4   30d3c0ec     kernel32:KERNEL32.dll
 0004:000000f0       __imp__GetOEMCP@0          30d3c0f0     kernel32:KERNEL32.dll
 0004:000000f4       __imp__GetCPInfo@8         30d3c0f4     kernel32:KERNEL32.dll
 0004:000000f8       __imp__GetCommandLineA@0   30d3c0f8     kernel32:KERNEL32.dll
 0004:000000fc       __imp__GetCommandLineW@0   30d3c0fc     kernel32:KERNEL32.dll
 0004:00000100       __imp__GetEnvironmentStringsW@0 30d3c100     kernel32:KERNEL32.dll
 0004:00000104       __imp__FreeEnvironmentStringsW@4 30d3c104     kernel32:KERNEL32.dll
 0004:00000108       __imp__SetEnvironmentVariableA@8 30d3c108     kernel32:KERNEL32.dll
 0004:0000010c       __imp__SetEnvironmentVariableW@8 30d3c10c     kernel32:KERNEL32.dll
 0004:00000110       __imp__GetProcessHeap@0    30d3c110     kernel32:KERNEL32.dll
 0004:00000114       __imp__SetConsoleCtrlHandler@8 30d3c114     kernel32:KERNEL32.dll
 0004:00000118       __imp__HeapFree@12         30d3c118     kernel32:KERNEL32.dll
 0004:0000011c       __imp__HeapReAlloc@16      30d3c11c     kernel32:KERNEL32.dll
 0004:00000120       __imp__HeapSize@12         30d3c120     kernel32:KERNEL32.dll
 0004:00000124       __imp__HeapQueryInformation@20 30d3c124     kernel32:KERNEL32.dll
 0004:00000128       __imp__WriteFile@20        30d3c128     kernel32:KERNEL32.dll
 0004:0000012c       __imp__OutputDebugStringA@4 30d3c12c     kernel32:KERNEL32.dll
 0004:00000130       __imp__OutputDebugStringW@4 30d3c130     kernel32:KERNEL32.dll
 0004:00000134       __imp__WriteConsoleW@20    30d3c134     kernel32:KERNEL32.dll
 0004:00000138       __imp__CloseHandle@4       30d3c138     kernel32:KERNEL32.dll
 0004:0000013c       __imp__WaitForSingleObjectEx@12 30d3c13c     kernel32:KERNEL32.dll
 0004:00000140       __imp__CreateThread@24     30d3c140     kernel32:KERNEL32.dll
 0004:00000144       __imp__SetStdHandle@8      30d3c144     kernel32:KERNEL32.dll
 0004:00000148       __imp__GetConsoleCP@0      30d3c148     kernel32:KERNEL32.dll
 0004:0000014c       __imp__GetConsoleMode@8    30d3c14c     kernel32:KERNEL32.dll
 0004:00000150       __imp__SetFilePointerEx@20 30d3c150     kernel32:KERNEL32.dll
 0004:00000154       __imp__FlushFileBuffers@4  30d3c154     kernel32:KERNEL32.dll
 0004:00000158       __imp__CreateFileW@28      30d3c158     kernel32:KERNEL32.dll
 0004:0000015c       \177KERNEL32_NULL_THUNK_DATA 30d3c15c     kernel32:KERNEL32.dll
 0004:000001cc       __IMPORT_DESCRIPTOR_KERNEL32 30d3c1cc     kernel32:KERNEL32.dll
 0004:000001e0       __NULL_IMPORT_DESCRIPTOR   30d3c1e0     kernel32:KERNEL32.dll
 0006:00000000       ___guard_check_icall_fptr  30d3e000     LIBCMTD:guard_support.obj
