 extractfuncs

 Timestamp is 5c928d30 (Wed Mar 20 13:57:52 2019)

 Preferred load address is 00400000

 Start         Length     Name                   Class
 0001:00000000 000abf70H .text$mn                CODE
 0001:000abf70 000010e8H .text$x                 CODE
 0002:00000000 00000104H .CRT$XCA                DATA
 0002:00000104 00000104H .CRT$XCAA               DATA
 0002:00000208 00000104H .CRT$XCZ                DATA
 0002:0000030c 00000104H .CRT$XIA                DATA
 0002:00000410 00000104H .CRT$XIAA               DATA
 0002:00000514 00000104H .CRT$XIAC               DATA
 0002:00000618 00000114H .CRT$XIC                DATA
 0002:0000072c 00000104H .CRT$XIZ                DATA
 0002:00000830 00000104H .CRT$XPA                DATA
 0002:00000934 0000010cH .CRT$XPX                DATA
 0002:00000a40 00000104H .CRT$XPXA               DATA
 0002:00000b44 00000104H .CRT$XPZ                DATA
 0002:00000c48 00000104H .CRT$XTA                DATA
 0002:00000d4c 00000104H .CRT$XTZ                DATA
 0002:00000e50 000233ccH .rdata                  DATA
 0002:0002421c 00000444H .rdata$r                DATA
 0002:00024660 0000012cH .rdata$sxdata           DATA
 0002:0002478c 000001bcH .rdata$zzzdbg           DATA
 0002:00024948 00000104H .rtc$IAA                DATA
 0002:00024a4c 00000104H .rtc$IZZ                DATA
 0002:00024b50 00000104H .rtc$TAA                DATA
 0002:00024c54 00000104H .rtc$TZZ                DATA
 0002:00024d58 000010b4H .xdata$x                DATA
 0002:00025e0c 00000000H .edata                  DATA
 0003:00000000 00001128H .data                   DATA
 0003:00001128 00000258H .data$r                 DATA
 0003:00001380 000161c4H .bss                    DATA
 0004:00000000 000001ecH .idata$5                DATA
 0004:000001ec 00000014H .idata$2                DATA
 0004:00000200 00000014H .idata$3                DATA
 0004:00000214 000001ecH .idata$4                DATA
 0004:00000400 000008aaH .idata$6                DATA
 0005:00000000 0000020cH .gfids$x                DATA
 0005:0000020c 000001d6H .gfids$y                DATA
 0006:00000000 00000104H .00cfg                  DATA
 0007:00000000 00000170H .rsrc$01                DATA
 0007:00000170 000002ccH .rsrc$02                DATA

  Address         Publics by Value              Rva+Base       Lib:Object

 0000:00000000       __except_list              00000000     <absolute>
 0000:00000000       ___guard_iat_count         00000000     <absolute>
 0000:00000000       ___guard_fids_table        00000000     <absolute>
 0000:00000000       ___guard_iat_table         00000000     <absolute>
 0000:00000000       ___guard_longjmp_count     00000000     <absolute>
 0000:00000000       ___guard_fids_count        00000000     <absolute>
 0000:00000000       ___guard_longjmp_table     00000000     <absolute>
 0000:00000000       ___dynamic_value_reloc_table 00000000     <absolute>
 0000:00000009       ___safe_se_handler_count   00000009     <absolute>
 0000:00000100       ___guard_flags             00000100     <absolute>
 0000:00000000       ___ImageBase               00400000     <linker-defined>
 0001:00006b30       _AddFunctionName           00407b30 f   extractfuncs.obj
 0001:00006d10       _AddTokenToList            00407d10 f   extractfuncs.obj
 0001:00006d90       _ConcatDec                 00407d90 f   extractfuncs.obj
 0001:00006e00       _DumpReplaceFunctions      00407e00 f   extractfuncs.obj
 0001:00007610       _Error                     00408610 f   extractfuncs.obj
 0001:00007660       _FindFunctionName          00408660 f   extractfuncs.obj
 0001:000076c0       _GetFunctionNamesFromFile  004086c0 f   extractfuncs.obj
 0001:00007b10       _MayScrewUp                00408b10 f   extractfuncs.obj
 0001:00007b90       _ScrewUpFile               00408b90 f   extractfuncs.obj
 0001:00007d60       _StripTokenList            00408d60 f   extractfuncs.obj
 0001:00007df0       _WriteString               00408df0 f   extractfuncs.obj
 0001:00007e50       _WriteWhiteSpace           00408e50 f   extractfuncs.obj
 0001:00007ec0       ___local_stdio_printf_options 00408ec0 f i extractfuncs.obj
 0001:00007ee0       __vfprintf_l               00408ee0 f i extractfuncs.obj
 0001:00007f30       __vsnprintf_l              00408f30 f i extractfuncs.obj
 0001:00007fa0       __vsprintf_l               00408fa0 f i extractfuncs.obj
 0001:00007fe0       _main                      00408fe0 f   extractfuncs.obj
 0001:00008110       _printf                    00409110 f i extractfuncs.obj
 0001:00008160       _sprintf                   00409160 f i extractfuncs.obj
 0001:000081b0       _vprintf                   004091b0 f i extractfuncs.obj
 0001:000081f0       _Log_Close                 004091f0 f   l_log.obj
 0001:00008260       _Log_FileStruct            00409260 f   l_log.obj
 0001:00008280       _Log_Flush                 00409280 f   l_log.obj
 0001:000082b0       _Log_Open                  004092b0 f   l_log.obj
 0001:00008370       _Log_Print                 00409370 f   l_log.obj
 0001:00008400       _Log_Shutdown              00409400 f   l_log.obj
 0001:00008430       _Log_Write                 00409430 f   l_log.obj
 0001:00008490       _Log_WriteTimeStamped      00409490 f   l_log.obj
 0001:00008500       _vfprintf                  00409500 f i l_log.obj
 0001:00008530       _FreeMemory                00409530 f   l_memory.obj
 0001:00008570       _GetClearedHunkMemory      00409570 f   l_memory.obj
 0001:000085c0       _GetClearedMemory          004095c0 f   l_memory.obj
 0001:00008610       _GetHunkMemory             00409610 f   l_memory.obj
 0001:00008670       _GetMemory                 00409670 f   l_memory.obj
 0001:000086d0       _PrintMemoryLabels         004096d0 f   l_memory.obj
 0001:000086f0       _PrintUsedMemorySize       004096f0 f   l_memory.obj
 0001:00008710       _PC_Directive_include      00409710 f   l_precomp.obj
 0001:00008a20       _PC_Directive_undef        00409a20 f   l_precomp.obj
 0001:00008c30       _PC_Directive_define       00409c30 f   l_precomp.obj
 0001:000092a0       _PC_Directive_ifdef        0040a2a0 f   l_precomp.obj
 0001:000092d0       _PC_Directive_ifndef       0040a2d0 f   l_precomp.obj
 0001:00009300       _PC_Directive_else         0040a300 f   l_precomp.obj
 0001:000093b0       _PC_Directive_endif        0040a3b0 f   l_precomp.obj
 0001:00009410       _PC_Directive_elif         0040a410 f   l_precomp.obj
 0001:000094d0       _PC_Directive_if           0040a4d0 f   l_precomp.obj
 0001:00009550       _PC_Directive_line         0040a550 f   l_precomp.obj
 0001:00009580       _PC_Directive_error        0040a580 f   l_precomp.obj
 0001:00009610       _PC_Directive_pragma       0040a610 f   l_precomp.obj
 0001:00009680       _PC_Directive_eval         0040a680 f   l_precomp.obj
 0001:000097a0       _PC_Directive_evalfloat    0040a7a0 f   l_precomp.obj
 0001:000098d0       _PC_DollarDirective_evalint 0040a8d0 f   l_precomp.obj
 0001:00009a00       _PC_DollarDirective_evalfloat 0040aa00 f   l_precomp.obj
 0001:00009b40       _FreeSource                0040ab40 f   l_precomp.obj
 0001:00009d00       _LoadSourceFile            0040ad00 f   l_precomp.obj
 0001:00009e20       _LoadSourceMemory          0040ae20 f   l_precomp.obj
 0001:00009f40       _PC_AddBuiltinDefines      0040af40 f   l_precomp.obj
 0001:0000a0a0       _PC_AddDefine              0040b0a0 f   l_precomp.obj
 0001:0000a100       _PC_AddDefineToHash        0040b100 f   l_precomp.obj
 0001:0000a150       _PC_AddGlobalDefine        0040b150 f   l_precomp.obj
 0001:0000a1b0       _PC_AddGlobalDefinesToSource 0040b1b0 f   l_precomp.obj
 0001:0000a220       _PC_CheckTokenString       0040b220 f   l_precomp.obj
 0001:0000a2c0       _PC_CheckTokenType         0040b2c0 f   l_precomp.obj
 0001:0000a370       _PC_ClearTokenWhiteSpace   0040b370 f   l_precomp.obj
 0001:0000a3c0       _PC_ConvertPath            0040b3c0 f   l_precomp.obj
 0001:0000a490       _PC_CopyDefine             0040b490 f   l_precomp.obj
 0001:0000a650       _PC_CopyToken              0040b650 f   l_precomp.obj
 0001:0000a6e0       _PC_DefineFromString       0040b6e0 f   l_precomp.obj
 0001:0000a8e0       _PC_Directive_if_def       0040b8e0 f   l_precomp.obj
 0001:0000aa70       _PC_DollarEvaluate         0040ba70 f   l_precomp.obj
 0001:0000aee0       _PC_Evaluate               0040bee0 f   l_precomp.obj
 0001:0000b2b0       _PC_EvaluateTokens         0040c2b0 f   l_precomp.obj
 0001:0000c690       _PC_ExpandBuiltinDefine    0040d690 f   l_precomp.obj
 0001:0000ca00       _PC_ExpandDefine           0040da00 f   l_precomp.obj
 0001:0000d000       _PC_ExpandDefineIntoSource 0040e000 f   l_precomp.obj
 0001:0000d080       _PC_ExpectAnyToken         0040e080 f   l_precomp.obj
 0001:0000d0d0       _PC_ExpectTokenString      0040e0d0 f   l_precomp.obj
 0001:0000d190       _PC_ExpectTokenType        0040e190 f   l_precomp.obj
 0001:0000d4c0       _PC_FindDefine             0040e4c0 f   l_precomp.obj
 0001:0000d520       _PC_FindDefineParm         0040e520 f   l_precomp.obj
 0001:0000d5a0       _PC_FindHashedDefine       0040e5a0 f   l_precomp.obj
 0001:0000d620       _PC_FreeDefine             0040e620 f   l_precomp.obj
 0001:0000d6c0       _PC_FreeToken              0040e6c0 f   l_precomp.obj
 0001:0000d700       _PC_InitTokenHeap          0040e700 f   l_precomp.obj
 0001:0000d720       _PC_MergeTokens            0040e720 f   l_precomp.obj
 0001:0000d7e0       _PC_NameHash               0040e7e0 f   l_precomp.obj
 0001:0000d870       _PC_OperatorPriority       0040e870 f   l_precomp.obj
 0001:0000da30       _PC_PopIndent              0040ea30 f   l_precomp.obj
 0001:0000db00       _PC_PrintDefineHashTable   0040eb00 f   l_precomp.obj
 0001:0000dba0       _PC_PushIndent             0040eba0 f   l_precomp.obj
 0001:0000dc50       _PC_PushScript             0040ec50 f   l_precomp.obj
 0001:0000dcf0       _PC_ReadDefineParms        0040ecf0 f   l_precomp.obj
 0001:0000e120       _PC_ReadDirective          0040f120 f   l_precomp.obj
 0001:0000e270       _PC_ReadDollarDirective    0040f270 f   l_precomp.obj
 0001:0000e3e0       _PC_ReadLine               0040f3e0 f   l_precomp.obj
 0001:0000e470       _PC_ReadSourceToken        0040f470 f   l_precomp.obj
 0001:0000e610       _PC_ReadToken              0040f610 f   l_precomp.obj
 0001:0000e7b0       _PC_RemoveAllGlobalDefines 0040f7b0 f   l_precomp.obj
 0001:0000e810       _PC_RemoveGlobalDefine     0040f810 f   l_precomp.obj
 0001:0000e870       _PC_SetIncludePath         0040f870 f   l_precomp.obj
 0001:0000e920       _PC_SetPunctuations        0040f920 f   l_precomp.obj
 0001:0000e950       _PC_SkipUntilString        0040f950 f   l_precomp.obj
 0001:0000e9d0       _PC_StringizeTokens        0040f9d0 f   l_precomp.obj
 0001:0000ead0       _PC_UnreadLastToken        0040fad0 f   l_precomp.obj
 0001:0000eb00       _PC_UnreadSourceToken      0040fb00 f   l_precomp.obj
 0001:0000eb60       _PC_UnreadToken            0040fb60 f   l_precomp.obj
 0001:0000eb90       _PC_WhiteSpaceBeforeToken  0040fb90 f   l_precomp.obj
 0001:0000ebe0       _Q_stricmp                 0040fbe0 f   l_precomp.obj
 0001:0000ec10       _Q_stricmpn                0040fc10 f   l_precomp.obj
 0001:0000ecf0       _Q_strlwr                  0040fcf0 f   l_precomp.obj
 0001:0000ed50       _Q_strncmp                 0040fd50 f   l_precomp.obj
 0001:0000edf0       _Q_strncpyz                0040fdf0 f   l_precomp.obj
 0001:0000ee60       _Q_strupr                  0040fe60 f   l_precomp.obj
 0001:0000eec0       _SourceError               0040fec0 f   l_precomp.obj
 0001:0000ef30       _SourceWarning             0040ff30 f   l_precomp.obj
 0001:0000efa0       _UnreadSignToken           0040ffa0 f   l_precomp.obj
 0001:0000f0c0       _vsprintf                  004100c0 f i l_precomp.obj
 0001:0000f100       _EndOfScript               00410100 f   l_script.obj
 0001:0000f150       _FileLength                00410150 f   l_script.obj
 0001:0000f1c0       _FreeScript                004101c0 f   l_script.obj
 0001:0000f210       _GetScriptFlags            00410210 f   l_script.obj
 0001:0000f230       _LoadScriptFile            00410230 f   l_script.obj
 0001:0000f3f0       _LoadScriptMemory          004103f0 f   l_script.obj
 0001:0000f540       _NumLinesCrossed           00410540 f   l_script.obj
 0001:0000f570       _NumberValue               00410570 f   l_script.obj
 0001:0000f920       _PS_CheckTokenString       00410920 f   l_script.obj
 0001:0000f9c0       _PS_CheckTokenType         004109c0 f   l_script.obj
 0001:0000fa70       _PS_CreatePunctuationTable 00410a70 f   l_script.obj
 0001:0000fc30       _PS_ExpectAnyToken         00410c30 f   l_script.obj
 0001:0000fc80       _PS_ExpectTokenString      00410c80 f   l_script.obj
 0001:0000fd40       _PS_ExpectTokenType        00410d40 f   l_script.obj
 0001:000100b0       _PS_NextWhiteSpaceChar     004110b0 f   l_script.obj
 0001:00010120       _PS_ReadEscapeCharacter    00411120 f   l_script.obj
 0001:00010540       _PS_ReadLiteral            00411540 f   l_script.obj
 0001:00010780       _PS_ReadName               00411780 f   l_script.obj
 0001:000108b0       _PS_ReadNumber             004118b0 f   l_script.obj
 0001:00010f30       _PS_ReadPrimitive          00411f30 f   l_script.obj
 0001:00011020       _PS_ReadPunctuation        00412020 f   l_script.obj
 0001:00011140       _PS_ReadString             00412140 f   l_script.obj
 0001:00011470       _PS_ReadToken              00412470 f   l_script.obj
 0001:000117f0       _PS_ReadWhiteSpace         004127f0 f   l_script.obj
 0001:00011ad0       _PS_SkipUntilString        00412ad0 f   l_script.obj
 0001:00011b50       _PS_UnreadLastToken        00412b50 f   l_script.obj
 0001:00011b80       _PS_UnreadToken            00412b80 f   l_script.obj
 0001:00011bd0       _PunctuationFromNum        00412bd0 f   l_script.obj
 0001:00011c50       _ReadSignedFloat           00412c50 f   l_script.obj
 0001:00011d50       _ReadSignedInt             00412d50 f   l_script.obj
 0001:00011e30       _ResetScript               00412e30 f   l_script.obj
 0001:00011ee0       _ScriptError               00412ee0 f   l_script.obj
 0001:00011f60       _ScriptSkipTo              00412f60 f   l_script.obj
 0001:00012020       _ScriptWarning             00413020 f   l_script.obj
 0001:000120a0       _SetScriptFlags            004130a0 f   l_script.obj
 0001:000120d0       _SetScriptPunctuations     004130d0 f   l_script.obj
 0001:00012140       _StripDoubleQuotes         00413140 f   l_script.obj
 0001:000121c0       _StripSingleQuotes         004131c0 f   l_script.obj
 0001:00012232       _FindFirstFileA@8          00413232 f   kernel32:KERNEL32.dll
 0001:00012238       _FindNextFileA@8           00413238 f   kernel32:KERNEL32.dll
 0001:00012240       @__security_check_cookie@4 00413240 f   LIBCMTD:_secchk_.obj
 0001:00012260       __ftoui3                   00413260 f   LIBCMTD:_ftol3_.obj
 0001:0001226f       __ftoul3                   0041326f f   LIBCMTD:_ftol3_.obj
 0001:0001227e       __ftol3                    0041327e f   LIBCMTD:_ftol3_.obj
 0001:0001228b       __ftol3_NaN                0041328b f   LIBCMTD:_ftol3_.obj
 0001:000122a3       __ftol3_work               004132a3 f   LIBCMTD:_ftol3_.obj
 0001:00012329       __ftol3_common             00413329 f   LIBCMTD:_ftol3_.obj
 0001:000123eb       __ftol3_arg_error          004133eb f   LIBCMTD:_ftol3_.obj
 0001:000123fd       __ftol3_except             004133fd f   LIBCMTD:_ftol3_.obj
 0001:00012441       __dtoui3                   00413441 f   LIBCMTD:_ftol3_.obj
 0001:00012450       __dtoul3                   00413450 f   LIBCMTD:_ftol3_.obj
 0001:0001245f       __dtol3                    0041345f f   LIBCMTD:_ftol3_.obj
 0001:0001246c       __dtol3_NaN                0041346c f   LIBCMTD:_ftol3_.obj
 0001:00012489       __dtol3_work               00413489 f   LIBCMTD:_ftol3_.obj
 0001:00012570       __ultod3                   00413570 f   LIBCMTD:_ftol3_.obj
 0001:000125b0       __ltod3                    004135b0 f   LIBCMTD:_ftol3_.obj
 0001:00012a90       ?configure_argv@__scrt_narrow_argv_policy@@SAHXZ 00413a90 f i LIBCMTD:exe_main.obj
 0001:00012ab0       ?get_app_type@__scrt_main_policy@@SA?AW4_crt_app_type@@XZ 00413ab0 f i LIBCMTD:exe_main.obj
 0001:00012b00       _mainCRTStartup            00413b00 f   LIBCMTD:exe_main.obj
 0001:00012b10       ___raise_securityfailure   00413b10 f   LIBCMTD:gs_report.obj
 0001:00012b50       ___report_gsfailure        00413b50 f   LIBCMTD:gs_report.obj
 0001:00012ca0       ___report_rangecheckfailure 00413ca0 f   LIBCMTD:gs_report.obj
 0001:00012cb0       ___report_securityfailure  00413cb0 f   LIBCMTD:gs_report.obj
 0001:00012dc0       ___report_securityfailureEx 00413dc0 f   LIBCMTD:gs_report.obj
 0001:00012f30       ??$__crt_fast_decode_pointer@PAP6AXXZ@@YAPAP6AXXZQAP6AXXZ@Z 00413f30 f i LIBCMTD:utility.obj
 0001:00012f60       ??$__crt_fast_encode_pointer@PAP6AXXZ@@YAPAP6AXXZQAP6AXXZ@Z 00413f60 f i LIBCMTD:utility.obj
 0001:00012fa0       ?__crt_rotate_pointer_value@@YAIIH@Z 00413fa0 f i LIBCMTD:utility.obj
 0001:000130f0       _NtCurrentTeb              004140f0 f i LIBCMTD:utility.obj
 0001:00013100       ___scrt_acquire_startup_lock 00414100 f   LIBCMTD:utility.obj
 0001:00013160       ___scrt_dllmain_after_initialize_c 00414160 f   LIBCMTD:utility.obj
 0001:000131a0       ___scrt_dllmain_before_initialize_c 004141a0 f   LIBCMTD:utility.obj
 0001:000131d0       ___scrt_dllmain_crt_thread_attach 004141d0 f   LIBCMTD:utility.obj
 0001:00013210       ___scrt_dllmain_crt_thread_detach 00414210 f   LIBCMTD:utility.obj
 0001:00013230       ___scrt_dllmain_exception_filter 00414230 f   LIBCMTD:utility.obj
 0001:00013290       ___scrt_dllmain_uninitialize_c 00414290 f   LIBCMTD:utility.obj
 0001:000132d0       ___scrt_dllmain_uninitialize_critical 004142d0 f   LIBCMTD:utility.obj
 0001:000132f0       ___scrt_initialize_crt     004142f0 f   LIBCMTD:utility.obj
 0001:00013350       ___scrt_initialize_onexit_tables 00414350 f   LIBCMTD:utility.obj
 0001:00013450       ___scrt_is_nonwritable_in_current_image 00414450 f   LIBCMTD:utility.obj
 0001:000135d0       ___scrt_release_startup_lock 004145d0 f   LIBCMTD:utility.obj
 0001:00013600       ___scrt_uninitialize_crt   00414600 f   LIBCMTD:utility.obj
 0001:00013650       __onexit                   00414650 f   LIBCMTD:utility.obj
 0001:000136e0       _at_quick_exit             004146e0 f   LIBCMTD:utility.obj
 0001:00013740       _atexit                    00414740 f   LIBCMTD:utility.obj
 0001:00013780       ___security_init_cookie    00414780 f   LIBCMTD:gs_support.obj
 0001:000138a0       __matherr                  004148a0 f   LIBCMTD:matherr.obj
 0001:000138b0       __get_startup_argv_mode    004148b0 f   LIBCMTD:argv_mode.obj
 0001:000138c0       __get_startup_commit_mode  004148c0 f   LIBCMTD:commit_mode.obj
 0001:000138d0       __get_startup_file_mode    004148d0 f   LIBCMTD:file_mode.obj
 0001:000138e0       __get_startup_new_mode     004148e0 f   LIBCMTD:new_mode.obj
 0001:000138f0       __get_startup_thread_locale_mode 004148f0 f   LIBCMTD:thread_locale.obj
 0001:00013900       ?__scrt_initialize_type_info@@YAXXZ 00414900 f   LIBCMTD:tncleanup.obj
 0001:00013920       ?__scrt_uninitialize_type_info@@YAXXZ 00414920 f   LIBCMTD:tncleanup.obj
 0001:00013940       __should_initialize_environment 00414940 f   LIBCMTD:env_mode.obj
 0001:00013950       __initialize_default_precision 00414950 f   LIBCMTD:default_precision.obj
 0001:00013980       __initialize_invalid_parameter_handler 00414980 f   LIBCMTD:invalid_parameter_handler.obj
 0001:00013990       __initialize_denormal_control 00414990 f   LIBCMTD:denormal_control.obj
 0001:000139a0       ___local_stdio_scanf_options 004149a0 f i LIBCMTD:default_local_stdio_options.obj
 0001:000139b0       ___scrt_initialize_default_local_stdio_options 004149b0 f   LIBCMTD:default_local_stdio_options.obj
 0001:00013a00       ___scrt_is_user_matherr_present 00414a00 f   LIBCMTD:matherr_detection.obj
 0001:00013a30       ___scrt_get_dyn_tls_init_callback 00414a30 f   LIBCMTD:dyn_tls_init.obj
 0001:00013a40       ___scrt_get_dyn_tls_dtor_callback 00414a40 f   LIBCMTD:dyn_tls_dtor.obj
 0001:00013a50       ___scrt_fastfail           00414a50 f   LIBCMTD:utility_desktop.obj
 0001:00013be0       ___scrt_get_show_window_mode 00414be0 f   LIBCMTD:utility_desktop.obj
 0001:00013c30       ___scrt_initialize_winrt   00414c30 f   LIBCMTD:utility_desktop.obj
 0001:00013c40       ___scrt_is_managed_app     00414c40 f   LIBCMTD:utility_desktop.obj
 0001:00013cf0       ___scrt_set_unhandled_exception_filter 00414cf0 f   LIBCMTD:utility_desktop.obj
 0001:00013d10       ___scrt_unhandled_exception_filter@4 00414d10 f   LIBCMTD:utility_desktop.obj
 0001:00013d90       __crt_debugger_hook        00414d90 f   LIBCMTD:utility_desktop.obj
 0001:00013db0       __RTC_Initialize           00414db0 f   LIBCMTD:_initsect_.obj
 0001:00013df0       __RTC_Terminate            00414df0 f   LIBCMTD:_initsect_.obj
 0001:00013e30       @_guard_check_icall@4      00414e30 f i LIBCMTD:checkcfg.obj
 0001:00013e50       ___isa_available_init      00414e50 f   LIBCMTD:_cpu_disp_.obj
 0001:000141e0       ___scrt_is_ucrt_dll_in_use 004151e0 f   LIBCMTD:ucrt_detection.obj
 0001:00014210       @_guard_check_icall_nop@4  00415210 f i LIBCMTD:guard_support.obj
 0001:00014220       __guard_icall_checks_enforced 00415220 f i LIBCMTD:guard_support.obj
 0001:00014250       _memcpy                    00415250 f   libvcruntimed:memcpy.obj
 0001:00014930       _memset                    00415930 f   libvcruntimed:memset.obj
 0001:00014b60       __except_handler4          00415b60 f   libvcruntimed:_chandler4_.obj
 0001:00014db0       ___vcrt_initialize         00415db0 f   libvcruntimed:initialization.obj
 0001:00014e00       ___vcrt_thread_attach      00415e00 f   libvcruntimed:initialization.obj
 0001:00014e20       ___vcrt_thread_detach      00415e20 f   libvcruntimed:initialization.obj
 0001:00014e40       ___vcrt_uninitialize       00415e40 f   libvcruntimed:initialization.obj
 0001:00014e70       ___vcrt_uninitialize_critical 00415e70 f   libvcruntimed:initialization.obj
 0001:00014ed0       ??$?RD@__crt_internal_free_policy@@QBEXQBD@Z 00415ed0 f i libvcruntimed:std_type_info.obj
 0001:00014f00       ??$?RX@__crt_internal_free_policy@@QBEXQBX@Z 00415f00 f i libvcruntimed:std_type_info.obj
 0001:00014f30       ??$__crt_interlocked_compare_exchange_pointer@$$CBD$$T$$T@@YAPBDPDSBD$$T1@Z 00415f30 f i libvcruntimed:std_type_info.obj
 0001:00014f50       ??$__crt_interlocked_compare_exchange_pointer@$$CBDPAD$$T@@YAPBDPDSBDQAD$$T@Z 00415f50 f i libvcruntimed:std_type_info.obj
 0001:00014f70       ??$__crt_interlocked_read_pointer@$$CBD@@YAPBDPDSBD@Z 00415f70 f i libvcruntimed:std_type_info.obj
 0001:00014f90       ??0?$__crt_unique_heap_ptr@DU__crt_internal_free_policy@@@@QAE@QAD@Z 00415f90 f i libvcruntimed:std_type_info.obj
 0001:00014fb0       ??0?$__crt_unique_heap_ptr@XU__crt_internal_free_policy@@@@QAE@QAX@Z 00415fb0 f i libvcruntimed:std_type_info.obj
 0001:00014fd0       ??1?$__crt_unique_heap_ptr@DU__crt_internal_free_policy@@@@QAE@XZ 00415fd0 f i libvcruntimed:std_type_info.obj
 0001:00014ff0       ??1?$__crt_unique_heap_ptr@XU__crt_internal_free_policy@@@@QAE@XZ 00415ff0 f i libvcruntimed:std_type_info.obj
 0001:00015050       ??B?$__crt_unique_heap_ptr@DU__crt_internal_free_policy@@@@QBE_NXZ 00416050 f i libvcruntimed:std_type_info.obj
 0001:00015070       ??B?$__crt_unique_heap_ptr@XU__crt_internal_free_policy@@@@QBE_NXZ 00416070 f i libvcruntimed:std_type_info.obj
 0001:000150f0       ?detach@?$__crt_unique_heap_ptr@XU__crt_internal_free_policy@@@@QAEPAXXZ 004160f0 f i libvcruntimed:std_type_info.obj
 0001:00015120       ?get@?$__crt_unique_heap_ptr@DU__crt_internal_free_policy@@@@QBEPADXZ 00416120 f i libvcruntimed:std_type_info.obj
 0001:00015140       ?get@?$__crt_unique_heap_ptr@XU__crt_internal_free_policy@@@@QBEPAXXZ 00416140 f i libvcruntimed:std_type_info.obj
 0001:00015160       ?is_valid@?$__crt_unique_heap_ptr@DU__crt_internal_free_policy@@@@QBE_NXZ 00416160 f i libvcruntimed:std_type_info.obj
 0001:000151a0       ?is_valid@?$__crt_unique_heap_ptr@XU__crt_internal_free_policy@@@@QBE_NXZ 004161a0 f i libvcruntimed:std_type_info.obj
 0001:000151e0       ?release@?$__crt_unique_heap_ptr@DU__crt_internal_free_policy@@@@QAEXXZ 004161e0 f i libvcruntimed:std_type_info.obj
 0001:00015210       ?release@?$__crt_unique_heap_ptr@XU__crt_internal_free_policy@@@@QAEXXZ 00416210 f i libvcruntimed:std_type_info.obj
 0001:00015240       ___std_type_info_compare   00416240 f   libvcruntimed:std_type_info.obj
 0001:00015270       ___std_type_info_destroy_list 00416270 f   libvcruntimed:std_type_info.obj
 0001:000152c0       ___std_type_info_hash      004162c0 f   libvcruntimed:std_type_info.obj
 0001:00015330       ___std_type_info_name      00416330 f   libvcruntimed:std_type_info.obj
 0001:00015580       __local_unwind4            00416580 f   libvcruntimed:_exsup4_.obj
 0001:00015656       __seh_longjmp_unwind4@4    00416656 f   libvcruntimed:_exsup4_.obj
 0001:0001567e       @_EH4_CallFilterFunc@8     0041667e f   libvcruntimed:_exsup4_.obj
 0001:00015695       @_EH4_TransferToHandler@8  00416695 f   libvcruntimed:_exsup4_.obj
 0001:000156ae       @_EH4_GlobalUnwind2@8      004166ae f   libvcruntimed:_exsup4_.obj
 0001:000156c7       @_EH4_LocalUnwind@16       004166c7 f   libvcruntimed:_exsup4_.obj
 0001:00015740       ___except_validate_context_record 00416740 f   libvcruntimed:jbcxrval.obj
 0001:000157a0       ___except_validate_jump_buffer 004167a0 f   libvcruntimed:jbcxrval.obj
 0001:00015800       ??$?RU__vcrt_ptd@@@__crt_internal_free_policy@@QBEXQBU__vcrt_ptd@@@Z 00416800 f i libvcruntimed:per_thread_data.obj
 0001:00015830       ??0?$__crt_unique_heap_ptr@U__vcrt_ptd@@U__crt_internal_free_policy@@@@QAE@QAU__vcrt_ptd@@@Z 00416830 f i libvcruntimed:per_thread_data.obj
 0001:00015870       ??1?$__crt_unique_heap_ptr@U__vcrt_ptd@@U__crt_internal_free_policy@@@@QAE@XZ 00416870 f i libvcruntimed:per_thread_data.obj
 0001:000158b0       ??B?$__crt_unique_heap_ptr@U__vcrt_ptd@@U__crt_internal_free_policy@@@@QBE_NXZ 004168b0 f i libvcruntimed:per_thread_data.obj
 0001:000158d0       ?detach@?$__crt_unique_heap_ptr@U__vcrt_ptd@@U__crt_internal_free_policy@@@@QAEPAU__vcrt_ptd@@XZ 004168d0 f i libvcruntimed:per_thread_data.obj
 0001:00015900       ?get@?$__crt_unique_heap_ptr@U__vcrt_ptd@@U__crt_internal_free_policy@@@@QBEPAU__vcrt_ptd@@XZ 00416900 f i libvcruntimed:per_thread_data.obj
 0001:00015920       ?is_valid@?$__crt_unique_heap_ptr@U__vcrt_ptd@@U__crt_internal_free_policy@@@@QBE_NXZ 00416920 f i libvcruntimed:per_thread_data.obj
 0001:00015960       ?release@?$__crt_unique_heap_ptr@U__vcrt_ptd@@U__crt_internal_free_policy@@@@QAEXXZ 00416960 f i libvcruntimed:per_thread_data.obj
 0001:000159c0       ___vcrt_freefls@4          004169c0 f   libvcruntimed:per_thread_data.obj
 0001:000159f0       ___vcrt_freeptd            004169f0 f   libvcruntimed:per_thread_data.obj
 0001:00015a60       ___vcrt_getptd             00416a60 f   libvcruntimed:per_thread_data.obj
 0001:00015a90       ___vcrt_getptd_noexit      00416a90 f   libvcruntimed:per_thread_data.obj
 0001:00015c50       ___vcrt_initialize_ptd     00416c50 f   libvcruntimed:per_thread_data.obj
 0001:00015cb0       ___vcrt_uninitialize_ptd   00416cb0 f   libvcruntimed:per_thread_data.obj
 0001:00015cf0       ___vcrt_initialize_locks   00416cf0 f   libvcruntimed:locks.obj
 0001:00015d60       ___vcrt_lock               00416d60 f   libvcruntimed:locks.obj
 0001:00015d80       ___vcrt_uninitialize_locks 00416d80 f   libvcruntimed:locks.obj
 0001:00015de0       ___vcrt_unlock             00416de0 f   libvcruntimed:locks.obj
 0001:00015e00       ??$?BX@__crt_fast_encoded_nullptr_t@@QBEPAXXZ 00416e00 f i libvcruntimed:winapi_downlevel.obj
 0001:00015e20       ??$__crt_fast_decode_pointer@PAX@@YAPAXQAX@Z 00416e20 f i libvcruntimed:winapi_downlevel.obj
 0001:00015e50       ??$__crt_fast_encode_pointer@PAX@@YAPAXQAX@Z 00416e50 f i libvcruntimed:winapi_downlevel.obj
 0001:00015e90       ??$__crt_interlocked_compare_exchange_pointer@UHINSTANCE__@@$$T$$T@@YAPAUHINSTANCE__@@PDSAU0@$$T1@Z 00416e90 f i libvcruntimed:winapi_downlevel.obj
 0001:00015eb0       ??$__crt_interlocked_compare_exchange_pointer@X$$T$$T@@YAPAXPDSAX$$T1@Z 00416eb0 f i libvcruntimed:winapi_downlevel.obj
 0001:00015ed0       ??$__crt_interlocked_exchange_pointer@UHINSTANCE__@@PAU1@@@YAPAUHINSTANCE__@@PDSAU0@QAU0@@Z 00416ed0 f i libvcruntimed:winapi_downlevel.obj
 0001:00015ee0       ??$__crt_interlocked_exchange_pointer@UHINSTANCE__@@PAX@@YAPAUHINSTANCE__@@PDSAU0@QAX@Z 00416ee0 f i libvcruntimed:winapi_downlevel.obj
 0001:00015ef0       ??$__crt_interlocked_exchange_pointer@XPAX@@YAPAXPDSAXQAX@Z 00416ef0 f i libvcruntimed:winapi_downlevel.obj
 0001:00015f00       ??$__crt_interlocked_read_pointer@UHINSTANCE__@@@@YAPAUHINSTANCE__@@PDSAU0@@Z 00416f00 f i libvcruntimed:winapi_downlevel.obj
 0001:00015f20       ??$__crt_interlocked_read_pointer@X@@YAPAXPDSAX@Z 00416f20 f i libvcruntimed:winapi_downlevel.obj
 0001:00015f40       ?__crt_fast_encode_pointer@@YA?AU__crt_fast_encoded_nullptr_t@@$$T@Z 00416f40 f i libvcruntimed:winapi_downlevel.obj
 0001:000164d0       ___vcrt_EventRegister      004174d0 f   libvcruntimed:winapi_downlevel.obj
 0001:00016520       ___vcrt_EventSetInformation 00417520 f   libvcruntimed:winapi_downlevel.obj
 0001:00016580       ___vcrt_EventUnregister    00417580 f   libvcruntimed:winapi_downlevel.obj
 0001:000165d0       ___vcrt_EventWriteTransfer 004175d0 f   libvcruntimed:winapi_downlevel.obj
 0001:00016630       ___vcrt_FlsAlloc           00417630 f   libvcruntimed:winapi_downlevel.obj
 0001:00016680       ___vcrt_FlsFree            00417680 f   libvcruntimed:winapi_downlevel.obj
 0001:000166d0       ___vcrt_FlsGetValue        004176d0 f   libvcruntimed:winapi_downlevel.obj
 0001:00016720       ___vcrt_FlsSetValue        00417720 f   libvcruntimed:winapi_downlevel.obj
 0001:00016780       ___vcrt_InitializeCriticalSectionEx 00417780 f   libvcruntimed:winapi_downlevel.obj
 0001:000167e0       ___vcrt_initialize_winapi_thunks 004177e0 f   libvcruntimed:winapi_downlevel.obj
 0001:00016860       ___vcrt_uninitialize_winapi_thunks 00417860 f   libvcruntimed:winapi_downlevel.obj
 0001:000168f0       ??$?B$$A6AXXZ@__crt_fast_encoded_nullptr_t@@QBEP6AXXZXZ 004178f0 f i libvcruntimed:purevirt_data.obj
 0001:00016910       ??$__crt_fast_encode_pointer@P6AXXZ@@YAP6AXXZQ6AXXZ@Z 00417910 f i libvcruntimed:purevirt_data.obj
 0001:00016950       ___vcrt_initialize_pure_virtual_call_handler 00417950 f   libvcruntimed:purevirt_data.obj
 0001:00016980       ??$__vcrt_va_start_verify_argument_type@QBD@@YAXXZ 00417980 f i libvcruntimed:undname.obj
 0001:00016990       ??0Block@_HeapManager@@QAE@XZ 00417990 f i libvcruntimed:undname.obj
 0001:000169b0       ??0DName@@QAE@AAPBDD@Z     004179b0 f   libvcruntimed:undname.obj
 0001:00016d20       ??0DName@@QAE@ABV0@@Z      00417d20 f i libvcruntimed:undname.obj
 0001:00016d50       ??0DName@@QAE@D@Z          00417d50 f   libvcruntimed:undname.obj
 0001:00016e60       ??0DName@@QAE@PAV0@@Z      00417e60 f   libvcruntimed:undname.obj
 0001:00016fe0       ??0DName@@QAE@PBD@Z        00417fe0 f   libvcruntimed:undname.obj
 0001:00017110       ??0DName@@QAE@W4DNameStatus@@@Z 00418110 f   libvcruntimed:undname.obj
 0001:00017270       ??0DName@@QAE@XZ           00418270 f i libvcruntimed:undname.obj
 0001:00017360       ??0DName@@QAE@_J@Z         00418360 f   libvcruntimed:undname.obj
 0001:00017540       ??0DName@@QAE@_K@Z         00418540 f   libvcruntimed:undname.obj
 0001:000176d0       ??0DNameNode@@IAE@XZ       004186d0 f   libvcruntimed:undname.obj
 0001:000176f0       ??0DNameStatusNode@@AAE@W4DNameStatus@@@Z 004186f0 f   libvcruntimed:undname.obj
 0001:00017760       ??0Replicator@@QAE@XZ      00418760 f i libvcruntimed:undname.obj
 0001:00017780       ??0UnDecorator@@QAE@PADPBDHP6APADJ@ZK@Z 00418780 f i libvcruntimed:undname.obj
 0001:00017840       ??0charNode@@QAE@D@Z       00418840 f   libvcruntimed:undname.obj
 0001:00017880       ??0pDNameNode@@QAE@PAVDName@@@Z 00418880 f   libvcruntimed:undname.obj
 0001:00017900       ??0pairNode@@QAE@PAVDNameNode@@0@Z 00418900 f   libvcruntimed:undname.obj
 0001:00017950       ??0pcharNode@@QAE@PBDH@Z   00418950 f   libvcruntimed:undname.obj
 0001:00017a10       ??2@YAPAXIAAV_HeapManager@@H@Z 00418a10 f i libvcruntimed:undname.obj
 0001:00017a30       ??4DName@@QAEAAV0@ABV0@@Z  00418a30 f   libvcruntimed:undname.obj
 0001:00017a60       ??4DName@@QAEAAV0@D@Z      00418a60 f i libvcruntimed:undname.obj
 0001:00017b70       ??4DName@@QAEAAV0@PAV0@@Z  00418b70 f   libvcruntimed:undname.obj
 0001:00017cf0       ??4DName@@QAEAAV0@PBD@Z    00418cf0 f   libvcruntimed:undname.obj
 0001:00017e00       ??4DName@@QAEAAV0@W4DNameStatus@@@Z 00418e00 f   libvcruntimed:undname.obj
 0001:00017f40       ??AReplicator@@QBE?AVDName@@H@Z 00418f40 f   libvcruntimed:undname.obj
 0001:00017fc0       ??BUnDecorator@@QAEPADXZ   00418fc0 f i libvcruntimed:undname.obj
 0001:00018310       ??H@YA?AVDName@@DABV0@@Z   00419310 f i libvcruntimed:undname.obj
 0001:00018350       ??H@YA?AVDName@@PBDABV0@@Z 00419350 f i libvcruntimed:undname.obj
 0001:00018390       ??H@YA?AVDName@@W4DNameStatus@@ABV0@@Z 00419390 f i libvcruntimed:undname.obj
 0001:000183d0       ??HDName@@QBE?AV0@ABV0@@Z  004193d0 f   libvcruntimed:undname.obj
 0001:00018420       ??HDName@@QBE?AV0@D@Z      00419420 f   libvcruntimed:undname.obj
 0001:00018470       ??HDName@@QBE?AV0@PAV0@@Z  00419470 f   libvcruntimed:undname.obj
 0001:000184c0       ??HDName@@QBE?AV0@PBD@Z    004194c0 f   libvcruntimed:undname.obj
 0001:00018510       ??HDName@@QBE?AV0@W4DNameStatus@@@Z 00419510 f   libvcruntimed:undname.obj
 0001:00018560       ??YDName@@QAEAAV0@ABV0@@Z  00419560 f   libvcruntimed:undname.obj
 0001:000185e0       ??YDName@@QAEAAV0@D@Z      004195e0 f   libvcruntimed:undname.obj
 0001:00018680       ??YDName@@QAEAAV0@PAV0@@Z  00419680 f   libvcruntimed:undname.obj
 0001:00018760       ??YDName@@QAEAAV0@PBD@Z    00419760 f   libvcruntimed:undname.obj
 0001:00018820       ??YDName@@QAEAAV0@W4DNameStatus@@@Z 00419820 f   libvcruntimed:undname.obj
 0001:000188a0       ??YReplicator@@QAEAAV0@ABVDName@@@Z 004198a0 f   libvcruntimed:undname.obj
 0001:00018950       ??_5DName@@QAEAAV0@ABV0@@Z 00419950 f   libvcruntimed:undname.obj
 0001:000189c0       ?Constructor@_HeapManager@@QAEXP6APAXI@ZP6AXPAX@Z@Z 004199c0 f i libvcruntimed:undname.obj
 0001:00018a10       ?Destructor@_HeapManager@@QAEXXZ 00419a10 f i libvcruntimed:undname.obj
 0001:00018a80       ?UScore@UnDecorator@@SAPBDW4Tokens@@@Z 00419a80 f   libvcruntimed:undname.obj
 0001:00018ac0       ?append@DName@@AAEXPAVDNameNode@@@Z 00419ac0 f   libvcruntimed:undname.obj
 0001:00018b70       ?composeDeclaration@UnDecorator@@CA?AVDName@@ABV2@@Z 00419b70 f i libvcruntimed:undname.obj
 0001:0001af20       ?dbGetString@DName@@QBEPADXZ 0041bf20 f   libvcruntimed:undname.obj
 0001:0001af50       ?doAccessSpecifiers@UnDecorator@@SAHXZ 0041bf50 f i libvcruntimed:undname.obj
 0001:0001af80       ?doAllocationLanguage@UnDecorator@@SAHXZ 0041bf80 f i libvcruntimed:undname.obj
 0001:0001afb0       ?doAllocationModel@UnDecorator@@SAHXZ 0041bfb0 f i libvcruntimed:undname.obj
 0001:0001afe0       ?doEcsu@UnDecorator@@SAHXZ 0041bfe0 f i libvcruntimed:undname.obj
 0001:0001b010       ?doEllipsis@UnDecorator@@SAHXZ 0041c010 f i libvcruntimed:undname.obj
 0001:0001b040       ?doFunctionReturns@UnDecorator@@SAHXZ 0041c040 f i libvcruntimed:undname.obj
 0001:0001b070       ?doMSKeywords@UnDecorator@@SAHXZ 0041c070 f i libvcruntimed:undname.obj
 0001:0001b0a0       ?doMemberTypes@UnDecorator@@SAHXZ 0041c0a0 f i libvcruntimed:undname.obj
 0001:0001b0d0       ?doNameOnly@UnDecorator@@SAHXZ 0041c0d0 f i libvcruntimed:undname.obj
 0001:0001b0f0       ?doNoIdentCharCheck@UnDecorator@@SAHXZ 0041c0f0 f i libvcruntimed:undname.obj
 0001:0001b110       ?doPchar@DName@@AAEXPBDH@Z 0041c110 f   libvcruntimed:undname.obj
 0001:0001b2a0       ?doPtr64@UnDecorator@@SAHXZ 0041c2a0 f i libvcruntimed:undname.obj
 0001:0001b2d0       ?doRestrictionSpec@UnDecorator@@SAHXZ 0041c2d0 f i libvcruntimed:undname.obj
 0001:0001b300       ?doThisTypes@UnDecorator@@SAHXZ 0041c300 f i libvcruntimed:undname.obj
 0001:0001b340       ?doThrowTypes@UnDecorator@@SAHXZ 0041c340 f i libvcruntimed:undname.obj
 0001:0001b370       ?doTypeOnly@UnDecorator@@SAHXZ 0041c370 f i libvcruntimed:undname.obj
 0001:0001b390       ?doUnderScore@UnDecorator@@SAHXZ 0041c390 f i libvcruntimed:undname.obj
 0001:0001b3c0       ?getArgumentList@UnDecorator@@CA?AVDName@@XZ 0041c3c0 f   libvcruntimed:undname.obj
 0001:0001b560       ?getArgumentTypes@UnDecorator@@CA?AVDName@@XZ 0041c560 f   libvcruntimed:undname.obj
 0001:0001b710       ?getArrayType@UnDecorator@@CA?AVDName@@ABV2@@Z 0041c710 f i libvcruntimed:undname.obj
 0001:0001b9d0       ?getBasedType@UnDecorator@@CA?AVDName@@XZ 0041c9d0 f   libvcruntimed:undname.obj
 0001:0001bac0       ?getBasicDataType@UnDecorator@@CA?AVDName@@ABV2@@Z 0041cac0 f   libvcruntimed:undname.obj
 0001:0001c220       ?getCallIndex@UnDecorator@@CA?AVDName@@XZ 0041d220 f i libvcruntimed:undname.obj
 0001:0001c240       ?getCallingConvention@UnDecorator@@CA?AVDName@@XZ 0041d240 f   libvcruntimed:undname.obj
 0001:0001c430       ?getDataIndirectType@UnDecorator@@CA?AVDName@@ABV2@PBD0H@Z 0041d430 f   libvcruntimed:undname.obj
 0001:0001cde0       ?getDataIndirectType@UnDecorator@@CA?AVDName@@XZ 0041dde0 f i libvcruntimed:undname.obj
 0001:0001ce30       ?getDataType@UnDecorator@@CA?AVDName@@PAV2@@Z 0041de30 f   libvcruntimed:undname.obj
 0001:0001cf90       ?getDecoratedName@UnDecorator@@CA?AVDName@@XZ 0041df90 f   libvcruntimed:undname.obj
 0001:0001d380       ?getDimension@UnDecorator@@CA?AVDName@@_N@Z 0041e380 f   libvcruntimed:undname.obj
 0001:0001d6e0       ?getDispatchTarget@UnDecorator@@CA?AVDName@@XZ 0041e6e0 f   libvcruntimed:undname.obj
 0001:0001d7a0       ?getDisplacement@UnDecorator@@CA?AVDName@@XZ 0041e7a0 f i libvcruntimed:undname.obj
 0001:0001d7c0       ?getECSUDataType@UnDecorator@@CA?AVDName@@XZ 0041e7c0 f   libvcruntimed:undname.obj
 0001:0001da00       ?getECSUName@UnDecorator@@CA?AVDName@@XZ 0041ea00 f i libvcruntimed:undname.obj
 0001:0001da20       ?getEnumType@UnDecorator@@CA?AVDName@@XZ 0041ea20 f i libvcruntimed:undname.obj
 0001:0001dbc0       ?getExtendedDataIndirectType@UnDecorator@@CA?AVDName@@AAPBDAA_NH@Z 0041ebc0 f   libvcruntimed:undname.obj
 0001:0001dea0       ?getExternalDataType@UnDecorator@@CA?AVDName@@ABV2@@Z 0041eea0 f i libvcruntimed:undname.obj
 0001:0001df60       ?getFunctionIndirectType@UnDecorator@@CA?AVDName@@ABV2@@Z 0041ef60 f   libvcruntimed:undname.obj
 0001:0001e510       ?getGuardNumber@UnDecorator@@CA?AVDName@@XZ 0041f510 f i libvcruntimed:undname.obj
 0001:0001e530       ?getLastChar@DName@@QBEDXZ 0041f530 f i libvcruntimed:undname.obj
 0001:0001e580       ?getLastChar@DNameStatusNode@@UBEDXZ 0041f580 f i libvcruntimed:undname.obj
 0001:0001e5c0       ?getLastChar@charNode@@UBEDXZ 0041f5c0 f i libvcruntimed:undname.obj
 0001:0001e5e0       ?getLastChar@pDNameNode@@UBEDXZ 0041f5e0 f i libvcruntimed:undname.obj
 0001:0001e620       ?getLastChar@pairNode@@UBEDXZ 0041f620 f i libvcruntimed:undname.obj
 0001:0001e6a0       ?getLastChar@pcharNode@@UBEDXZ 0041f6a0 f i libvcruntimed:undname.obj
 0001:0001e6e0       ?getLexicalFrame@UnDecorator@@CA?AVDName@@XZ 0041f6e0 f i libvcruntimed:undname.obj
 0001:0001e730       ?getMemory@_HeapManager@@QAEPAXIH@Z 0041f730 f   libvcruntimed:undname.obj
 0001:0001e890       ?getNumberOfDimensions@UnDecorator@@CAHXZ 0041f890 f   libvcruntimed:undname.obj
 0001:0001e9d0       ?getOperatorName@UnDecorator@@CA?AVDName@@_NPA_N@Z 0041f9d0 f i libvcruntimed:undname.obj
 0001:0001f690       ?getPointerType@UnDecorator@@CA?AVDName@@ABV2@0@Z 00420690 f i libvcruntimed:undname.obj
 0001:0001f6d0       ?getPointerTypeArray@UnDecorator@@CA?AVDName@@ABV2@0@Z 004206d0 f i libvcruntimed:undname.obj
 0001:0001f710       ?getPrimaryDataType@UnDecorator@@CA?AVDName@@ABV2@@Z 00420710 f   libvcruntimed:undname.obj
 0001:0001fc00       ?getPtrRefDataType@UnDecorator@@CA?AVDName@@ABV2@H@Z 00420c00 f   libvcruntimed:undname.obj
 0001:0001fe00       ?getPtrRefType@UnDecorator@@CA?AVDName@@ABV2@0PBD@Z 00420e00 f   libvcruntimed:undname.obj
 0001:0001ffd0       ?getReferenceType@UnDecorator@@CA?AVDName@@ABV2@0PBD@Z 00420fd0 f i libvcruntimed:undname.obj
 0001:00020000       ?getRestrictionSpec@UnDecorator@@CA?AVDName@@XZ 00421000 f   libvcruntimed:undname.obj
 0001:000201a0       ?getReturnType@UnDecorator@@CA?AVDName@@PAV2@@Z 004211a0 f   libvcruntimed:undname.obj
 0001:00020200       ?getScope@UnDecorator@@CA?AVDName@@XZ 00421200 f   libvcruntimed:undname.obj
 0001:00020830       ?getScopedName@UnDecorator@@CA?AVDName@@XZ 00421830 f   libvcruntimed:undname.obj
 0001:00020990       ?getSignedDimension@UnDecorator@@CA?AVDName@@XZ 00421990 f   libvcruntimed:undname.obj
 0001:00020a30       ?getStorageConvention@UnDecorator@@CA?AVDName@@XZ 00421a30 f i libvcruntimed:undname.obj
 0001:00020a50       ?getString@DName@@QBEPADPAD0@Z 00421a50 f i libvcruntimed:undname.obj
 0001:00020ab0       ?getString@DName@@QBEPADPADH@Z 00421ab0 f i libvcruntimed:undname.obj
 0001:00020b60       ?getString@DNameStatusNode@@UBEPADPAD0@Z 00421b60 f i libvcruntimed:undname.obj
 0001:00020ba0       ?getString@charNode@@UBEPADPAD0@Z 00421ba0 f i libvcruntimed:undname.obj
 0001:00020be0       ?getString@pDNameNode@@UBEPADPAD0@Z 00421be0 f i libvcruntimed:undname.obj
 0001:00020c30       ?getString@pairNode@@UBEPADPAD0@Z 00421c30 f i libvcruntimed:undname.obj
 0001:00020cd0       ?getString@pcharNode@@UBEPADPAD0@Z 00421cd0 f i libvcruntimed:undname.obj
 0001:00020d10       ?getStringEncoding@UnDecorator@@CA?AVDName@@PADH@Z 00421d10 f   libvcruntimed:undname.obj
 0001:00020e60       ?getStringHelper@@YAPADPAD00H@Z 00421e60 f i libvcruntimed:undname.obj
 0001:00020eb0       ?getSymbolName@UnDecorator@@CA?AVDName@@XZ 00421eb0 f i libvcruntimed:undname.obj
 0001:00020f60       ?getTemplateArgumentList@UnDecorator@@CA?AVDName@@XZ 00421f60 f   libvcruntimed:undname.obj
 0001:00021440       ?getTemplateConstant@UnDecorator@@CA?AVDName@@XZ 00422440 f   libvcruntimed:undname.obj
 0001:00021b50       ?getTemplateName@UnDecorator@@CA?AVDName@@_N@Z 00422b50 f   libvcruntimed:undname.obj
 0001:00021d90       ?getThisType@UnDecorator@@CA?AVDName@@XZ 00422d90 f i libvcruntimed:undname.obj
 0001:00021de0       ?getThrowTypes@UnDecorator@@CA?AVDName@@XZ 00422de0 f   libvcruntimed:undname.obj
 0001:00021eb0       ?getTypeEncoding@UnDecorator@@CAHXZ 00422eb0 f i libvcruntimed:undname.obj
 0001:00022b80       ?getVCallThunkType@UnDecorator@@CA?AVDName@@XZ 00423b80 f i libvcruntimed:undname.obj
 0001:00022c00       ?getVbTableType@UnDecorator@@CA?AVDName@@ABV2@@Z 00423c00 f i libvcruntimed:undname.obj
 0001:00022c20       ?getVdispMapType@UnDecorator@@CA?AVDName@@ABV2@@Z 00423c20 f i libvcruntimed:undname.obj
 0001:00022cb0       ?getVfTableType@UnDecorator@@CA?AVDName@@ABV2@@Z 00423cb0 f i libvcruntimed:undname.obj
 0001:00022ee0       ?getZName@UnDecorator@@CA?AVDName@@_N0@Z 00423ee0 f   libvcruntimed:undname.obj
 0001:00023260       ?haveTemplateParameters@UnDecorator@@SAHXZ 00424260 f i libvcruntimed:undname.obj
 0001:00023280       ?isArray@DName@@QBEHXZ     00424280 f i libvcruntimed:undname.obj
 0001:000232a0       ?isComArray@DName@@QBEHXZ  004242a0 f i libvcruntimed:undname.obj
 0001:000232c0       ?isEmpty@DName@@QBEHXZ     004242c0 f i libvcruntimed:undname.obj
 0001:00023300       ?isFull@Replicator@@QBEHXZ 00424300 f i libvcruntimed:undname.obj
 0001:00023340       ?isNoTE@DName@@QBEHXZ      00424340 f i libvcruntimed:undname.obj
 0001:00023360       ?isPinPtr@DName@@QBEHXZ    00424360 f i libvcruntimed:undname.obj
 0001:00023380       ?isPtrRef@DName@@QBEHXZ    00424380 f i libvcruntimed:undname.obj
 0001:000233a0       ?isUDC@DName@@QBEHXZ       004243a0 f i libvcruntimed:undname.obj
 0001:000233f0       ?isUDTThunk@DName@@QBEHXZ  004243f0 f i libvcruntimed:undname.obj
 0001:00023440       ?isVCallThunk@DName@@QBEHXZ 00424440 f i libvcruntimed:undname.obj
 0001:00023460       ?isValid@DName@@QBEHXZ     00424460 f i libvcruntimed:undname.obj
 0001:000234a0       ?length@DName@@QBEHXZ      004244a0 f i libvcruntimed:undname.obj
 0001:000234f0       ?length@DNameStatusNode@@UBEHXZ 004244f0 f i libvcruntimed:undname.obj
 0001:00023510       ?length@charNode@@UBEHXZ   00424510 f i libvcruntimed:undname.obj
 0001:00023530       ?length@pDNameNode@@UBEHXZ 00424530 f i libvcruntimed:undname.obj
 0001:00023570       ?length@pairNode@@UBEHXZ   00424570 f i libvcruntimed:undname.obj
 0001:00023600       ?length@pcharNode@@UBEHXZ  00424600 f i libvcruntimed:undname.obj
 0001:00023620       ?make@DNameStatusNode@@SAPAV1@W4DNameStatus@@@Z 00424620 f i libvcruntimed:undname.obj
 0001:000236b0       ?setIsArray@DName@@QAEXXZ  004246b0 f i libvcruntimed:undname.obj
 0001:000236e0       ?setIsComArray@DName@@QAEXXZ 004246e0 f i libvcruntimed:undname.obj
 0001:00023710       ?setIsNoTE@DName@@QAEXXZ   00424710 f i libvcruntimed:undname.obj
 0001:00023740       ?setIsPinPtr@DName@@QAEXXZ 00424740 f i libvcruntimed:undname.obj
 0001:00023770       ?setIsUDC@DName@@QAEXXZ    00424770 f i libvcruntimed:undname.obj
 0001:000237b0       ?setIsVCallThunk@DName@@QAEXXZ 004247b0 f i libvcruntimed:undname.obj
 0001:000237e0       ?setPtrRef@DName@@QAEAAV1@XZ 004247e0 f i libvcruntimed:undname.obj
 0001:00023810       ?status@DName@@QBE?AW4DNameStatus@@XZ 00424810 f i libvcruntimed:undname.obj
 0001:00023930       ___unDName                 00424930 f   libvcruntimed:undname.obj
 0001:00023a30       ___unDNameEx               00424a30 f   libvcruntimed:undname.obj
 0001:00023b30       __vsprintf_s_l             00424b30 f i libvcruntimed:undname.obj
 0001:00023b90       _sprintf_s                 00424b90 f i libvcruntimed:undname.obj
 0001:00023be0       __global_unwind2           00424be0 f   libvcruntimed:_exsup_.obj
 0001:00023c45       __local_unwind2            00424c45 f   libvcruntimed:_exsup_.obj
 0001:00023cc9       __abnormal_termination     00424cc9 f   libvcruntimed:_exsup_.obj
 0001:00023cec       __NLG_Notify1              00424cec f   libvcruntimed:_exsup_.obj
 0001:00023cf5       __NLG_Notify               00424cf5 f   libvcruntimed:_exsup_.obj
 0001:00023d0c       __NLG_Dispatch2            00424d0c     libvcruntimed:_exsup_.obj
 0001:00023d0c       __NLG_Dispatch             00424d0c     libvcruntimed:_exsup_.obj
 0001:00023d14       __NLG_Call                 00424d14 f   libvcruntimed:_exsup_.obj
 0001:00023d16       __NLG_Return2              00424d16     libvcruntimed:_exsup_.obj
 0001:00023d70       ??$__crt_fast_decode_pointer@P6AXXZ@@YAP6AXXZQ6AXXZ@Z 00424d70 f i libvcruntimed:purevirt.obj
 0001:00023da0       ??$__crt_interlocked_compare_exchange_pointer@$$A6AXXZ$$T$$T@@YAP6AXXZPDS6AXXZ$$T1@Z 00424da0 f i libvcruntimed:purevirt.obj
 0001:00023dc0       ??$__crt_interlocked_exchange_pointer@$$A6AXXZP6AXXZ@@YAP6AXXZPDS6AXXZQ6AXXZ@Z 00424dc0 f i libvcruntimed:purevirt.obj
 0001:00023dd0       ??$__crt_interlocked_read_pointer@$$A6AXXZ@@YAP6AXXZPDS6AXXZ@Z 00424dd0 f i libvcruntimed:purevirt.obj
 0001:00023df0       __get_purecall_handler     00424df0 f   libvcruntimed:purevirt.obj
 0001:00023e20       __purecall                 00424e20 f   libvcruntimed:purevirt.obj
 0001:00023e60       __set_purecall_handler     00424e60 f   libvcruntimed:purevirt.obj
 0001:00023ea0       ??$?RPAU__crt_stdio_stream_data@@@__crt_internal_free_policy@@QBEXQBQAU__crt_stdio_stream_data@@@Z 00424ea0 f i libucrtd:_file.obj
 0001:00023ed0       ??0?$__crt_unique_heap_ptr@PAU__crt_stdio_stream_data@@U__crt_internal_free_policy@@@@QAE@QAPAU__crt_stdio_stream_data@@@Z 00424ed0 f i libucrtd:_file.obj
 0001:00023ef0       ??0__crt_stdio_stream@@QAE@QAU_iobuf@@@Z 00424ef0 f i libucrtd:_file.obj
 0001:00023f10       ??1?$__crt_unique_heap_ptr@PAU__crt_stdio_stream_data@@U__crt_internal_free_policy@@@@QAE@XZ 00424f10 f i libucrtd:_file.obj
 0001:00023f30       ??C__crt_stdio_stream@@QBEPAU__crt_stdio_stream_data@@XZ 00424f30 f i libucrtd:_file.obj
 0001:00023f50       ?detach@?$__crt_unique_heap_ptr@PAU__crt_stdio_stream_data@@U__crt_internal_free_policy@@@@QAEPAPAU__crt_stdio_stream_data@@XZ 00424f50 f i libucrtd:_file.obj
 0001:00023f80       ?release@?$__crt_unique_heap_ptr@PAU__crt_stdio_stream_data@@U__crt_internal_free_policy@@@@QAEXXZ 00424f80 f i libucrtd:_file.obj
 0001:00023fc0       ___acrt_initialize_stdio   00424fc0 f   libucrtd:_file.obj
 0001:00024190       ___acrt_iob_func           00425190 f   libucrtd:_file.obj
 0001:000241b0       ___acrt_uninitialize_stdio 004251b0 f   libucrtd:_file.obj
 0001:00024250       __get_stream_buffer_pointers 00425250 f   libucrtd:_file.obj
 0001:00024360       __lock_file                00425360 f   libucrtd:_file.obj
 0001:00024390       __unlock_file              00425390 f   libucrtd:_file.obj
 0001:000243c0       ??$__crt_interlocked_read@J@@YAJPDJ@Z 004253c0 f i libucrtd:fclose.obj
 0001:000243e0       ?__crt_interlocked_read_32@@YAHPDH@Z 004253e0 f i libucrtd:fclose.obj
 0001:00024400       ?get_flags@__crt_stdio_stream@@QBEJXZ 00425400 f i libucrtd:fclose.obj
 0001:00024430       ?is_in_use@__crt_stdio_stream@@QBE_NXZ 00425430 f i libucrtd:fclose.obj
 0001:00024470       ?is_string_backed@__crt_stdio_stream@@QBE_NXZ 00425470 f i libucrtd:fclose.obj
 0001:000244b0       ?public_stream@__crt_stdio_stream@@QBEPAU_iobuf@@XZ 004254b0 f i libucrtd:fclose.obj
 0001:000244d0       ?valid@__crt_stdio_stream@@QBE_NXZ 004254d0 f i libucrtd:fclose.obj
 0001:00024510       __fclose_nolock            00425510 f   libucrtd:fclose.obj
 0001:000246a0       _fclose                    004256a0 f   libucrtd:fclose.obj
 0001:00024fe0       ??$open_file@ABQBDABQBDABHPAU_iobuf@@@?$__crt_char_traits@D@@SAPAU_iobuf@@ABQBD0ABH$$QAPAU1@@Z 00425fe0 f i libucrtd:fopen.obj
 0001:00025010       ??$open_file@ABQB_WABQB_WABHPAU_iobuf@@@?$__crt_char_traits@_W@@SAPAU_iobuf@@ABQB_W0ABH$$QAPAU1@@Z 00426010 f i libucrtd:fopen.obj
 0001:00025040       ?unlock@__crt_stdio_stream@@QBEXXZ 00426040 f i libucrtd:fopen.obj
 0001:00025070       __fsopen                   00426070 f   libucrtd:fopen.obj
 0001:000250a0       __wfopen                   004260a0 f   libucrtd:fopen.obj
 0001:000250c0       __wfopen_s                 004260c0 f   libucrtd:fopen.obj
 0001:000250f0       __wfsopen                  004260f0 f   libucrtd:fopen.obj
 0001:00025120       _fopen                     00426120 f   libucrtd:fopen.obj
 0001:00025140       _fopen_s                   00426140 f   libucrtd:fopen.obj
 0001:00025170       __fputc_nolock             00426170 f   libucrtd:fputc.obj
 0001:00025220       __fputchar                 00426220 f   libucrtd:fputc.obj
 0001:00025250       __putc_nolock              00426250 f   libucrtd:fputc.obj
 0001:00025270       _fputc                     00426270 f   libucrtd:fputc.obj
 0001:00025540       _putc                      00426540 f   libucrtd:fputc.obj
 0001:00025560       _putchar                   00426560 f   libucrtd:fputc.obj
 0001:00025580       ?has_any_buffer@__crt_stdio_stream@@QBE_NXZ 00426580 f i libucrtd:fread.obj
 0001:000255a0       ?has_any_of@__crt_stdio_stream@@QBE_NJ@Z 004265a0 f i libucrtd:fread.obj
 0001:000255e0       ?set_flags@__crt_stdio_stream@@QBE_NJ@Z 004265e0 f i libucrtd:fread.obj
 0001:00025640       __fread_nolock             00426640 f   libucrtd:fread.obj
 0001:00025670       __fread_nolock_s           00426670 f   libucrtd:fread.obj
 0001:00025e80       _fread                     00426e80 f   libucrtd:fread.obj
 0001:00025eb0       _fread_s                   00426eb0 f   libucrtd:fread.obj
 0001:000261a0       ?LongLongSub@@YAJ_J0PA_J@Z 004271a0 f i libucrtd:fseek.obj
 0001:000262b0       ?__acrt_stdio_reset_buffer@@YAXV__crt_stdio_stream@@@Z 004272b0 f i libucrtd:fseek.obj
 0001:000268e0       ?has_all_of@__crt_stdio_stream@@QBE_NJ@Z 004278e0 f i libucrtd:fseek.obj
 0001:00026930       ?lowio_handle@__crt_stdio_stream@@QBEHXZ 00427930 f i libucrtd:fseek.obj
 0001:00026960       ?unset_flags@__crt_stdio_stream@@QBE_NJ@Z 00427960 f i libucrtd:fseek.obj
 0001:000269c0       __fseek_nolock             004279c0 f   libucrtd:fseek.obj
 0001:00026a00       __fseeki64                 00427a00 f   libucrtd:fseek.obj
 0001:00026a40       __fseeki64_nolock          00427a40 f   libucrtd:fseek.obj
 0001:00026a80       _fseek                     00427a80 f   libucrtd:fseek.obj
 0001:000278a0       ?ctrl_z@__crt_stdio_stream@@QBE_NXZ 004288a0 f i libucrtd:ftell.obj
 0001:000278c0       ?has_big_buffer@__crt_stdio_stream@@QBE_NXZ 004288c0 f i libucrtd:ftell.obj
 0001:000278e0       ?has_crt_buffer@__crt_stdio_stream@@QBE_NXZ 004288e0 f i libucrtd:ftell.obj
 0001:00027900       ?has_setvbuf_buffer@__crt_stdio_stream@@QBE_NXZ 00428900 f i libucrtd:ftell.obj
 0001:00027920       __ftell_nolock             00428920 f   libucrtd:ftell.obj
 0001:00027950       __ftelli64                 00428950 f   libucrtd:ftell.obj
 0001:00027980       __ftelli64_nolock          00428980 f   libucrtd:ftell.obj
 0001:000279b0       _ftell                     004289b0 f   libucrtd:ftell.obj
 0001:000279e0       ??$?R_W@__crt_internal_free_policy@@QBEXQB_W@Z 004289e0 f i libucrtd:unlink.obj
 0001:00027a10       ??0?$__crt_unique_heap_ptr@_WU__crt_internal_free_policy@@@@QAE@QA_W@Z 00428a10 f i libucrtd:unlink.obj
 0001:00027a30       ??1?$__crt_unique_heap_ptr@_WU__crt_internal_free_policy@@@@QAE@XZ 00428a30 f i libucrtd:unlink.obj
 0001:00027a50       ?get@?$__crt_unique_heap_ptr@_WU__crt_internal_free_policy@@@@QBEPA_WXZ 00428a50 f i libucrtd:unlink.obj
 0001:00027a70       ?get_address_of@?$__crt_unique_heap_ptr@_WU__crt_internal_free_policy@@@@QAEPAPA_WXZ 00428a70 f i libucrtd:unlink.obj
 0001:00027a90       ?release@?$__crt_unique_heap_ptr@_WU__crt_internal_free_policy@@@@QAEXXZ 00428a90 f i libucrtd:unlink.obj
 0001:00027ad0       __unlink                   00428ad0 f   libucrtd:unlink.obj
 0001:00027af0       _remove                    00428af0 f   libucrtd:unlink.obj
 0001:00027b90       _rename                    00428b90 f   libucrtd:rename.obj
 0001:00027d90       ??$?0ABV?$stream_output_adapter@D@__crt_stdio_output@@AB_KABQBDABQAU__crt_locale_pointers@@ABQAD@?$format_validation_base@DV?$stream_output_adapter@D@__crt_stdio_output@@@__crt_stdio_output@@IAE@ABV?$stream_output_adapter@D@1@AB_KABQBDABQAU__crt_locale_pointers@@ABQAD@Z 00428d90 f i libucrtd:output.obj
 0001:00027dd0       ??$?0ABV?$stream_output_adapter@D@__crt_stdio_output@@AB_KABQBDABQAU__crt_locale_pointers@@ABQAD@?$positional_parameter_base@DV?$stream_output_adapter@D@__crt_stdio_output@@@__crt_stdio_output@@IAE@ABV?$stream_output_adapter@D@1@AB_KABQBDABQAU__crt_locale_pointers@@ABQAD@Z 00428dd0 f i libucrtd:output.obj
 0001:00027e60       ??$?0ABV?$stream_output_adapter@D@__crt_stdio_output@@AB_KABQBDABQAU__crt_locale_pointers@@ABQAD@?$standard_base@DV?$stream_output_adapter@D@__crt_stdio_output@@@__crt_stdio_output@@IAE@ABV?$stream_output_adapter@D@1@AB_KABQBDABQAU__crt_locale_pointers@@ABQAD@Z 00428e60 f i libucrtd:output.obj
 0001:00027ec0       ??$?0ABV?$stream_output_adapter@_W@__crt_stdio_output@@AB_KABQB_WABQAU__crt_locale_pointers@@ABQAD@?$format_validation_base@_WV?$stream_output_adapter@_W@__crt_stdio_output@@@__crt_stdio_output@@IAE@ABV?$stream_output_adapter@_W@1@AB_KABQB_WABQAU__crt_locale_pointers@@ABQAD@Z 00428ec0 f i libucrtd:output.obj
 0001:00027f00       ??$?0ABV?$stream_output_adapter@_W@__crt_stdio_output@@AB_KABQB_WABQAU__crt_locale_pointers@@ABQAD@?$positional_parameter_base@_WV?$stream_output_adapter@_W@__crt_stdio_output@@@__crt_stdio_output@@IAE@ABV?$stream_output_adapter@_W@1@AB_KABQB_WABQAU__crt_locale_pointers@@ABQAD@Z 00428f00 f i libucrtd:output.obj
 0001:00027f90       ??$?0ABV?$stream_output_adapter@_W@__crt_stdio_output@@AB_KABQB_WABQAU__crt_locale_pointers@@ABQAD@?$standard_base@_WV?$stream_output_adapter@_W@__crt_stdio_output@@@__crt_stdio_output@@IAE@ABV?$stream_output_adapter@_W@1@AB_KABQB_WABQAU__crt_locale_pointers@@ABQAD@Z 00428f90 f i libucrtd:output.obj
 0001:00027ff0       ??$?0ABV?$string_output_adapter@D@__crt_stdio_output@@AB_KABQBDABQAU__crt_locale_pointers@@ABQAD@?$format_validation_base@DV?$string_output_adapter@D@__crt_stdio_output@@@__crt_stdio_output@@IAE@ABV?$string_output_adapter@D@1@AB_KABQBDABQAU__crt_locale_pointers@@ABQAD@Z 00428ff0 f i libucrtd:output.obj
 0001:00028030       ??$?0ABV?$string_output_adapter@D@__crt_stdio_output@@AB_KABQBDABQAU__crt_locale_pointers@@ABQAD@?$positional_parameter_base@DV?$string_output_adapter@D@__crt_stdio_output@@@__crt_stdio_output@@IAE@ABV?$string_output_adapter@D@1@AB_KABQBDABQAU__crt_locale_pointers@@ABQAD@Z 00429030 f i libucrtd:output.obj
 0001:000280c0       ??$?0ABV?$string_output_adapter@D@__crt_stdio_output@@AB_KABQBDABQAU__crt_locale_pointers@@ABQAD@?$standard_base@DV?$string_output_adapter@D@__crt_stdio_output@@@__crt_stdio_output@@IAE@ABV?$string_output_adapter@D@1@AB_KABQBDABQAU__crt_locale_pointers@@ABQAD@Z 004290c0 f i libucrtd:output.obj
 0001:00028120       ??$?0ABV?$string_output_adapter@_W@__crt_stdio_output@@AB_KABQB_WABQAU__crt_locale_pointers@@ABQAD@?$format_validation_base@_WV?$string_output_adapter@_W@__crt_stdio_output@@@__crt_stdio_output@@IAE@ABV?$string_output_adapter@_W@1@AB_KABQB_WABQAU__crt_locale_pointers@@ABQAD@Z 00429120 f i libucrtd:output.obj
 0001:00028160       ??$?0ABV?$string_output_adapter@_W@__crt_stdio_output@@AB_KABQB_WABQAU__crt_locale_pointers@@ABQAD@?$positional_parameter_base@_WV?$string_output_adapter@_W@__crt_stdio_output@@@__crt_stdio_output@@IAE@ABV?$string_output_adapter@_W@1@AB_KABQB_WABQAU__crt_locale_pointers@@ABQAD@Z 00429160 f i libucrtd:output.obj
 0001:000281f0       ??$?0ABV?$string_output_adapter@_W@__crt_stdio_output@@AB_KABQB_WABQAU__crt_locale_pointers@@ABQAD@?$standard_base@_WV?$string_output_adapter@_W@__crt_stdio_output@@@__crt_stdio_output@@IAE@ABV?$string_output_adapter@_W@1@AB_KABQB_WABQAU__crt_locale_pointers@@ABQAD@Z 004291f0 f i libucrtd:output.obj
 0001:00028250       ??$?RV<lambda_2293f24e3ce1ad6fe22ccfb9dec07671>@@AAV<lambda_2565fc715a641e539f44ad02d6823606>@@V<lambda_d3217f279b832965d9ca670dc2993570>@@@?$__crt_seh_guarded_call@H@@QAEH$$QAV<lambda_2293f24e3ce1ad6fe22ccfb9dec07671>@@AAV<lambda_2565fc715a641e539f44ad02d6823606>@@$$QAV<lambda_d3217f279b832965d9ca670dc2993570>@@@Z 00429250 f i libucrtd:output.obj
 0001:00028300       ??$?RV<lambda_4d4ac866be0fa3c441830420fabdd2cb>@@AAV<lambda_63a10c2dc8dbb9e4dd1890be52af7c93>@@V<lambda_002af9fa0f8fe472b648c51882d4fc32>@@@?$__crt_seh_guarded_call@H@@QAEH$$QAV<lambda_4d4ac866be0fa3c441830420fabdd2cb>@@AAV<lambda_63a10c2dc8dbb9e4dd1890be52af7c93>@@$$QAV<lambda_002af9fa0f8fe472b648c51882d4fc32>@@@Z 00429300 f i libucrtd:output.obj
 0001:000283b0       ??$?RV<lambda_5be909dfbae0a631386585770cd7b676>@@AAV<lambda_e516058a9c289d98c8ca9fea99247804>@@V<lambda_afe2e0cdc5e0ecf6f0d6f5e2f8985e38>@@@?$__crt_seh_guarded_call@H@@QAEH$$QAV<lambda_5be909dfbae0a631386585770cd7b676>@@AAV<lambda_e516058a9c289d98c8ca9fea99247804>@@$$QAV<lambda_afe2e0cdc5e0ecf6f0d6f5e2f8985e38>@@@Z 004293b0 f i libucrtd:output.obj
 0001:00028460       ??$?RV<lambda_823d65812123d985753d53e2a8c25d20>@@AAV<lambda_0a97c9e57da7be065955385c79108ff2>@@V<lambda_4d2973f3ad2d226f00468307185dca1b>@@@?$__crt_seh_guarded_call@H@@QAEH$$QAV<lambda_823d65812123d985753d53e2a8c25d20>@@AAV<lambda_0a97c9e57da7be065955385c79108ff2>@@$$QAV<lambda_4d2973f3ad2d226f00468307185dca1b>@@@Z 00429460 f i libucrtd:output.obj
 0001:00028510       ??$?RV<lambda_ab9923ffb5d694ec0d78876dd103e44f>@@AAV<lambda_481dd5778c961fbcd3b60b650e9b9dc4>@@V<lambda_7923d86c9e3f319b415918ec4b39749c>@@@?$__crt_seh_guarded_call@H@@QAEH$$QAV<lambda_ab9923ffb5d694ec0d78876dd103e44f>@@AAV<lambda_481dd5778c961fbcd3b60b650e9b9dc4>@@$$QAV<lambda_7923d86c9e3f319b415918ec4b39749c>@@@Z 00429510 f i libucrtd:output.obj
 0001:000285c0       ??$?RV<lambda_db08b09ef7aa9d4f8620ce68402612bc>@@AAV<lambda_4f2c1eaeead2a5fc776db5b62ea0fb9b>@@V<lambda_3ae262bc35d4ba6a3825c4f6bcaaf95c>@@@?$__crt_seh_guarded_call@H@@QAEH$$QAV<lambda_db08b09ef7aa9d4f8620ce68402612bc>@@AAV<lambda_4f2c1eaeead2a5fc776db5b62ea0fb9b>@@$$QAV<lambda_3ae262bc35d4ba6a3825c4f6bcaaf95c>@@@Z 004295c0 f i libucrtd:output.obj
 0001:00028670       ??$__acrt_lock_stream_and_call@V<lambda_0a97c9e57da7be065955385c79108ff2>@@@@YAHQAU_iobuf@@$$QAV<lambda_0a97c9e57da7be065955385c79108ff2>@@@Z 00429670 f i libucrtd:output.obj
 0001:000286c0       ??$__acrt_lock_stream_and_call@V<lambda_2565fc715a641e539f44ad02d6823606>@@@@YAHQAU_iobuf@@$$QAV<lambda_2565fc715a641e539f44ad02d6823606>@@@Z 004296c0 f i libucrtd:output.obj
 0001:00028710       ??$__acrt_lock_stream_and_call@V<lambda_481dd5778c961fbcd3b60b650e9b9dc4>@@@@YAHQAU_iobuf@@$$QAV<lambda_481dd5778c961fbcd3b60b650e9b9dc4>@@@Z 00429710 f i libucrtd:output.obj
 0001:00028760       ??$__acrt_lock_stream_and_call@V<lambda_4f2c1eaeead2a5fc776db5b62ea0fb9b>@@@@YAHQAU_iobuf@@$$QAV<lambda_4f2c1eaeead2a5fc776db5b62ea0fb9b>@@@Z 00429760 f i libucrtd:output.obj
 0001:000287b0       ??$__acrt_lock_stream_and_call@V<lambda_63a10c2dc8dbb9e4dd1890be52af7c93>@@@@YAHQAU_iobuf@@$$QAV<lambda_63a10c2dc8dbb9e4dd1890be52af7c93>@@@Z 004297b0 f i libucrtd:output.obj
 0001:00028800       ??$__acrt_lock_stream_and_call@V<lambda_e516058a9c289d98c8ca9fea99247804>@@@@YAHQAU_iobuf@@$$QAV<lambda_e516058a9c289d98c8ca9fea99247804>@@@Z 00429800 f i libucrtd:output.obj
 0001:0002c0d0       ??$count@D@formatting_buffer@__crt_stdio_output@@QBEIXZ 0042d0d0 f i libucrtd:output.obj
 0001:0002c120       ??$data@D@formatting_buffer@__crt_stdio_output@@QAEPADXZ 0042d120 f i libucrtd:output.obj
 0001:0002c170       ??$data@_W@formatting_buffer@__crt_stdio_output@@QAEPA_WXZ 0042d170 f i libucrtd:output.obj
 0001:0002c1c0       ??$ensure_buffer_is_big_enough@D@formatting_buffer@__crt_stdio_output@@QAE_NI@Z 0042d1c0 f i libucrtd:output.obj
 0001:0002c2e0       ??$extract_argument_from_va_list@C_J@?$positional_parameter_base@DV?$stream_output_adapter@D@__crt_stdio_output@@@__crt_stdio_output@@IAE_NAA_J@Z 0042d2e0 f i libucrtd:output.obj
 0001:0002c460       ??$extract_argument_from_va_list@C_J@?$positional_parameter_base@DV?$string_output_adapter@D@__crt_stdio_output@@@__crt_stdio_output@@IAE_NAA_J@Z 0042d460 f i libucrtd:output.obj
 0001:0002c5e0       ??$extract_argument_from_va_list@C_J@?$positional_parameter_base@_WV?$stream_output_adapter@_W@__crt_stdio_output@@@__crt_stdio_output@@IAE_NAA_J@Z 0042d5e0 f i libucrtd:output.obj
 0001:0002c760       ??$extract_argument_from_va_list@C_J@?$positional_parameter_base@_WV?$string_output_adapter@_W@__crt_stdio_output@@@__crt_stdio_output@@IAE_NAA_J@Z 0042d760 f i libucrtd:output.obj
 0001:0002c8e0       ??$extract_argument_from_va_list@C_J@?$standard_base@DV?$stream_output_adapter@D@__crt_stdio_output@@@__crt_stdio_output@@IAE_NAA_J@Z 0042d8e0 f i libucrtd:output.obj
 0001:0002c920       ??$extract_argument_from_va_list@C_J@?$standard_base@DV?$string_output_adapter@D@__crt_stdio_output@@@__crt_stdio_output@@IAE_NAA_J@Z 0042d920 f i libucrtd:output.obj
 0001:0002c960       ??$extract_argument_from_va_list@C_J@?$standard_base@_WV?$stream_output_adapter@_W@__crt_stdio_output@@@__crt_stdio_output@@IAE_NAA_J@Z 0042d960 f i libucrtd:output.obj
 0001:0002c9a0       ??$extract_argument_from_va_list@C_J@?$standard_base@_WV?$string_output_adapter@_W@__crt_stdio_output@@@__crt_stdio_output@@IAE_NAA_J@Z 0042d9a0 f i libucrtd:output.obj
 0001:0002c9e0       ??$extract_argument_from_va_list@E_J@?$positional_parameter_base@DV?$stream_output_adapter@D@__crt_stdio_output@@@__crt_stdio_output@@IAE_NAA_J@Z 0042d9e0 f i libucrtd:output.obj
 0001:0002cb60       ??$extract_argument_from_va_list@E_J@?$positional_parameter_base@DV?$string_output_adapter@D@__crt_stdio_output@@@__crt_stdio_output@@IAE_NAA_J@Z 0042db60 f i libucrtd:output.obj
 0001:0002cce0       ??$extract_argument_from_va_list@E_J@?$positional_parameter_base@_WV?$stream_output_adapter@_W@__crt_stdio_output@@@__crt_stdio_output@@IAE_NAA_J@Z 0042dce0 f i libucrtd:output.obj
 0001:0002ce60       ??$extract_argument_from_va_list@E_J@?$positional_parameter_base@_WV?$string_output_adapter@_W@__crt_stdio_output@@@__crt_stdio_output@@IAE_NAA_J@Z 0042de60 f i libucrtd:output.obj
 0001:0002cfe0       ??$extract_argument_from_va_list@E_J@?$standard_base@DV?$stream_output_adapter@D@__crt_stdio_output@@@__crt_stdio_output@@IAE_NAA_J@Z 0042dfe0 f i libucrtd:output.obj
 0001:0002d020       ??$extract_argument_from_va_list@E_J@?$standard_base@DV?$string_output_adapter@D@__crt_stdio_output@@@__crt_stdio_output@@IAE_NAA_J@Z 0042e020 f i libucrtd:output.obj
 0001:0002d060       ??$extract_argument_from_va_list@E_J@?$standard_base@_WV?$stream_output_adapter@_W@__crt_stdio_output@@@__crt_stdio_output@@IAE_NAA_J@Z 0042e060 f i libucrtd:output.obj
 0001:0002d0a0       ??$extract_argument_from_va_list@E_J@?$standard_base@_WV?$string_output_adapter@_W@__crt_stdio_output@@@__crt_stdio_output@@IAE_NAA_J@Z 0042e0a0 f i libucrtd:output.obj
 0001:0002d0e0       ??$extract_argument_from_va_list@F_J@?$positional_parameter_base@DV?$stream_output_adapter@D@__crt_stdio_output@@@__crt_stdio_output@@IAE_NAA_J@Z 0042e0e0 f i libucrtd:output.obj
 0001:0002d260       ??$extract_argument_from_va_list@F_J@?$positional_parameter_base@DV?$string_output_adapter@D@__crt_stdio_output@@@__crt_stdio_output@@IAE_NAA_J@Z 0042e260 f i libucrtd:output.obj
 0001:0002d3e0       ??$extract_argument_from_va_list@F_J@?$positional_parameter_base@_WV?$stream_output_adapter@_W@__crt_stdio_output@@@__crt_stdio_output@@IAE_NAA_J@Z 0042e3e0 f i libucrtd:output.obj
 0001:0002d560       ??$extract_argument_from_va_list@F_J@?$positional_parameter_base@_WV?$string_output_adapter@_W@__crt_stdio_output@@@__crt_stdio_output@@IAE_NAA_J@Z 0042e560 f i libucrtd:output.obj
 0001:0002d6e0       ??$extract_argument_from_va_list@F_J@?$standard_base@DV?$stream_output_adapter@D@__crt_stdio_output@@@__crt_stdio_output@@IAE_NAA_J@Z 0042e6e0 f i libucrtd:output.obj
 0001:0002d720       ??$extract_argument_from_va_list@F_J@?$standard_base@DV?$string_output_adapter@D@__crt_stdio_output@@@__crt_stdio_output@@IAE_NAA_J@Z 0042e720 f i libucrtd:output.obj
 0001:0002d760       ??$extract_argument_from_va_list@F_J@?$standard_base@_WV?$stream_output_adapter@_W@__crt_stdio_output@@@__crt_stdio_output@@IAE_NAA_J@Z 0042e760 f i libucrtd:output.obj
 0001:0002d7a0       ??$extract_argument_from_va_list@F_J@?$standard_base@_WV?$string_output_adapter@_W@__crt_stdio_output@@@__crt_stdio_output@@IAE_NAA_J@Z 0042e7a0 f i libucrtd:output.obj
 0001:0002d7e0       ??$extract_argument_from_va_list@GD@?$positional_parameter_base@DV?$stream_output_adapter@D@__crt_stdio_output@@@__crt_stdio_output@@IAE_NAAD@Z 0042e7e0 f i libucrtd:output.obj
 0001:0002d960       ??$extract_argument_from_va_list@GD@?$positional_parameter_base@DV?$string_output_adapter@D@__crt_stdio_output@@@__crt_stdio_output@@IAE_NAAD@Z 0042e960 f i libucrtd:output.obj
 0001:0002dae0       ??$extract_argument_from_va_list@GD@?$standard_base@DV?$stream_output_adapter@D@__crt_stdio_output@@@__crt_stdio_output@@IAE_NAAD@Z 0042eae0 f i libucrtd:output.obj
 0001:0002db10       ??$extract_argument_from_va_list@GD@?$standard_base@DV?$string_output_adapter@D@__crt_stdio_output@@@__crt_stdio_output@@IAE_NAAD@Z 0042eb10 f i libucrtd:output.obj
 0001:0002db40       ??$extract_argument_from_va_list@G_J@?$positional_parameter_base@DV?$stream_output_adapter@D@__crt_stdio_output@@@__crt_stdio_output@@IAE_NAA_J@Z 0042eb40 f i libucrtd:output.obj
 0001:0002dcc0       ??$extract_argument_from_va_list@G_J@?$positional_parameter_base@DV?$string_output_adapter@D@__crt_stdio_output@@@__crt_stdio_output@@IAE_NAA_J@Z 0042ecc0 f i libucrtd:output.obj
 0001:0002de40       ??$extract_argument_from_va_list@G_J@?$positional_parameter_base@_WV?$stream_output_adapter@_W@__crt_stdio_output@@@__crt_stdio_output@@IAE_NAA_J@Z 0042ee40 f i libucrtd:output.obj
 0001:0002dfc0       ??$extract_argument_from_va_list@G_J@?$positional_parameter_base@_WV?$string_output_adapter@_W@__crt_stdio_output@@@__crt_stdio_output@@IAE_NAA_J@Z 0042efc0 f i libucrtd:output.obj
 0001:0002e140       ??$extract_argument_from_va_list@G_J@?$standard_base@DV?$stream_output_adapter@D@__crt_stdio_output@@@__crt_stdio_output@@IAE_NAA_J@Z 0042f140 f i libucrtd:output.obj
 0001:0002e180       ??$extract_argument_from_va_list@G_J@?$standard_base@DV?$string_output_adapter@D@__crt_stdio_output@@@__crt_stdio_output@@IAE_NAA_J@Z 0042f180 f i libucrtd:output.obj
 0001:0002e1c0       ??$extract_argument_from_va_list@G_J@?$standard_base@_WV?$stream_output_adapter@_W@__crt_stdio_output@@@__crt_stdio_output@@IAE_NAA_J@Z 0042f1c0 f i libucrtd:output.obj
 0001:0002e200       ??$extract_argument_from_va_list@G_J@?$standard_base@_WV?$string_output_adapter@_W@__crt_stdio_output@@@__crt_stdio_output@@IAE_NAA_J@Z 0042f200 f i libucrtd:output.obj
 0001:0002e240       ??$extract_argument_from_va_list@H_J@?$positional_parameter_base@DV?$stream_output_adapter@D@__crt_stdio_output@@@__crt_stdio_output@@IAE_NAA_J@Z 0042f240 f i libucrtd:output.obj
 0001:0002e3c0       ??$extract_argument_from_va_list@H_J@?$positional_parameter_base@DV?$string_output_adapter@D@__crt_stdio_output@@@__crt_stdio_output@@IAE_NAA_J@Z 0042f3c0 f i libucrtd:output.obj
 0001:0002e540       ??$extract_argument_from_va_list@H_J@?$positional_parameter_base@_WV?$stream_output_adapter@_W@__crt_stdio_output@@@__crt_stdio_output@@IAE_NAA_J@Z 0042f540 f i libucrtd:output.obj
 0001:0002e6c0       ??$extract_argument_from_va_list@H_J@?$positional_parameter_base@_WV?$string_output_adapter@_W@__crt_stdio_output@@@__crt_stdio_output@@IAE_NAA_J@Z 0042f6c0 f i libucrtd:output.obj
 0001:0002e840       ??$extract_argument_from_va_list@H_J@?$standard_base@DV?$stream_output_adapter@D@__crt_stdio_output@@@__crt_stdio_output@@IAE_NAA_J@Z 0042f840 f i libucrtd:output.obj
 0001:0002e880       ??$extract_argument_from_va_list@H_J@?$standard_base@DV?$string_output_adapter@D@__crt_stdio_output@@@__crt_stdio_output@@IAE_NAA_J@Z 0042f880 f i libucrtd:output.obj
 0001:0002e8c0       ??$extract_argument_from_va_list@H_J@?$standard_base@_WV?$stream_output_adapter@_W@__crt_stdio_output@@@__crt_stdio_output@@IAE_NAA_J@Z 0042f8c0 f i libucrtd:output.obj
 0001:0002e900       ??$extract_argument_from_va_list@H_J@?$standard_base@_WV?$string_output_adapter@_W@__crt_stdio_output@@@__crt_stdio_output@@IAE_NAA_J@Z 0042f900 f i libucrtd:output.obj
 0001:0002e940       ??$extract_argument_from_va_list@I_J@?$positional_parameter_base@DV?$stream_output_adapter@D@__crt_stdio_output@@@__crt_stdio_output@@IAE_NAA_J@Z 0042f940 f i libucrtd:output.obj
 0001:0002eac0       ??$extract_argument_from_va_list@I_J@?$positional_parameter_base@DV?$string_output_adapter@D@__crt_stdio_output@@@__crt_stdio_output@@IAE_NAA_J@Z 0042fac0 f i libucrtd:output.obj
 0001:0002ec40       ??$extract_argument_from_va_list@I_J@?$positional_parameter_base@_WV?$stream_output_adapter@_W@__crt_stdio_output@@@__crt_stdio_output@@IAE_NAA_J@Z 0042fc40 f i libucrtd:output.obj
 0001:0002edc0       ??$extract_argument_from_va_list@I_J@?$positional_parameter_base@_WV?$string_output_adapter@_W@__crt_stdio_output@@@__crt_stdio_output@@IAE_NAA_J@Z 0042fdc0 f i libucrtd:output.obj
 0001:0002ef40       ??$extract_argument_from_va_list@I_J@?$standard_base@DV?$stream_output_adapter@D@__crt_stdio_output@@@__crt_stdio_output@@IAE_NAA_J@Z 0042ff40 f i libucrtd:output.obj
 0001:0002ef80       ??$extract_argument_from_va_list@I_J@?$standard_base@DV?$string_output_adapter@D@__crt_stdio_output@@@__crt_stdio_output@@IAE_NAA_J@Z 0042ff80 f i libucrtd:output.obj
 0001:0002efc0       ??$extract_argument_from_va_list@I_J@?$standard_base@_WV?$stream_output_adapter@_W@__crt_stdio_output@@@__crt_stdio_output@@IAE_NAA_J@Z 0042ffc0 f i libucrtd:output.obj
 0001:0002f000       ??$extract_argument_from_va_list@I_J@?$standard_base@_WV?$string_output_adapter@_W@__crt_stdio_output@@@__crt_stdio_output@@IAE_NAA_J@Z 00430000 f i libucrtd:output.obj
 0001:0002f040       ??$extract_argument_from_va_list@PADPAD@?$positional_parameter_base@DV?$stream_output_adapter@D@__crt_stdio_output@@@__crt_stdio_output@@IAE_NAAPAD@Z 00430040 f i libucrtd:output.obj
 0001:0002f1c0       ??$extract_argument_from_va_list@PADPAD@?$positional_parameter_base@DV?$string_output_adapter@D@__crt_stdio_output@@@__crt_stdio_output@@IAE_NAAPAD@Z 004301c0 f i libucrtd:output.obj
 0001:0002f340       ??$extract_argument_from_va_list@PADPAD@?$positional_parameter_base@_WV?$stream_output_adapter@_W@__crt_stdio_output@@@__crt_stdio_output@@IAE_NAAPAD@Z 00430340 f i libucrtd:output.obj
 0001:0002f4c0       ??$extract_argument_from_va_list@PADPAD@?$positional_parameter_base@_WV?$string_output_adapter@_W@__crt_stdio_output@@@__crt_stdio_output@@IAE_NAAPAD@Z 004304c0 f i libucrtd:output.obj
 0001:0002f640       ??$extract_argument_from_va_list@PADPAD@?$standard_base@DV?$stream_output_adapter@D@__crt_stdio_output@@@__crt_stdio_output@@IAE_NAAPAD@Z 00430640 f i libucrtd:output.obj
 0001:0002f670       ??$extract_argument_from_va_list@PADPAD@?$standard_base@DV?$string_output_adapter@D@__crt_stdio_output@@@__crt_stdio_output@@IAE_NAAPAD@Z 00430670 f i libucrtd:output.obj
 0001:0002f6a0       ??$extract_argument_from_va_list@PADPAD@?$standard_base@_WV?$stream_output_adapter@_W@__crt_stdio_output@@@__crt_stdio_output@@IAE_NAAPAD@Z 004306a0 f i libucrtd:output.obj
 0001:0002f6d0       ??$extract_argument_from_va_list@PADPAD@?$standard_base@_WV?$string_output_adapter@_W@__crt_stdio_output@@@__crt_stdio_output@@IAE_NAAPAD@Z 004306d0 f i libucrtd:output.obj
 0001:0002f700       ??$extract_argument_from_va_list@PAUansi_string@?1??type_case_Z@?$output_processor@DV?$stream_output_adapter@D@__crt_stdio_output@@V?$format_validation_base@DV?$stream_output_adapter@D@__crt_stdio_output@@@2@@__crt_stdio_output@@AAE_NXZ@PAU1?1??234@AAE_NXZ@@?$standard_base@DV?$stream_output_adapter@D@__crt_stdio_output@@@__crt_stdio_output@@IAE_NAAPAUansi_string@?1??type_case_Z@?$output_processor@DV?$stream_output_adapter@D@__crt_stdio_output@@V?$format_validation_base@DV?$stream_output_adapter@D@__crt_stdio_output@@@2@@1@AAE_NXZ@@Z 00430700 f i libucrtd:output.obj
 0001:0002f730       ??$extract_argument_from_va_list@PAUansi_string@?1??type_case_Z@?$output_processor@DV?$stream_output_adapter@D@__crt_stdio_output@@V?$positional_parameter_base@DV?$stream_output_adapter@D@__crt_stdio_output@@@2@@__crt_stdio_output@@AAE_NXZ@PAU1?1??234@AAE_NXZ@@?$positional_parameter_base@DV?$stream_output_adapter@D@__crt_stdio_output@@@__crt_stdio_output@@IAE_NAAPAUansi_string@?1??type_case_Z@?$output_processor@DV?$stream_output_adapter@D@__crt_stdio_output@@V?$positional_parameter_base@DV?$stream_output_adapter@D@__crt_stdio_output@@@2@@1@AAE_NXZ@@Z 00430730 f i libucrtd:output.obj
 0001:0002f8b0       ??$extract_argument_from_va_list@PAUansi_string@?1??type_case_Z@?$output_processor@DV?$stream_output_adapter@D@__crt_stdio_output@@V?$positional_parameter_base@DV?$stream_output_adapter@D@__crt_stdio_output@@@2@@__crt_stdio_output@@AAE_NXZ@PAU1?1??234@AAE_NXZ@@?$standard_base@DV?$stream_output_adapter@D@__crt_stdio_output@@@__crt_stdio_output@@IAE_NAAPAUansi_string@?1??type_case_Z@?$output_processor@DV?$stream_output_adapter@D@__crt_stdio_output@@V?$positional_parameter_base@DV?$stream_output_adapter@D@__crt_stdio_output@@@2@@1@AAE_NXZ@@Z 004308b0 f i libucrtd:output.obj
 0001:0002f8e0       ??$extract_argument_from_va_list@PAUansi_string@?1??type_case_Z@?$output_processor@DV?$stream_output_adapter@D@__crt_stdio_output@@V?$standard_base@DV?$stream_output_adapter@D@__crt_stdio_output@@@2@@__crt_stdio_output@@AAE_NXZ@PAU1?1??234@AAE_NXZ@@?$standard_base@DV?$stream_output_adapter@D@__crt_stdio_output@@@__crt_stdio_output@@IAE_NAAPAUansi_string@?1??type_case_Z@?$output_processor@DV?$stream_output_adapter@D@__crt_stdio_output@@V?$standard_base@DV?$stream_output_adapter@D@__crt_stdio_output@@@2@@1@AAE_NXZ@@Z 004308e0 f i libucrtd:output.obj
 0001:0002f910       ??$extract_argument_from_va_list@PAUansi_string@?1??type_case_Z@?$output_processor@DV?$string_output_adapter@D@__crt_stdio_output@@V?$format_validation_base@DV?$string_output_adapter@D@__crt_stdio_output@@@2@@__crt_stdio_output@@AAE_NXZ@PAU1?1??234@AAE_NXZ@@?$standard_base@DV?$string_output_adapter@D@__crt_stdio_output@@@__crt_stdio_output@@IAE_NAAPAUansi_string@?1??type_case_Z@?$output_processor@DV?$string_output_adapter@D@__crt_stdio_output@@V?$format_validation_base@DV?$string_output_adapter@D@__crt_stdio_output@@@2@@1@AAE_NXZ@@Z 00430910 f i libucrtd:output.obj
 0001:0002f940       ??$extract_argument_from_va_list@PAUansi_string@?1??type_case_Z@?$output_processor@DV?$string_output_adapter@D@__crt_stdio_output@@V?$positional_parameter_base@DV?$string_output_adapter@D@__crt_stdio_output@@@2@@__crt_stdio_output@@AAE_NXZ@PAU1?1??234@AAE_NXZ@@?$positional_parameter_base@DV?$string_output_adapter@D@__crt_stdio_output@@@__crt_stdio_output@@IAE_NAAPAUansi_string@?1??type_case_Z@?$output_processor@DV?$string_output_adapter@D@__crt_stdio_output@@V?$positional_parameter_base@DV?$string_output_adapter@D@__crt_stdio_output@@@2@@1@AAE_NXZ@@Z 00430940 f i libucrtd:output.obj
 0001:0002fac0       ??$extract_argument_from_va_list@PAUansi_string@?1??type_case_Z@?$output_processor@DV?$string_output_adapter@D@__crt_stdio_output@@V?$positional_parameter_base@DV?$string_output_adapter@D@__crt_stdio_output@@@2@@__crt_stdio_output@@AAE_NXZ@PAU1?1??234@AAE_NXZ@@?$standard_base@DV?$string_output_adapter@D@__crt_stdio_output@@@__crt_stdio_output@@IAE_NAAPAUansi_string@?1??type_case_Z@?$output_processor@DV?$string_output_adapter@D@__crt_stdio_output@@V?$positional_parameter_base@DV?$string_output_adapter@D@__crt_stdio_output@@@2@@1@AAE_NXZ@@Z 00430ac0 f i libucrtd:output.obj
 0001:0002faf0       ??$extract_argument_from_va_list@PAUansi_string@?1??type_case_Z@?$output_processor@DV?$string_output_adapter@D@__crt_stdio_output@@V?$standard_base@DV?$string_output_adapter@D@__crt_stdio_output@@@2@@__crt_stdio_output@@AAE_NXZ@PAU1?1??234@AAE_NXZ@@?$standard_base@DV?$string_output_adapter@D@__crt_stdio_output@@@__crt_stdio_output@@IAE_NAAPAUansi_string@?1??type_case_Z@?$output_processor@DV?$string_output_adapter@D@__crt_stdio_output@@V?$standard_base@DV?$string_output_adapter@D@__crt_stdio_output@@@2@@1@AAE_NXZ@@Z 00430af0 f i libucrtd:output.obj
 0001:0002fb20       ??$extract_argument_from_va_list@PAUansi_string@?1??type_case_Z@?$output_processor@_WV?$stream_output_adapter@_W@__crt_stdio_output@@V?$format_validation_base@_WV?$stream_output_adapter@_W@__crt_stdio_output@@@2@@__crt_stdio_output@@AAE_NXZ@PAU1?1??234@AAE_NXZ@@?$standard_base@_WV?$stream_output_adapter@_W@__crt_stdio_output@@@__crt_stdio_output@@IAE_NAAPAUansi_string@?1??type_case_Z@?$output_processor@_WV?$stream_output_adapter@_W@__crt_stdio_output@@V?$format_validation_base@_WV?$stream_output_adapter@_W@__crt_stdio_output@@@2@@1@AAE_NXZ@@Z 00430b20 f i libucrtd:output.obj
[...]
 0002:00024948       ___rtc_iaa                 004d3948     LIBCMTD:_initsect_.obj
 0002:00024a4c       ___rtc_izz                 004d3a4c     LIBCMTD:_initsect_.obj
 0002:00024b50       ___rtc_taa                 004d3b50     LIBCMTD:_initsect_.obj
 0002:00024c54       ___rtc_tzz                 004d3c54     LIBCMTD:_initsect_.obj
 0002:00025af8       __TI2?AVbad_exception@std@@ 004d4af8     libvcruntimed:frame.obj
 0002:00025b0c       __CTA2?AVbad_exception@std@@ 004d4b0c     libvcruntimed:frame.obj
 0002:00025b1c       __CT??_R0?AVbad_exception@std@@@8??0bad_exception@std@@QAE@ABV01@@Z12 004d4b1c     libvcruntimed:frame.obj
 0002:00025b3c       __CT??_R0?AVexception@std@@@8??0exception@std@@QAE@ABV01@@Z12 004d4b3c     libvcruntimed:frame.obj
 0003:00000010       _directives                004d5010     l_precomp.obj
 0003:000000b0       _dollardirectives          004d50b0     l_precomp.obj
 0003:00000190       _default_punctuations      004d5190     l_script.obj
 0003:0000048c       ___security_cookie_complement 004d548c     LIBCMTD:gs_cookie.obj
 0003:00000490       ___security_cookie         004d5490     LIBCMTD:gs_cookie.obj
 0003:000004a0       __fltused                  004d54a0     LIBCMTD:fltused.obj
 0003:000004a4       ___scrt_native_dllmain_reason 004d54a4     LIBCMTD:utility.obj
 0003:000004a8       ___scrt_default_matherr    004d54a8     LIBCMTD:matherr.obj
 0003:000004ac       ___isa_enabled             004d54ac     LIBCMTD:_cpu_disp_.obj
 0003:000004c0       __NLG_Destination          004d54c0     libvcruntimed:_exsup_.obj
 0003:000004d8       __iob                      004d54d8     libucrtd:_file.obj
 0003:000005b8       __crtDbgFlag               004d55b8     libucrtd:debug_heap.obj
 0003:000005bc       __crtBreakAlloc            004d55bc     libucrtd:debug_heap.obj
 0003:000005c0       ___abort_behavior          004d55c0     libucrtd:abort.obj
 0003:000005d0       ___badioinfo               004d55d0     libucrtd:ioinit.obj
 0003:00000610       __lookuptrailbytes         004d5610     libucrtd:read.obj
 0003:0000074c       ___mb_cur_max              004d574c     libucrtd:nlsdata.obj
 0003:00000750       ___acrt_initial_locale_data 004d5750     libucrtd:nlsdata.obj
 0003:0000082c       ___acrt_initial_locale_pointers 004d582c     libucrtd:nlsdata.obj
 0003:00000838       ___acrt_wide_c_locale_string 004d5838     libucrtd:nlsdata.obj
 0003:00000968       __mbctype                  004d5968     libucrtd:mbctype.obj
 0003:00000aa0       __mbcasemap                004d5aa0     libucrtd:mbctype.obj
 0003:00000bd8       ___acrt_initial_multibyte_data 004d5bd8     libucrtd:mbctype.obj
 0003:00000e64       ___acrt_current_multibyte_data 004d5e64     libucrtd:mbctype.obj
 0003:00000e68       __pctype                   004d5e68     libucrtd:ctype.obj
 0003:00000e6c       __pwctype                  004d5e6c     libucrtd:ctype.obj
 0003:00000e70       ___acrt_lconv_static_decimal 004d5e70     libucrtd:localeconv.obj
 0003:00000e74       ___acrt_lconv_static_W_decimal 004d5e74     libucrtd:localeconv.obj
 0003:00000e78       ___acrt_lconv_c            004d5e78     libucrtd:localeconv.obj
 0003:00000ed8       ___acrt_lconv              004d5ed8     libucrtd:localeconv.obj
 0003:00000edc       ___globallocalestatus      004d5edc     libucrtd:glstatus.obj
 0003:00000ee4       __pfnAllocHook             004d5ee4     libucrtd:debug_heap_hook.obj
 0003:00000ee8       __CrtDbgMode               004d5ee8     libucrtd:dbgrptt.obj
 0003:00000ef8       __CrtDbgFile               004d5ef8     libucrtd:dbgrptt.obj
 0003:00000f08       __crtAssertBusy            004d5f08     libucrtd:dbgrptt.obj
 0003:00000fe0       ___dcrt_lowio_console_output_handle 004d5fe0     libucrtd:initcon.obj
 0003:00001128       ??_R0?AVDNameNode@@@8      004d6128     libvcruntimed:undname.obj
 0003:00001144       ??_R0?AVcharNode@@@8       004d6144     libvcruntimed:undname.obj
 0003:00001160       ??_R0?AVpcharNode@@@8      004d6160     libvcruntimed:undname.obj
 0003:0000117c       ??_R0?AVpDNameNode@@@8     004d617c     libvcruntimed:undname.obj
 0003:0000119c       ??_R0?AVDNameStatusNode@@@8 004d619c     libvcruntimed:undname.obj
 0003:000011c0       ??_R0?AVpairNode@@@8       004d61c0     libvcruntimed:undname.obj
 0003:000011dc       ??_R0?AVtype_info@@@8      004d61dc     LIBCMTD:std_type_info_static.obj
 0003:000011f8       ??_R0?AVbad_exception@std@@@8 004d61f8     libvcruntimed:frame.obj
 0003:00001220       ??_R0?AVexception@std@@@8  004d6220     libvcruntimed:frame.obj
 0003:00001244       ??_R0?AVbad_alloc@std@@@8  004d6244     libvcruntimed:frame.obj
 0003:00001380       _verbose                   004d6380     extractfuncs.obj
 0003:00001384       _tokenListHead             004d6384     extractfuncs.obj
 0003:0000174c       ___scrt_current_native_startup_state 004d674c     LIBCMTD:utility.obj
 0003:00001750       ___scrt_native_startup_lock 004d6750     LIBCMTD:utility.obj
 0003:00001778       ?__type_info_root_node@@3U__type_info_node@@A 004d6778     LIBCMTD:tncleanup.obj
 0003:00001788       ?_OptionsStorage@?1??__local_stdio_printf_options@@9@4_KA 004d6788     LIBCMTD:default_local_stdio_options.obj
 0003:00001798       ?_OptionsStorage@?1??__local_stdio_scanf_options@@9@4_KA 004d6798     LIBCMTD:default_local_stdio_options.obj
 0003:000017a4       ___scrt_debugger_hook_flag 004d67a4     LIBCMTD:utility_desktop.obj
 0003:000017a8       ___isa_available           004d67a8     LIBCMTD:_cpu_disp_.obj
 0003:000017ac       ___favor                   004d67ac     LIBCMTD:_cpu_disp_.obj
 0003:00001848       ___pPurecall               004d6848     libvcruntimed:purevirt_data.obj
 0003:0000184c       ?pArgList@UnDecorator@@0PAVReplicator@@A 004d684c     libvcruntimed:undname.obj
 0003:00001850       ?pZNameList@UnDecorator@@0PAVReplicator@@A 004d6850     libvcruntimed:undname.obj
 0003:00001854       ?pTemplateArgList@UnDecorator@@0PAVReplicator@@A 004d6854     libvcruntimed:undname.obj
 0003:00001858       ?gName@UnDecorator@@0PBDB  004d6858     libvcruntimed:undname.obj
 0003:0000185c       ?name@UnDecorator@@0PBDB   004d685c     libvcruntimed:undname.obj
 0003:00001860       ?outputString@UnDecorator@@0PADA 004d6860     libvcruntimed:undname.obj
 0003:00001864       ?maxStringLength@UnDecorator@@0HA 004d6864     libvcruntimed:undname.obj
 0003:00001868       ?disableFlags@UnDecorator@@0KA 004d6868     libvcruntimed:undname.obj
 0003:0000186c       ?fExplicitTemplateParams@UnDecorator@@0_NA 004d686c     libvcruntimed:undname.obj
 0003:0000186d       ?fGetTemplateArgumentList@UnDecorator@@0_NA 004d686d     libvcruntimed:undname.obj
 0003:00001870       ?m_pGetParameter@UnDecorator@@0P6APADJ@ZA 004d6870     libvcruntimed:undname.obj
 0003:000018f8       ?nodes@?1??make@DNameStatusNode@@SAPAV2@W4DNameStatus@@@Z@4PAV2@A 004d68f8     libvcruntimed:undname.obj
 0003:00001934       ??_B?1??make@DNameStatusNode@@SAPAV1@W4DNameStatus@@@Z@51 004d6934     libvcruntimed:undname.obj
 0003:00001938       __nstream                  004d6938     libucrtd:_file.obj
 0003:0000193c       ___piob                    004d693c     libucrtd:_file.obj
 0003:00001944       __cflush                   004d6944     libucrtd:_file.obj
 0003:00002474       __environ_table            004d7474     libucrtd:environment_initialization.obj
 0003:00002478       __wenviron_table           004d7478     libucrtd:environment_initialization.obj
 0003:00002480       ___dcrt_initial_wide_environment 004d7480     libucrtd:environment_initialization.obj
 0003:00002484       ___dcrt_initial_narrow_environment 004d7484     libucrtd:environment_initialization.obj
 0003:00002488       ___argc                    004d7488     libucrtd:argv_data.obj
 0003:0000248c       ___argv                    004d748c     libucrtd:argv_data.obj
 0003:00002490       ___wargv                   004d7490     libucrtd:argv_data.obj
 0003:00002494       __acmdln                   004d7494     libucrtd:argv_data.obj
 0003:00002498       __wcmdln                   004d7498     libucrtd:argv_data.obj
 0003:0000249c       __pgmptr                   004d749c     libucrtd:argv_data.obj
 0003:000024a0       __wpgmptr                  004d74a0     libucrtd:argv_data.obj
 0003:000024a4       ___acrt_locale_changed_data 004d74a4     libucrtd:wsetlocale.obj
 0003:000024ac       __commode                  004d74ac     libucrtd:ncommode.obj
 0003:000024b0       ___acrt_atexit_table       004d74b0     libucrtd:onexit.obj
 0003:000024c0       ___acrt_at_quick_exit_table 004d74c0     libucrtd:onexit.obj
 0003:000024ec       __pfnDumpClient            004d74ec     libucrtd:debug_heap.obj
 0003:00002600       ___pioinfo                 004d7600     libucrtd:ioinit.obj
 0003:00002868       __nhandle                  004d7868     libucrtd:ioinit.obj
 0003:00002870       ___acrt_stdout_buffer      004d7870     libucrtd:_sftbuf.obj
 0003:00002874       ___acrt_stderr_buffer      004d7874     libucrtd:_sftbuf.obj
 0003:00002878       ___acrt_current_locale_data 004d7878     libucrtd:nlsdata.obj
 0003:00002a60       ___mbcodepage              004d7a60     libucrtd:mbctype.obj
 0003:00002a64       ___ismbcodepage            004d7a64     libucrtd:mbctype.obj
 0003:00002a68       ___mbulinfo                004d7a68     libucrtd:mbctype.obj
 0003:00002a7c       ___mblocalename            004d7a7c     libucrtd:mbctype.obj
 0003:00002a84       __fmode                    004d7a84     libucrtd:txtmode.obj
 0003:00002a88       ___acrt_lconv_static_null  004d7a88     libucrtd:localeconv.obj
 0003:00002a8c       ___acrt_lconv_static_W_null 004d7a8c     libucrtd:localeconv.obj
 0003:00002a90       ___acrt_heap               004d7a90     libucrtd:heap_handle.obj
 0003:00002ab0       __pReportHookListW         004d7ab0     libucrtd:dbgrptt.obj
 0003:00002ab4       __pfnReportHook            004d7ab4     libucrtd:dbgrptt.obj
 0003:00002ab8       __pReportHookList          004d7ab8     libucrtd:dbgrptt.obj
 0003:00002ac0       ?_timezone@@3V?$dual_state_global@J@__crt_state_management@@A 004d7ac0     libucrtd:timeset.obj
 0003:00002ac4       ?_daylight@@3V?$dual_state_global@H@__crt_state_management@@A 004d7ac4     libucrtd:timeset.obj
 0003:00002ac8       ?_dstbias@@3V?$dual_state_global@J@__crt_state_management@@A 004d7ac8     libucrtd:timeset.obj
 0003:00002bb4       __umaskval                 004d7bb4     libucrtd:umask.obj
 0003:00002bb8       ___fastflag                004d7bb8     libucrtd:fp_flags.obj
 0003:00002bc0       ?g_OutOfMemoryExceptionCallback@@3P6GPAXXZA 004d7bc0     libvcruntimed:frame.obj
 0003:00002bc4       _globaldefines             004d7bc4     <common>
 0003:00002bd4       _numtokens                 004d7bd4     <common>
 0003:00002bd8       _numblocks                 004d7bd8     <common>
 0003:00002be8       _totalmemorysize           004d7be8     <common>
 0003:00002bec       _allocatedmemory           004d7bec     <common>
 0003:00002c00       _logfile                   004d7c00     <common>
 0003:000030e0       ?_OptionsStorage@?1??__local_stdio_printf_options@@9@9 004d80e0     <common>
 0003:00006700       _tokenList                 004db700     <common>
 0003:00017500       _numfuncs                  004ec500     <common>
 0003:00017504       _replacefuncs              004ec504     <common>
 0003:00017508       ___scrt_ucrt_dll_is_in_use 004ec508     <common>
 0003:00017514       ___dyn_tls_dtor_callback   004ec514     <common>
 0003:00017520       ___dyn_tls_init_callback   004ec520     <common>
 0003:0001752c       __pmatherr                 004ec52c     <common>
 0003:00017538       ___use_sse2_mathfcns       004ec538     <common>
 0004:00000000       __imp__FindFirstFileA@8    004ed000     kernel32:KERNEL32.dll
 0004:00000004       __imp__FindNextFileA@8     004ed004     kernel32:KERNEL32.dll
 0004:00000008       __imp__UnhandledExceptionFilter@4 004ed008     kernel32:KERNEL32.dll
 0004:0000000c       __imp__SetUnhandledExceptionFilter@4 004ed00c     kernel32:KERNEL32.dll
 0004:00000010       __imp__GetCurrentProcess@0 004ed010     kernel32:KERNEL32.dll
 0004:00000014       __imp__TerminateProcess@8  004ed014     kernel32:KERNEL32.dll
 0004:00000018       __imp__IsProcessorFeaturePresent@4 004ed018     kernel32:KERNEL32.dll
 0004:0000001c       __imp__QueryPerformanceCounter@4 004ed01c     kernel32:KERNEL32.dll
 0004:00000020       __imp__GetCurrentProcessId@0 004ed020     kernel32:KERNEL32.dll
 0004:00000024       __imp__GetCurrentThreadId@0 004ed024     kernel32:KERNEL32.dll
 0004:00000028       __imp__GetSystemTimeAsFileTime@4 004ed028     kernel32:KERNEL32.dll
 0004:0000002c       __imp__InitializeSListHead@4 004ed02c     kernel32:KERNEL32.dll
 0004:00000030       __imp__IsDebuggerPresent@0 004ed030     kernel32:KERNEL32.dll
 0004:00000034       __imp__GetStartupInfoW@4   004ed034     kernel32:KERNEL32.dll
 0004:00000038       __imp__GetModuleHandleW@4  004ed038     kernel32:KERNEL32.dll
 0004:0000003c       __imp__InterlockedPushEntrySList@8 004ed03c     kernel32:KERNEL32.dll
 0004:00000040       __imp__InterlockedFlushSList@4 004ed040     kernel32:KERNEL32.dll
 0004:00000044       __imp__RtlUnwind@16        004ed044     kernel32:KERNEL32.dll
 0004:00000048       __imp__GetLastError@0      004ed048     kernel32:KERNEL32.dll
 0004:0000004c       __imp__SetLastError@4      004ed04c     kernel32:KERNEL32.dll
 0004:00000050       __imp__EnterCriticalSection@4 004ed050     kernel32:KERNEL32.dll
 0004:00000054       __imp__LeaveCriticalSection@4 004ed054     kernel32:KERNEL32.dll
 0004:00000058       __imp__DeleteCriticalSection@4 004ed058     kernel32:KERNEL32.dll
 0004:0000005c       __imp__InitializeCriticalSectionAndSpinCount@8 004ed05c     kernel32:KERNEL32.dll
 0004:00000060       __imp__TlsAlloc@0          004ed060     kernel32:KERNEL32.dll
 0004:00000064       __imp__TlsGetValue@4       004ed064     kernel32:KERNEL32.dll
 0004:00000068       __imp__TlsSetValue@8       004ed068     kernel32:KERNEL32.dll
 0004:0000006c       __imp__TlsFree@4           004ed06c     kernel32:KERNEL32.dll
 0004:00000070       __imp__FreeLibrary@4       004ed070     kernel32:KERNEL32.dll
 0004:00000074       __imp__GetProcAddress@8    004ed074     kernel32:KERNEL32.dll
 0004:00000078       __imp__LoadLibraryExW@12   004ed078     kernel32:KERNEL32.dll
 0004:0000007c       __imp__ReadFile@20         004ed07c     kernel32:KERNEL32.dll
 0004:00000080       __imp__MultiByteToWideChar@24 004ed080     kernel32:KERNEL32.dll
 0004:00000084       __imp__ExitProcess@4       004ed084     kernel32:KERNEL32.dll
 0004:00000088       __imp__GetModuleHandleExW@12 004ed088     kernel32:KERNEL32.dll
 0004:0000008c       __imp__RaiseException@16   004ed08c     kernel32:KERNEL32.dll
 0004:00000090       __imp__GetStdHandle@4      004ed090     kernel32:KERNEL32.dll
 0004:00000094       __imp__WriteFile@20        004ed094     kernel32:KERNEL32.dll
 0004:00000098       __imp__GetModuleFileNameW@12 004ed098     kernel32:KERNEL32.dll
 0004:0000009c       __imp__GetModuleFileNameA@12 004ed09c     kernel32:KERNEL32.dll
 0004:000000a0       __imp__WideCharToMultiByte@32 004ed0a0     kernel32:KERNEL32.dll
 0004:000000a4       __imp__GetCommandLineA@0   004ed0a4     kernel32:KERNEL32.dll
 0004:000000a8       __imp__GetCommandLineW@0   004ed0a8     kernel32:KERNEL32.dll
 0004:000000ac       __imp__GetACP@0            004ed0ac     kernel32:KERNEL32.dll
 0004:000000b0       __imp__HeapAlloc@12        004ed0b0     kernel32:KERNEL32.dll
 0004:000000b4       __imp__HeapValidate@12     004ed0b4     kernel32:KERNEL32.dll
 0004:000000b8       __imp__GetSystemInfo@4     004ed0b8     kernel32:KERNEL32.dll
 0004:000000bc       __imp__GetDateFormatW@24   004ed0bc     kernel32:KERNEL32.dll
 0004:000000c0       __imp__GetTimeFormatW@24   004ed0c0     kernel32:KERNEL32.dll
 0004:000000c4       __imp__CompareStringW@24   004ed0c4     kernel32:KERNEL32.dll
 0004:000000c8       __imp__LCMapStringW@24     004ed0c8     kernel32:KERNEL32.dll
 0004:000000cc       __imp__GetLocaleInfoW@16   004ed0cc     kernel32:KERNEL32.dll
 0004:000000d0       __imp__IsValidLocale@8     004ed0d0     kernel32:KERNEL32.dll
 0004:000000d4       __imp__GetUserDefaultLCID@0 004ed0d4     kernel32:KERNEL32.dll
 0004:000000d8       __imp__EnumSystemLocalesW@8 004ed0d8     kernel32:KERNEL32.dll
 0004:000000dc       __imp__GetFileType@4       004ed0dc     kernel32:KERNEL32.dll
 0004:000000e0       __imp__CloseHandle@4       004ed0e0     kernel32:KERNEL32.dll
 0004:000000e4       __imp__GetConsoleMode@8    004ed0e4     kernel32:KERNEL32.dll
 0004:000000e8       __imp__ReadConsoleW@20     004ed0e8     kernel32:KERNEL32.dll
 0004:000000ec       __imp__SetFilePointerEx@20 004ed0ec     kernel32:KERNEL32.dll
 0004:000000f0       __imp__DeleteFileW@4       004ed0f0     kernel32:KERNEL32.dll
 0004:000000f4       __imp__MoveFileExW@12      004ed0f4     kernel32:KERNEL32.dll
 0004:000000f8       __imp__GetCurrentThread@0  004ed0f8     kernel32:KERNEL32.dll
 0004:000000fc       __imp__FlushFileBuffers@4  004ed0fc     kernel32:KERNEL32.dll
 0004:00000100       __imp__GetConsoleCP@0      004ed100     kernel32:KERNEL32.dll
 0004:00000104       __imp__OutputDebugStringA@4 004ed104     kernel32:KERNEL32.dll
 0004:00000108       __imp__OutputDebugStringW@4 004ed108     kernel32:KERNEL32.dll
 0004:0000010c       __imp__WaitForSingleObjectEx@12 004ed10c     kernel32:KERNEL32.dll
 0004:00000110       __imp__CreateThread@24     004ed110     kernel32:KERNEL32.dll
 0004:00000114       __imp__FindClose@4         004ed114     kernel32:KERNEL32.dll
 0004:00000118       __imp__FindFirstFileExA@24 004ed118     kernel32:KERNEL32.dll
 0004:0000011c       __imp__FindFirstFileExW@24 004ed11c     kernel32:KERNEL32.dll
 0004:00000120       __imp__FindNextFileW@8     004ed120     kernel32:KERNEL32.dll
 0004:00000124       __imp__IsValidCodePage@4   004ed124     kernel32:KERNEL32.dll
 0004:00000128       __imp__GetOEMCP@0          004ed128     kernel32:KERNEL32.dll
 0004:0000012c       __imp__GetCPInfo@8         004ed12c     kernel32:KERNEL32.dll
 0004:00000130       __imp__GetEnvironmentStringsW@0 004ed130     kernel32:KERNEL32.dll
 0004:00000134       __imp__FreeEnvironmentStringsW@4 004ed134     kernel32:KERNEL32.dll
 0004:00000138       __imp__SetEnvironmentVariableA@8 004ed138     kernel32:KERNEL32.dll
 0004:0000013c       __imp__SetEnvironmentVariableW@8 004ed13c     kernel32:KERNEL32.dll
 0004:00000140       __imp__SetStdHandle@8      004ed140     kernel32:KERNEL32.dll
 0004:00000144       __imp__GetStringTypeW@16   004ed144     kernel32:KERNEL32.dll
 0004:00000148       __imp__GetProcessHeap@0    004ed148     kernel32:KERNEL32.dll
 0004:0000014c       __imp__SetConsoleCtrlHandler@8 004ed14c     kernel32:KERNEL32.dll
 0004:00000150       __imp__HeapFree@12         004ed150     kernel32:KERNEL32.dll
 0004:00000154       __imp__HeapReAlloc@16      004ed154     kernel32:KERNEL32.dll
 0004:00000158       __imp__HeapSize@12         004ed158     kernel32:KERNEL32.dll
 0004:0000015c       __imp__HeapQueryInformation@20 004ed15c     kernel32:KERNEL32.dll
 0004:00000160       __imp__WriteConsoleW@20    004ed160     kernel32:KERNEL32.dll
 0004:00000164       __imp__CreateFileW@28      004ed164     kernel32:KERNEL32.dll
 0004:00000168       __imp__GetTimeZoneInformation@4 004ed168     kernel32:KERNEL32.dll
 0004:0000016c       __imp__SetEndOfFile@4      004ed16c     kernel32:KERNEL32.dll
 0004:00000170       __imp__EncodePointer@4     004ed170     kernel32:KERNEL32.dll
 0004:00000174       __imp__DecodePointer@4     004ed174     kernel32:KERNEL32.dll
 0004:00000178       \177KERNEL32_NULL_THUNK_DATA 004ed178     kernel32:KERNEL32.dll
 0004:000001ec       __IMPORT_DESCRIPTOR_KERNEL32 004ed1ec     kernel32:KERNEL32.dll
 0004:00000200       __NULL_IMPORT_DESCRIPTOR   004ed200     kernel32:KERNEL32.dll
 0006:00000000       ___guard_check_icall_fptr  004ef000     LIBCMTD:guard_support.obj
